Archive member included to satisfy reference by file (symbol)

c:/program files (x86)/atmel/studio/7.0/toolchain/avr8/avr8-gnu-toolchain/bin/../lib/gcc/avr/5.4.0/avr25\libgcc.a(_mulhi3.o)
                              ws2812.o (__mulhi3)
c:/program files (x86)/atmel/studio/7.0/toolchain/avr8/avr8-gnu-toolchain/bin/../lib/gcc/avr/5.4.0/avr25\libgcc.a(_udivmodhi4.o)
                              usbdevice.o (__udivmodhi4)
c:/program files (x86)/atmel/studio/7.0/toolchain/avr8/avr8-gnu-toolchain/bin/../lib/gcc/avr/5.4.0/avr25\libgcc.a(_exit.o)
                              c:/program files (x86)/atmel/studio/7.0/toolchain/avr8/avr8-gnu-toolchain/bin/../lib/gcc/avr/5.4.0/../../../../avr/lib/avr25/crtattiny85.o (exit)
c:/program files (x86)/atmel/studio/7.0/toolchain/avr8/avr8-gnu-toolchain/bin/../lib/gcc/avr/5.4.0/avr25\libgcc.a(_copy_data.o)
                              tinykey.o (__do_copy_data)
c:/program files (x86)/atmel/studio/7.0/toolchain/avr8/avr8-gnu-toolchain/bin/../lib/gcc/avr/5.4.0/avr25\libgcc.a(_clear_bss.o)
                              Functions.o (__do_clear_bss)
c:/program files (x86)/atmel/studio/7.0/toolchain/avr8/avr8-gnu-toolchain/bin/../lib/gcc/avr/5.4.0/../../../../avr/lib/avr25\libattiny85.a(eerd_byte.o)
                              Functions.o (eeprom_read_byte)
c:/program files (x86)/atmel/studio/7.0/toolchain/avr8/avr8-gnu-toolchain/bin/../lib/gcc/avr/5.4.0/../../../../avr/lib/avr25\libattiny85.a(eerd_word.o)
                              Functions.o (eeprom_read_word)
c:/program files (x86)/atmel/studio/7.0/toolchain/avr8/avr8-gnu-toolchain/bin/../lib/gcc/avr/5.4.0/../../../../avr/lib/avr25\libattiny85.a(eewr_word.o)
                              Functions.o (eeprom_write_word)
c:/program files (x86)/atmel/studio/7.0/toolchain/avr8/avr8-gnu-toolchain/bin/../lib/gcc/avr/5.4.0/../../../../avr/lib/avr25\libattiny85.a(eerd_block.o)
                              c:/program files (x86)/atmel/studio/7.0/toolchain/avr8/avr8-gnu-toolchain/bin/../lib/gcc/avr/5.4.0/../../../../avr/lib/avr25\libattiny85.a(eerd_word.o) (eeprom_read_blraw)
c:/program files (x86)/atmel/studio/7.0/toolchain/avr8/avr8-gnu-toolchain/bin/../lib/gcc/avr/5.4.0/../../../../avr/lib/avr25\libattiny85.a(eewr_byte.o)
                              c:/program files (x86)/atmel/studio/7.0/toolchain/avr8/avr8-gnu-toolchain/bin/../lib/gcc/avr/5.4.0/../../../../avr/lib/avr25\libattiny85.a(eewr_word.o) (eeprom_write_byte)

Allocating common symbols
Common symbol       size              file

usbTxBuf            0xb               usbdrv/usbdrv.o
raw_report_out      0x8               Functions.o
rgb_fixcolor        0x6               Functions.o
keyboard_report     0x3               Functions.o
usbTxStatus1        0xc               usbdrv/usbdrv.o
keyboard_buffer     0x6               Functions.o
delay_val           0x2               tinykey.o
rq                  0x2               usbdevice.o
r                   0x1               tinykey.o
i                   0x1               tinykey.o
usbDeviceAddr       0x1               usbdrv/usbdrv.o
mouse_report        0xc               Functions.o
usbRxToken          0x1               usbdrv/usbdrv.o
usbInputBufOffset   0x1               usbdrv/usbdrv.o
c                   0x1               tinykey.o
mouse_buffer        0xa               Functions.o
ws2812_buffer       0x6               tinykey.o
macro_report        0x1               Functions.o
FN                  0x1               tinykey.o
usbMsgPtr           0x2               usbdrv/usbdrv.o
usbRxLen            0x1               usbdrv/usbdrv.o
usbNewDeviceAddr    0x1               usbdrv/usbdrv.o
usbCurrentTok       0x1               usbdrv/usbdrv.o
macro_buffer        0x1               Functions.o
usbConfiguration    0x1               usbdrv/usbdrv.o
rgb_type            0x1               Functions.o
usbRxBuf            0x16              usbdrv/usbdrv.o
usbTxStatus3        0xc               usbdrv/usbdrv.o

Discarded input sections

 .data          0x00000000        0x0 c:/program files (x86)/atmel/studio/7.0/toolchain/avr8/avr8-gnu-toolchain/bin/../lib/gcc/avr/5.4.0/../../../../avr/lib/avr25/crtattiny85.o
 .bss           0x00000000        0x0 c:/program files (x86)/atmel/studio/7.0/toolchain/avr8/avr8-gnu-toolchain/bin/../lib/gcc/avr/5.4.0/../../../../avr/lib/avr25/crtattiny85.o
 .text          0x00000000        0x0 Functions.o
 .data          0x00000000        0x0 Functions.o
 .bss           0x00000000        0x0 Functions.o
 .text.pinMode  0x00000000       0x32 Functions.o
 .text.digitalWrite
                0x00000000       0x32 Functions.o
 .text          0x00000000        0x0 main.o
 .data          0x00000000        0x0 main.o
 .bss           0x00000000        0x0 main.o
 .text          0x00000000        0x0 tinykey.o
 .data          0x00000000        0x0 tinykey.o
 .bss           0x00000000        0x0 tinykey.o
 .text          0x00000000        0x0 usbdevice.o
 .data          0x00000000        0x0 usbdevice.o
 .bss           0x00000000        0x0 usbdevice.o
 .text.usbUpdate
                0x00000000        0x2 usbdevice.o
 .text.MousePrintMousekey
                0x00000000       0x82 usbdevice.o
 .text          0x00000000        0x0 usbdrv/oddebug.o
 .data          0x00000000        0x0 usbdrv/oddebug.o
 .bss           0x00000000        0x0 usbdrv/oddebug.o
 .debug_info    0x00000000       0x56 usbdrv/oddebug.o
 .debug_abbrev  0x00000000       0x26 usbdrv/oddebug.o
 .debug_aranges
                0x00000000       0x18 usbdrv/oddebug.o
 .debug_line    0x00000000       0x1a usbdrv/oddebug.o
 .debug_str     0x00000000      0x166 usbdrv/oddebug.o
 .comment       0x00000000       0x31 usbdrv/oddebug.o
 .text          0x00000000        0x0 usbdrv/usbdrv.o
 .data          0x00000000        0x0 usbdrv/usbdrv.o
 .bss           0x00000000        0x0 usbdrv/usbdrv.o
 .data          0x00000000        0x0 usbdrv/usbdrvasm.o
 .bss           0x00000000        0x0 usbdrv/usbdrvasm.o
 .text          0x00000000        0x0 ws2812.o
 .data          0x00000000        0x0 ws2812.o
 .bss           0x00000000        0x0 ws2812.o
 .text.ws2812SetHSV
                0x00000000      0x10e ws2812.o
 .text.ws2812Send
                0x00000000       0x62 ws2812.o
 .text          0x00000000        0x0 c:/program files (x86)/atmel/studio/7.0/toolchain/avr8/avr8-gnu-toolchain/bin/../lib/gcc/avr/5.4.0/avr25\libgcc.a(_mulhi3.o)
 .data          0x00000000        0x0 c:/program files (x86)/atmel/studio/7.0/toolchain/avr8/avr8-gnu-toolchain/bin/../lib/gcc/avr/5.4.0/avr25\libgcc.a(_mulhi3.o)
 .bss           0x00000000        0x0 c:/program files (x86)/atmel/studio/7.0/toolchain/avr8/avr8-gnu-toolchain/bin/../lib/gcc/avr/5.4.0/avr25\libgcc.a(_mulhi3.o)
 .text.libgcc.div
                0x00000000        0x0 c:/program files (x86)/atmel/studio/7.0/toolchain/avr8/avr8-gnu-toolchain/bin/../lib/gcc/avr/5.4.0/avr25\libgcc.a(_mulhi3.o)
 .text.libgcc   0x00000000        0x0 c:/program files (x86)/atmel/studio/7.0/toolchain/avr8/avr8-gnu-toolchain/bin/../lib/gcc/avr/5.4.0/avr25\libgcc.a(_mulhi3.o)
 .text.libgcc.prologue
                0x00000000        0x0 c:/program files (x86)/atmel/studio/7.0/toolchain/avr8/avr8-gnu-toolchain/bin/../lib/gcc/avr/5.4.0/avr25\libgcc.a(_mulhi3.o)
 .text.libgcc.builtins
                0x00000000        0x0 c:/program files (x86)/atmel/studio/7.0/toolchain/avr8/avr8-gnu-toolchain/bin/../lib/gcc/avr/5.4.0/avr25\libgcc.a(_mulhi3.o)
 .text.libgcc.fmul
                0x00000000        0x0 c:/program files (x86)/atmel/studio/7.0/toolchain/avr8/avr8-gnu-toolchain/bin/../lib/gcc/avr/5.4.0/avr25\libgcc.a(_mulhi3.o)
 .text.libgcc.fixed
                0x00000000        0x0 c:/program files (x86)/atmel/studio/7.0/toolchain/avr8/avr8-gnu-toolchain/bin/../lib/gcc/avr/5.4.0/avr25\libgcc.a(_mulhi3.o)
 .text          0x00000000        0x0 c:/program files (x86)/atmel/studio/7.0/toolchain/avr8/avr8-gnu-toolchain/bin/../lib/gcc/avr/5.4.0/avr25\libgcc.a(_udivmodhi4.o)
 .data          0x00000000        0x0 c:/program files (x86)/atmel/studio/7.0/toolchain/avr8/avr8-gnu-toolchain/bin/../lib/gcc/avr/5.4.0/avr25\libgcc.a(_udivmodhi4.o)
 .bss           0x00000000        0x0 c:/program files (x86)/atmel/studio/7.0/toolchain/avr8/avr8-gnu-toolchain/bin/../lib/gcc/avr/5.4.0/avr25\libgcc.a(_udivmodhi4.o)
 .text.libgcc.mul
                0x00000000        0x0 c:/program files (x86)/atmel/studio/7.0/toolchain/avr8/avr8-gnu-toolchain/bin/../lib/gcc/avr/5.4.0/avr25\libgcc.a(_udivmodhi4.o)
 .text.libgcc   0x00000000        0x0 c:/program files (x86)/atmel/studio/7.0/toolchain/avr8/avr8-gnu-toolchain/bin/../lib/gcc/avr/5.4.0/avr25\libgcc.a(_udivmodhi4.o)
 .text.libgcc.prologue
                0x00000000        0x0 c:/program files (x86)/atmel/studio/7.0/toolchain/avr8/avr8-gnu-toolchain/bin/../lib/gcc/avr/5.4.0/avr25\libgcc.a(_udivmodhi4.o)
 .text.libgcc.builtins
                0x00000000        0x0 c:/program files (x86)/atmel/studio/7.0/toolchain/avr8/avr8-gnu-toolchain/bin/../lib/gcc/avr/5.4.0/avr25\libgcc.a(_udivmodhi4.o)
 .text.libgcc.fmul
                0x00000000        0x0 c:/program files (x86)/atmel/studio/7.0/toolchain/avr8/avr8-gnu-toolchain/bin/../lib/gcc/avr/5.4.0/avr25\libgcc.a(_udivmodhi4.o)
 .text.libgcc.fixed
                0x00000000        0x0 c:/program files (x86)/atmel/studio/7.0/toolchain/avr8/avr8-gnu-toolchain/bin/../lib/gcc/avr/5.4.0/avr25\libgcc.a(_udivmodhi4.o)
 .text          0x00000000        0x0 c:/program files (x86)/atmel/studio/7.0/toolchain/avr8/avr8-gnu-toolchain/bin/../lib/gcc/avr/5.4.0/avr25\libgcc.a(_exit.o)
 .data          0x00000000        0x0 c:/program files (x86)/atmel/studio/7.0/toolchain/avr8/avr8-gnu-toolchain/bin/../lib/gcc/avr/5.4.0/avr25\libgcc.a(_exit.o)
 .bss           0x00000000        0x0 c:/program files (x86)/atmel/studio/7.0/toolchain/avr8/avr8-gnu-toolchain/bin/../lib/gcc/avr/5.4.0/avr25\libgcc.a(_exit.o)
 .text.libgcc.mul
                0x00000000        0x0 c:/program files (x86)/atmel/studio/7.0/toolchain/avr8/avr8-gnu-toolchain/bin/../lib/gcc/avr/5.4.0/avr25\libgcc.a(_exit.o)
 .text.libgcc.div
                0x00000000        0x0 c:/program files (x86)/atmel/studio/7.0/toolchain/avr8/avr8-gnu-toolchain/bin/../lib/gcc/avr/5.4.0/avr25\libgcc.a(_exit.o)
 .text.libgcc   0x00000000        0x0 c:/program files (x86)/atmel/studio/7.0/toolchain/avr8/avr8-gnu-toolchain/bin/../lib/gcc/avr/5.4.0/avr25\libgcc.a(_exit.o)
 .text.libgcc.prologue
                0x00000000        0x0 c:/program files (x86)/atmel/studio/7.0/toolchain/avr8/avr8-gnu-toolchain/bin/../lib/gcc/avr/5.4.0/avr25\libgcc.a(_exit.o)
 .text.libgcc.builtins
                0x00000000        0x0 c:/program files (x86)/atmel/studio/7.0/toolchain/avr8/avr8-gnu-toolchain/bin/../lib/gcc/avr/5.4.0/avr25\libgcc.a(_exit.o)
 .text.libgcc.fmul
                0x00000000        0x0 c:/program files (x86)/atmel/studio/7.0/toolchain/avr8/avr8-gnu-toolchain/bin/../lib/gcc/avr/5.4.0/avr25\libgcc.a(_exit.o)
 .text.libgcc.fixed
                0x00000000        0x0 c:/program files (x86)/atmel/studio/7.0/toolchain/avr8/avr8-gnu-toolchain/bin/../lib/gcc/avr/5.4.0/avr25\libgcc.a(_exit.o)
 .text          0x00000000        0x0 c:/program files (x86)/atmel/studio/7.0/toolchain/avr8/avr8-gnu-toolchain/bin/../lib/gcc/avr/5.4.0/avr25\libgcc.a(_copy_data.o)
 .data          0x00000000        0x0 c:/program files (x86)/atmel/studio/7.0/toolchain/avr8/avr8-gnu-toolchain/bin/../lib/gcc/avr/5.4.0/avr25\libgcc.a(_copy_data.o)
 .bss           0x00000000        0x0 c:/program files (x86)/atmel/studio/7.0/toolchain/avr8/avr8-gnu-toolchain/bin/../lib/gcc/avr/5.4.0/avr25\libgcc.a(_copy_data.o)
 .text.libgcc.mul
                0x00000000        0x0 c:/program files (x86)/atmel/studio/7.0/toolchain/avr8/avr8-gnu-toolchain/bin/../lib/gcc/avr/5.4.0/avr25\libgcc.a(_copy_data.o)
 .text.libgcc.div
                0x00000000        0x0 c:/program files (x86)/atmel/studio/7.0/toolchain/avr8/avr8-gnu-toolchain/bin/../lib/gcc/avr/5.4.0/avr25\libgcc.a(_copy_data.o)
 .text.libgcc   0x00000000        0x0 c:/program files (x86)/atmel/studio/7.0/toolchain/avr8/avr8-gnu-toolchain/bin/../lib/gcc/avr/5.4.0/avr25\libgcc.a(_copy_data.o)
 .text.libgcc.prologue
                0x00000000        0x0 c:/program files (x86)/atmel/studio/7.0/toolchain/avr8/avr8-gnu-toolchain/bin/../lib/gcc/avr/5.4.0/avr25\libgcc.a(_copy_data.o)
 .text.libgcc.builtins
                0x00000000        0x0 c:/program files (x86)/atmel/studio/7.0/toolchain/avr8/avr8-gnu-toolchain/bin/../lib/gcc/avr/5.4.0/avr25\libgcc.a(_copy_data.o)
 .text.libgcc.fmul
                0x00000000        0x0 c:/program files (x86)/atmel/studio/7.0/toolchain/avr8/avr8-gnu-toolchain/bin/../lib/gcc/avr/5.4.0/avr25\libgcc.a(_copy_data.o)
 .text.libgcc.fixed
                0x00000000        0x0 c:/program files (x86)/atmel/studio/7.0/toolchain/avr8/avr8-gnu-toolchain/bin/../lib/gcc/avr/5.4.0/avr25\libgcc.a(_copy_data.o)
 .text          0x00000000        0x0 c:/program files (x86)/atmel/studio/7.0/toolchain/avr8/avr8-gnu-toolchain/bin/../lib/gcc/avr/5.4.0/avr25\libgcc.a(_clear_bss.o)
 .data          0x00000000        0x0 c:/program files (x86)/atmel/studio/7.0/toolchain/avr8/avr8-gnu-toolchain/bin/../lib/gcc/avr/5.4.0/avr25\libgcc.a(_clear_bss.o)
 .bss           0x00000000        0x0 c:/program files (x86)/atmel/studio/7.0/toolchain/avr8/avr8-gnu-toolchain/bin/../lib/gcc/avr/5.4.0/avr25\libgcc.a(_clear_bss.o)
 .text.libgcc.mul
                0x00000000        0x0 c:/program files (x86)/atmel/studio/7.0/toolchain/avr8/avr8-gnu-toolchain/bin/../lib/gcc/avr/5.4.0/avr25\libgcc.a(_clear_bss.o)
 .text.libgcc.div
                0x00000000        0x0 c:/program files (x86)/atmel/studio/7.0/toolchain/avr8/avr8-gnu-toolchain/bin/../lib/gcc/avr/5.4.0/avr25\libgcc.a(_clear_bss.o)
 .text.libgcc   0x00000000        0x0 c:/program files (x86)/atmel/studio/7.0/toolchain/avr8/avr8-gnu-toolchain/bin/../lib/gcc/avr/5.4.0/avr25\libgcc.a(_clear_bss.o)
 .text.libgcc.prologue
                0x00000000        0x0 c:/program files (x86)/atmel/studio/7.0/toolchain/avr8/avr8-gnu-toolchain/bin/../lib/gcc/avr/5.4.0/avr25\libgcc.a(_clear_bss.o)
 .text.libgcc.builtins
                0x00000000        0x0 c:/program files (x86)/atmel/studio/7.0/toolchain/avr8/avr8-gnu-toolchain/bin/../lib/gcc/avr/5.4.0/avr25\libgcc.a(_clear_bss.o)
 .text.libgcc.fmul
                0x00000000        0x0 c:/program files (x86)/atmel/studio/7.0/toolchain/avr8/avr8-gnu-toolchain/bin/../lib/gcc/avr/5.4.0/avr25\libgcc.a(_clear_bss.o)
 .text.libgcc.fixed
                0x00000000        0x0 c:/program files (x86)/atmel/studio/7.0/toolchain/avr8/avr8-gnu-toolchain/bin/../lib/gcc/avr/5.4.0/avr25\libgcc.a(_clear_bss.o)
 .text          0x00000000        0x0 c:/program files (x86)/atmel/studio/7.0/toolchain/avr8/avr8-gnu-toolchain/bin/../lib/gcc/avr/5.4.0/../../../../avr/lib/avr25\libattiny85.a(eerd_byte.o)
 .data          0x00000000        0x0 c:/program files (x86)/atmel/studio/7.0/toolchain/avr8/avr8-gnu-toolchain/bin/../lib/gcc/avr/5.4.0/../../../../avr/lib/avr25\libattiny85.a(eerd_byte.o)
 .bss           0x00000000        0x0 c:/program files (x86)/atmel/studio/7.0/toolchain/avr8/avr8-gnu-toolchain/bin/../lib/gcc/avr/5.4.0/../../../../avr/lib/avr25\libattiny85.a(eerd_byte.o)
 .text          0x00000000        0x0 c:/program files (x86)/atmel/studio/7.0/toolchain/avr8/avr8-gnu-toolchain/bin/../lib/gcc/avr/5.4.0/../../../../avr/lib/avr25\libattiny85.a(eerd_word.o)
 .data          0x00000000        0x0 c:/program files (x86)/atmel/studio/7.0/toolchain/avr8/avr8-gnu-toolchain/bin/../lib/gcc/avr/5.4.0/../../../../avr/lib/avr25\libattiny85.a(eerd_word.o)
 .bss           0x00000000        0x0 c:/program files (x86)/atmel/studio/7.0/toolchain/avr8/avr8-gnu-toolchain/bin/../lib/gcc/avr/5.4.0/../../../../avr/lib/avr25\libattiny85.a(eerd_word.o)
 .text          0x00000000        0x0 c:/program files (x86)/atmel/studio/7.0/toolchain/avr8/avr8-gnu-toolchain/bin/../lib/gcc/avr/5.4.0/../../../../avr/lib/avr25\libattiny85.a(eewr_word.o)
 .data          0x00000000        0x0 c:/program files (x86)/atmel/studio/7.0/toolchain/avr8/avr8-gnu-toolchain/bin/../lib/gcc/avr/5.4.0/../../../../avr/lib/avr25\libattiny85.a(eewr_word.o)
 .bss           0x00000000        0x0 c:/program files (x86)/atmel/studio/7.0/toolchain/avr8/avr8-gnu-toolchain/bin/../lib/gcc/avr/5.4.0/../../../../avr/lib/avr25\libattiny85.a(eewr_word.o)
 .text          0x00000000        0x0 c:/program files (x86)/atmel/studio/7.0/toolchain/avr8/avr8-gnu-toolchain/bin/../lib/gcc/avr/5.4.0/../../../../avr/lib/avr25\libattiny85.a(eerd_block.o)
 .data          0x00000000        0x0 c:/program files (x86)/atmel/studio/7.0/toolchain/avr8/avr8-gnu-toolchain/bin/../lib/gcc/avr/5.4.0/../../../../avr/lib/avr25\libattiny85.a(eerd_block.o)
 .bss           0x00000000        0x0 c:/program files (x86)/atmel/studio/7.0/toolchain/avr8/avr8-gnu-toolchain/bin/../lib/gcc/avr/5.4.0/../../../../avr/lib/avr25\libattiny85.a(eerd_block.o)
 .text          0x00000000        0x0 c:/program files (x86)/atmel/studio/7.0/toolchain/avr8/avr8-gnu-toolchain/bin/../lib/gcc/avr/5.4.0/../../../../avr/lib/avr25\libattiny85.a(eewr_byte.o)
 .data          0x00000000        0x0 c:/program files (x86)/atmel/studio/7.0/toolchain/avr8/avr8-gnu-toolchain/bin/../lib/gcc/avr/5.4.0/../../../../avr/lib/avr25\libattiny85.a(eewr_byte.o)
 .bss           0x00000000        0x0 c:/program files (x86)/atmel/studio/7.0/toolchain/avr8/avr8-gnu-toolchain/bin/../lib/gcc/avr/5.4.0/../../../../avr/lib/avr25\libattiny85.a(eewr_byte.o)

Memory Configuration

Name             Origin             Length             Attributes
text             0x00000000         0x00002000         xr
data             0x00800060         0x00000200         rw !x
eeprom           0x00810000         0x00000200         rw !x
fuse             0x00820000         0x00000003         rw !x
lock             0x00830000         0x00000400         rw !x
signature        0x00840000         0x00000400         rw !x
user_signatures  0x00850000         0x00000400         rw !x
*default*        0x00000000         0xffffffff

Linker script and memory map

LOAD c:/program files (x86)/atmel/studio/7.0/toolchain/avr8/avr8-gnu-toolchain/bin/../lib/gcc/avr/5.4.0/../../../../avr/lib/avr25/crtattiny85.o
LOAD Functions.o
LOAD main.o
LOAD tinykey.o
LOAD usbdevice.o
LOAD usbdrv/oddebug.o
LOAD usbdrv/usbdrv.o
LOAD usbdrv/usbdrvasm.o
LOAD ws2812.o
START GROUP
LOAD c:/program files (x86)/atmel/studio/7.0/toolchain/avr8/avr8-gnu-toolchain/bin/../lib/gcc/avr/5.4.0/../../../../avr/lib/avr25\libm.a
END GROUP
START GROUP
LOAD c:/program files (x86)/atmel/studio/7.0/toolchain/avr8/avr8-gnu-toolchain/bin/../lib/gcc/avr/5.4.0/avr25\libgcc.a
LOAD c:/program files (x86)/atmel/studio/7.0/toolchain/avr8/avr8-gnu-toolchain/bin/../lib/gcc/avr/5.4.0/../../../../avr/lib/avr25\libm.a
LOAD c:/program files (x86)/atmel/studio/7.0/toolchain/avr8/avr8-gnu-toolchain/bin/../lib/gcc/avr/5.4.0/../../../../avr/lib/avr25\libc.a
LOAD c:/program files (x86)/atmel/studio/7.0/toolchain/avr8/avr8-gnu-toolchain/bin/../lib/gcc/avr/5.4.0/../../../../avr/lib/avr25\libattiny85.a
END GROUP
                0x00000000                __TEXT_REGION_ORIGIN__ = DEFINED (__TEXT_REGION_ORIGIN__)?__TEXT_REGION_ORIGIN__:0x0
                [0x00800060]                __DATA_REGION_ORIGIN__ = DEFINED (__DATA_REGION_ORIGIN__)?__DATA_REGION_ORIGIN__:0x800060
                [0x00002000]                __TEXT_REGION_LENGTH__ = DEFINED (__TEXT_REGION_LENGTH__)?__TEXT_REGION_LENGTH__:0x2000
                [0x00000200]                __DATA_REGION_LENGTH__ = DEFINED (__DATA_REGION_LENGTH__)?__DATA_REGION_LENGTH__:0xffa0
                [0x00000200]                __EEPROM_REGION_LENGTH__ = DEFINED (__EEPROM_REGION_LENGTH__)?__EEPROM_REGION_LENGTH__:0x10000
                [0x00000003]                __FUSE_REGION_LENGTH__ = DEFINED (__FUSE_REGION_LENGTH__)?__FUSE_REGION_LENGTH__:0x400
                0x00000400                __LOCK_REGION_LENGTH__ = DEFINED (__LOCK_REGION_LENGTH__)?__LOCK_REGION_LENGTH__:0x400
                0x00000400                __SIGNATURE_REGION_LENGTH__ = DEFINED (__SIGNATURE_REGION_LENGTH__)?__SIGNATURE_REGION_LENGTH__:0x400
                0x00000400                __USER_SIGNATURE_REGION_LENGTH__ = DEFINED (__USER_SIGNATURE_REGION_LENGTH__)?__USER_SIGNATURE_REGION_LENGTH__:0x400

.hash
 *(.hash)

.dynsym
 *(.dynsym)

.dynstr
 *(.dynstr)

.gnu.version
 *(.gnu.version)

.gnu.version_d
 *(.gnu.version_d)

.gnu.version_r
 *(.gnu.version_r)

.rel.init
 *(.rel.init)

.rela.init
 *(.rela.init)

.rel.text
 *(.rel.text)
 *(.rel.text.*)
 *(.rel.gnu.linkonce.t*)

.rela.text
 *(.rela.text)
 *(.rela.text.*)
 *(.rela.gnu.linkonce.t*)

.rel.fini
 *(.rel.fini)

.rela.fini
 *(.rela.fini)

.rel.rodata
 *(.rel.rodata)
 *(.rel.rodata.*)
 *(.rel.gnu.linkonce.r*)

.rela.rodata
 *(.rela.rodata)
 *(.rela.rodata.*)
 *(.rela.gnu.linkonce.r*)

.rel.data
 *(.rel.data)
 *(.rel.data.*)
 *(.rel.gnu.linkonce.d*)

.rela.data
 *(.rela.data)
 *(.rela.data.*)
 *(.rela.gnu.linkonce.d*)

.rel.ctors
 *(.rel.ctors)

.rela.ctors
 *(.rela.ctors)

.rel.dtors
 *(.rel.dtors)

.rela.dtors
 *(.rela.dtors)

.rel.got
 *(.rel.got)

.rela.got
 *(.rela.got)

.rel.bss
 *(.rel.bss)

.rela.bss
 *(.rela.bss)

.rel.plt
 *(.rel.plt)

.rela.plt
 *(.rela.plt)

.text           0x00000000     0x17ac
 *(.vectors)
 .vectors       0x00000000       0x1e c:/program files (x86)/atmel/studio/7.0/toolchain/avr8/avr8-gnu-toolchain/bin/../lib/gcc/avr/5.4.0/../../../../avr/lib/avr25/crtattiny85.o
                0x00000000                __vector_default
                0x00000000                __vectors
 *(.vectors)
 *(.progmem.gcc*)
                0x0000001e                . = ALIGN (0x2)
                0x0000001e                __trampolines_start = .
 *(.trampolines)
 .trampolines   0x0000001e        0x0 linker stubs
 *(.trampolines*)
                0x0000001e                __trampolines_end = .
 *libprintf_flt.a:*(.progmem.data)
 *libc.a:*(.progmem.data)
 *(.progmem*)
 .progmem.data.usbDescriptorConfiguration
                0x0000001e       0x54 usbdrv/usbdrv.o
                0x0000001e                usbDescriptorConfiguration
 .progmem.data.usbDescriptorDevice
                0x00000072       0x12 usbdrv/usbdrv.o
                0x00000072                usbDescriptorDevice
 .progmem.data.usbDescriptorStringDevice
                0x00000084       0x12 usbdrv/usbdrv.o
                0x00000084                usbDescriptorStringDevice
 .progmem.data.usbDescriptorStringVendor
                0x00000096        0xa usbdrv/usbdrv.o
                0x00000096                usbDescriptorStringVendor
 .progmem.data.usbDescriptorString0
                0x000000a0        0x4 usbdrv/usbdrv.o
                0x000000a0                usbDescriptorString0
 .progmem.data.RawReport
                0x000000a4       0x15 usbdrv/usbdrv.o
                0x000000a4                RawReport
 .progmem.data.MouseReport
                0x000000b9       0x84 usbdrv/usbdrv.o
                0x000000b9                MouseReport
 .progmem.data.KeyboardReport
                0x0000013d       0x23 usbdrv/usbdrv.o
                0x0000013d                KeyboardReport
 .progmem.data.Bcolors
                0x00000160       0xff ws2812.o
                0x00000160                Bcolors
 .progmem.data.Gcolors
                0x0000025f       0xff ws2812.o
                0x0000025f                Gcolors
 .progmem.data.Rcolors
                0x0000035e       0xff ws2812.o
                0x0000035e                Rcolors
                0x0000045e                . = ALIGN (0x2)
 *fill*         0x0000045d        0x1 
 *(.jumptables)
 *(.jumptables*)
 *(.lowtext)
 *(.lowtext*)
                0x0000045e                __ctors_start = .
 *(.ctors)
                0x0000045e                __ctors_end = .
                0x0000045e                __dtors_start = .
 *(.dtors)
                0x0000045e                __dtors_end = .
 SORT(*)(.ctors)
 SORT(*)(.dtors)
 *(.init0)
 .init0         0x0000045e        0x0 c:/program files (x86)/atmel/studio/7.0/toolchain/avr8/avr8-gnu-toolchain/bin/../lib/gcc/avr/5.4.0/../../../../avr/lib/avr25/crtattiny85.o
                0x0000045e                __init
 *(.init0)
 *(.init1)
 *(.init1)
 *(.init2)
 .init2         0x0000045e        0xc c:/program files (x86)/atmel/studio/7.0/toolchain/avr8/avr8-gnu-toolchain/bin/../lib/gcc/avr/5.4.0/../../../../avr/lib/avr25/crtattiny85.o
 *(.init2)
 *(.init3)
 *(.init3)
 *(.init4)
 .init4         0x0000046a       0x16 c:/program files (x86)/atmel/studio/7.0/toolchain/avr8/avr8-gnu-toolchain/bin/../lib/gcc/avr/5.4.0/avr25\libgcc.a(_copy_data.o)
                0x0000046a                __do_copy_data
 .init4         0x00000480       0x10 c:/program files (x86)/atmel/studio/7.0/toolchain/avr8/avr8-gnu-toolchain/bin/../lib/gcc/avr/5.4.0/avr25\libgcc.a(_clear_bss.o)
                0x00000480                __do_clear_bss
 *(.init4)
 *(.init5)
 *(.init5)
 *(.init6)
 *(.init6)
 *(.init7)
 *(.init7)
 *(.init8)
 *(.init8)
 *(.init9)
 .init9         0x00000490        0x4 c:/program files (x86)/atmel/studio/7.0/toolchain/avr8/avr8-gnu-toolchain/bin/../lib/gcc/avr/5.4.0/../../../../avr/lib/avr25/crtattiny85.o
 *(.init9)
 *(.text)
 .text          0x00000494        0x2 c:/program files (x86)/atmel/studio/7.0/toolchain/avr8/avr8-gnu-toolchain/bin/../lib/gcc/avr/5.4.0/../../../../avr/lib/avr25/crtattiny85.o
                0x00000494                __vector_1
                0x00000494                __vector_12
                0x00000494                __bad_interrupt
                0x00000494                __vector_6
                0x00000494                __vector_3
                0x00000494                __vector_11
                0x00000494                __vector_13
                0x00000494                __vector_7
                0x00000494                __vector_5
                0x00000494                __vector_4
                0x00000494                __vector_9
                0x00000494                __vector_8
                0x00000494                __vector_14
                0x00000494                __vector_10
 .text          0x00000496      0x30a usbdrv/usbdrvasm.o
                0x00000496                usbCrc16
                0x000004c0                usbCrc16Append
                0x000004c8                __vector_2
                0x000007a0                . = ALIGN (0x2)
 *(.text.*)
 .text.resetMatrix
                0x000007a0       0x90 Functions.o
                0x000007a0                resetMatrix
 .text.resetMatrixFormEEP
                0x00000830       0xc0 Functions.o
                0x00000830                resetMatrixFormEEP
 .text.usbFunctionWriteOut
                0x000008f0       0xc4 Functions.o
                0x000008f0                usbFunctionWriteOut
 .text.digitalRead
                0x000009b4       0x18 Functions.o
                0x000009b4                digitalRead
 .text.startup.main
                0x000009cc        0x2 main.o
                0x000009cc                main
 .text.usbMacroSend
                0x000009ce       0x42 tinykey.o
                0x000009ce                usbMacroSend
 .text.initLED  0x00000a10       0x2c tinykey.o
                0x00000a10                initLED
 .text.updateLED
                0x00000a3c       0xe2 tinykey.o
                0x00000a3c                updateLED
 .text.openLED  0x00000b1e       0x1a tinykey.o
                0x00000b1e                openLED
 .text.closeLED
                0x00000b38        0x4 tinykey.o
                0x00000b38                closeLED
 .text.init_IO  0x00000b3c        0xa tinykey.o
                0x00000b3c                init_IO
 .text.TinykeyMode
                0x00000b46      0x1b4 tinykey.o
                0x00000b46                TinykeyMode
 .text.initMain
                0x00000cfa       0x5a tinykey.o
                0x00000cfa                initMain
 .text.usbKeyboardSendRequired
                0x00000d54       0x46 usbdevice.o
                0x00000d54                usbKeyboardSendRequired
 .text.pressKey
                0x00000d9a       0x32 usbdevice.o
                0x00000d9a                pressKey
 .text.usbKeyboardSend
                0x00000dcc       0x40 usbdevice.o
                0x00000dcc                usbKeyboardSend
 .text.releaseAllKeyboardKeys
                0x00000e0c        0xc usbdevice.o
                0x00000e0c                releaseAllKeyboardKeys
 .text.pressModifierKeys
                0x00000e18        0xc usbdevice.o
                0x00000e18                pressModifierKeys
 .text.clearKeyboard
                0x00000e24       0x22 usbdevice.o
                0x00000e24                clearKeyboard
 .text.clearMouse
                0x00000e46       0x32 usbdevice.o
                0x00000e46                clearMouse
 .text.usbMouseSend
                0x00000e78       0x64 usbdevice.o
                0x00000e78                usbMouseSend
 .text.usbMouseSendRequired
                0x00000edc       0x60 usbdevice.o
                0x00000edc                usbMouseSendRequired
 .text.releaseAllMousekeys
                0x00000f3c       0x10 usbdevice.o
                0x00000f3c                releaseAllMousekeys
 .text.pressMouseKey
                0x00000f4c        0xc usbdevice.o
                0x00000f4c                pressMouseKey
 .text.pressSystemKey
                0x00000f58        0xc usbdevice.o
                0x00000f58                pressSystemKey
 .text.pressConsumerKey
                0x00000f64        0xc usbdevice.o
                0x00000f64                pressConsumerKey
 .text.clearRaw
                0x00000f70       0x10 usbdevice.o
                0x00000f70                clearRaw
 .text.usbConnect
                0x00000f80       0x20 usbdevice.o
                0x00000f80                usbConnect
 .text.usbFunctionSetup
                0x00000fa0       0x72 usbdevice.o
                0x00000fa0                usbFunctionSetup
 .text.usbFunctionWrite
                0x00001012       0x18 usbdevice.o
                0x00001012                usbFunctionWrite
 .text.pressMacroKey
                0x0000102a       0x26 usbdevice.o
                0x0000102a                pressMacroKey
 .text.usbMacroSendRequired
                0x00001050       0x18 usbdevice.o
                0x00001050                usbMacroSendRequired
 .text.keyPrintCtl
                0x00001068       0x82 usbdevice.o
                0x00001068                keyPrintCtl
 .text.keyPrintChinese
                0x000010ea       0xb2 usbdevice.o
                0x000010ea                keyPrintChinese
 .text.keyPrintEnglish
                0x0000119c       0x66 usbdevice.o
                0x0000119c                keyPrintEnglish
 .text.keyPrintChar
                0x00001202       0x84 usbdevice.o
                0x00001202                keyPrintChar
 .text.keyPrintWordEEP
                0x00001286       0x60 usbdevice.o
                0x00001286                keyPrintWordEEP
 .text.usbGenericSetInterrupt
                0x000012e6       0x4c usbdrv/usbdrv.o
 .text.usbFunctionDescriptor
                0x00001332       0xa6 usbdrv/usbdrv.o
                0x00001332                usbFunctionDescriptor
 .text.usbSetInterrupt
                0x000013d8        0x6 usbdrv/usbdrv.o
                0x000013d8                usbSetInterrupt
 .text.usbSetInterrupt3
                0x000013de        0x6 usbdrv/usbdrv.o
                0x000013de                usbSetInterrupt3
 .text.usbPoll  0x000013e4      0x296 usbdrv/usbdrv.o
                0x000013e4                usbPoll
 .text.usbInit  0x0000167a       0x22 usbdrv/usbdrv.o
                0x0000167a                usbInit
 .text.ws2812Setup
                0x0000169c        0x4 ws2812.o
                0x0000169c                ws2812Setup
 .text.ws2812Clear
                0x000016a0       0x12 ws2812.o
                0x000016a0                ws2812Clear
 .text.ws2812SetRGB
                0x000016b2       0x16 ws2812.o
                0x000016b2                ws2812SetRGB
 .text.ws2812Send2
                0x000016c8       0x3a ws2812.o
                0x000016c8                ws2812Send2
 .text.libgcc.mul
                0x00001702       0x22 c:/program files (x86)/atmel/studio/7.0/toolchain/avr8/avr8-gnu-toolchain/bin/../lib/gcc/avr/5.4.0/avr25\libgcc.a(_mulhi3.o)
                0x00001702                __mulhi3
 .text.libgcc.div
                0x00001724       0x28 c:/program files (x86)/atmel/studio/7.0/toolchain/avr8/avr8-gnu-toolchain/bin/../lib/gcc/avr/5.4.0/avr25\libgcc.a(_udivmodhi4.o)
                0x00001724                __udivmodhi4
 .text.avr-libc
                0x0000174c       0x10 c:/program files (x86)/atmel/studio/7.0/toolchain/avr8/avr8-gnu-toolchain/bin/../lib/gcc/avr/5.4.0/../../../../avr/lib/avr25\libattiny85.a(eerd_byte.o)
                0x0000174c                eeprom_read_byte
 .text.avr-libc
                0x0000175c        0xa c:/program files (x86)/atmel/studio/7.0/toolchain/avr8/avr8-gnu-toolchain/bin/../lib/gcc/avr/5.4.0/../../../../avr/lib/avr25\libattiny85.a(eerd_word.o)
                0x0000175c                eeprom_read_word
 .text.avr-libc
                0x00001766        0x6 c:/program files (x86)/atmel/studio/7.0/toolchain/avr8/avr8-gnu-toolchain/bin/../lib/gcc/avr/5.4.0/../../../../avr/lib/avr25\libattiny85.a(eewr_word.o)
                0x00001766                eeprom_write_word
 .text.avr-libc
                0x0000176c       0x20 c:/program files (x86)/atmel/studio/7.0/toolchain/avr8/avr8-gnu-toolchain/bin/../lib/gcc/avr/5.4.0/../../../../avr/lib/avr25\libattiny85.a(eerd_block.o)
                0x0000176c                eeprom_read_block
                0x00001770                eeprom_read_blraw
 .text.avr-libc
                0x0000178c       0x1c c:/program files (x86)/atmel/studio/7.0/toolchain/avr8/avr8-gnu-toolchain/bin/../lib/gcc/avr/5.4.0/../../../../avr/lib/avr25\libattiny85.a(eewr_byte.o)
                0x0000178c                eeprom_write_byte
                0x0000178e                eeprom_write_r18
                0x000017a8                . = ALIGN (0x2)
 *(.fini9)
 .fini9         0x000017a8        0x0 c:/program files (x86)/atmel/studio/7.0/toolchain/avr8/avr8-gnu-toolchain/bin/../lib/gcc/avr/5.4.0/avr25\libgcc.a(_exit.o)
                0x000017a8                _exit
                0x000017a8                exit
 *(.fini9)
 *(.fini8)
 *(.fini8)
 *(.fini7)
 *(.fini7)
 *(.fini6)
 *(.fini6)
 *(.fini5)
 *(.fini5)
 *(.fini4)
 *(.fini4)
 *(.fini3)
 *(.fini3)
 *(.fini2)
 *(.fini2)
 *(.fini1)
 *(.fini1)
 *(.fini0)
 .fini0         0x000017a8        0x4 c:/program files (x86)/atmel/studio/7.0/toolchain/avr8/avr8-gnu-toolchain/bin/../lib/gcc/avr/5.4.0/avr25\libgcc.a(_exit.o)
 *(.fini0)
                0x000017ac                _etext = .

.data           0x00800060        0xa load address 0x000017ac
                0x00800060                PROVIDE (__data_start, .)
 *(.data)
 *(.data*)
 .data.col_pins
                0x00800060        0x2 tinykey.o
                0x00800060                col_pins
 .data.row_pins
                0x00800062        0x1 tinykey.o
                0x00800062                row_pins
 .data.hexa_keys0
                0x00800063        0x2 tinykey.o
                0x00800063                hexa_keys0
 .data.key_mask
                0x00800065        0x2 tinykey.o
                0x00800065                key_mask
 .data.usbMsgLen
                0x00800067        0x1 usbdrv/usbdrv.o
 .data.usbTxLen
                0x00800068        0x1 usbdrv/usbdrv.o
                0x00800068                usbTxLen
 *(.gnu.linkonce.d*)
 *(.rodata)
 *(.rodata*)
 *(.gnu.linkonce.r*)
                0x0080006a                . = ALIGN (0x2)
 *fill*         0x00800069        0x1 
                0x0080006a                _edata = .
                0x0080006a                PROVIDE (__data_end, .)

.bss            0x0080006a       0x8d
                0x0080006a                PROVIDE (__bss_start, .)
 *(.bss)
 *(.bss*)
 .bss.rgb_rainbow
                0x0080006a        0x4 tinykey.o
                0x0080006a                rgb_rainbow
 .bss.rgb_state
                0x0080006e        0x1 tinykey.o
                0x0080006e                rgb_state
 .bss.delay_before
                0x0080006f        0x1 tinykey.o
                0x0080006f                delay_before
 .bss.delay_after
                0x00800070        0x1 tinykey.o
                0x00800070                delay_after
 .bss.hexa_keys1
                0x00800071        0x2 tinykey.o
                0x00800071                hexa_keys1
 .bss.vusb_idle_rate
                0x00800073        0x1 usbdevice.o
                0x00800073                vusb_idle_rate
 .bss.i1        0x00800074        0x1 usbdevice.o
                0x00800074                i1
 .bss.i2        0x00800075        0x1 usbdevice.o
                0x00800075                i2
 .bss.usbMsgFlags
                0x00800076        0x1 usbdrv/usbdrv.o
 *(COMMON)
 COMMON         0x00800077       0x30 Functions.o
                0x00800077                raw_report_out
                0x0080007f                rgb_fixcolor
                0x00800085                keyboard_report
                0x00800088                keyboard_buffer
                0x0080008e                mouse_report
                0x0080009a                mouse_buffer
                0x008000a4                macro_report
                0x008000a5                macro_buffer
                0x008000a6                rgb_type
 COMMON         0x008000a7        0xc tinykey.o
                0x008000a7                delay_val
                0x008000a9                r
                0x008000aa                i
                0x008000ab                c
                0x008000ac                ws2812_buffer
                0x008000b2                FN
 COMMON         0x008000b3        0x2 usbdevice.o
                0x008000b3                rq
 COMMON         0x008000b5       0x42 usbdrv/usbdrv.o
                0x008000b5                usbTxBuf
                0x008000c0                usbTxStatus1
                0x008000cc                usbDeviceAddr
                0x008000cd                usbRxToken
                0x008000ce                usbInputBufOffset
                0x008000cf                usbMsgPtr
                0x008000d1                usbRxLen
                0x008000d2                usbNewDeviceAddr
                0x008000d3                usbCurrentTok
                0x008000d4                usbConfiguration
                0x008000d5                usbRxBuf
                0x008000eb                usbTxStatus3
                0x008000f7                PROVIDE (__bss_end, .)
                0x000017ac                __data_load_start = LOADADDR (.data)
                0x000017b6                __data_load_end = (__data_load_start + SIZEOF (.data))

.noinit         0x008000f7        0x0
                [!provide]                PROVIDE (__noinit_start, .)
 *(.noinit*)
                [!provide]                PROVIDE (__noinit_end, .)
                0x008000f7                _end = .
                [!provide]                PROVIDE (__heap_start, .)

.eeprom         0x00810000        0x0
 *(.eeprom*)
                0x00810000                __eeprom_end = .

.fuse
 *(.fuse)
 *(.lfuse)
 *(.hfuse)
 *(.efuse)

.lock
 *(.lock*)

.signature
 *(.signature*)

.user_signatures
 *(.user_signatures*)

.stab
 *(.stab)

.stabstr
 *(.stabstr)

.stab.excl
 *(.stab.excl)

.stab.exclstr
 *(.stab.exclstr)

.stab.index
 *(.stab.index)

.stab.indexstr
 *(.stab.indexstr)

.comment        0x00000000       0x30
 *(.comment)
 .comment       0x00000000       0x30 Functions.o
                                 0x31 (size before relaxing)
 .comment       0x00000030       0x31 main.o
 .comment       0x00000030       0x31 tinykey.o
 .comment       0x00000030       0x31 usbdevice.o
 .comment       0x00000030       0x31 usbdrv/usbdrv.o
 .comment       0x00000030       0x31 ws2812.o

.note.gnu.avr.deviceinfo
                0x00000000       0x3c
 .note.gnu.avr.deviceinfo
                0x00000000       0x3c c:/program files (x86)/atmel/studio/7.0/toolchain/avr8/avr8-gnu-toolchain/bin/../lib/gcc/avr/5.4.0/../../../../avr/lib/avr25/crtattiny85.o

.note.gnu.build-id
 *(.note.gnu.build-id)

.debug
 *(.debug)

.line
 *(.line)

.debug_srcinfo
 *(.debug_srcinfo)

.debug_sfnames
 *(.debug_sfnames)

.debug_aranges  0x00000000      0x258
 *(.debug_aranges)
 .debug_aranges
                0x00000000       0x48 Functions.o
 .debug_aranges
                0x00000048       0x20 main.o
 .debug_aranges
                0x00000068       0x58 tinykey.o
 .debug_aranges
                0x000000c0       0xe8 usbdevice.o
 .debug_aranges
                0x000001a8       0x48 usbdrv/usbdrv.o
 .debug_aranges
                0x000001f0       0x20 usbdrv/usbdrvasm.o
 .debug_aranges
                0x00000210       0x48 ws2812.o

.debug_pubnames
 *(.debug_pubnames)

.debug_info     0x00000000     0x3e09
 *(.debug_info .gnu.linkonce.wi.*)
 .debug_info    0x00000000      0x420 c:/program files (x86)/atmel/studio/7.0/toolchain/avr8/avr8-gnu-toolchain/bin/../lib/gcc/avr/5.4.0/../../../../avr/lib/avr25/crtattiny85.o
 .debug_info    0x00000420      0x7e4 Functions.o
 .debug_info    0x00000c04      0x421 main.o
 .debug_info    0x00001025      0xb27 tinykey.o
 .debug_info    0x00001b4c      0xd51 usbdevice.o
 .debug_info    0x0000289d      0xdfa usbdrv/usbdrv.o
 .debug_info    0x00003697       0x7b usbdrv/usbdrvasm.o
 .debug_info    0x00003712      0x6f7 ws2812.o

.debug_abbrev   0x00000000     0x12ab
 *(.debug_abbrev)
 .debug_abbrev  0x00000000      0x3e8 c:/program files (x86)/atmel/studio/7.0/toolchain/avr8/avr8-gnu-toolchain/bin/../lib/gcc/avr/5.4.0/../../../../avr/lib/avr25/crtattiny85.o
 .debug_abbrev  0x000003e8      0x1cd Functions.o
 .debug_abbrev  0x000005b5       0xec main.o
 .debug_abbrev  0x000006a1      0x308 tinykey.o
 .debug_abbrev  0x000009a9      0x3e6 usbdevice.o
 .debug_abbrev  0x00000d8f      0x335 usbdrv/usbdrv.o
 .debug_abbrev  0x000010c4       0x14 usbdrv/usbdrvasm.o
 .debug_abbrev  0x000010d8      0x1d3 ws2812.o

.debug_line     0x00000000     0x21fa
 *(.debug_line .debug_line.* .debug_line_end)
 .debug_line    0x00000000       0x1a c:/program files (x86)/atmel/studio/7.0/toolchain/avr8/avr8-gnu-toolchain/bin/../lib/gcc/avr/5.4.0/../../../../avr/lib/avr25/crtattiny85.o
 .debug_line    0x0000001a      0x32d Functions.o
 .debug_line    0x00000347       0xbd main.o
 .debug_line    0x00000404      0x4f5 tinykey.o
 .debug_line    0x000008f9      0x8da usbdevice.o
 .debug_line    0x000011d3      0x4c3 usbdrv/usbdrv.o
 .debug_line    0x00001696      0x8e8 usbdrv/usbdrvasm.o
 .debug_line    0x00001f7e      0x27c ws2812.o

.debug_frame    0x00000000      0x548
 *(.debug_frame)
 .debug_frame   0x00000000       0xe0 Functions.o
 .debug_frame   0x000000e0       0x24 main.o
 .debug_frame   0x00000104       0xc0 tinykey.o
 .debug_frame   0x000001c4      0x244 usbdevice.o
 .debug_frame   0x00000408       0x90 usbdrv/usbdrv.o
 .debug_frame   0x00000498       0xb0 ws2812.o

.debug_str      0x00000000      0xc91
 *(.debug_str)
 .debug_str     0x00000000      0x169 c:/program files (x86)/atmel/studio/7.0/toolchain/avr8/avr8-gnu-toolchain/bin/../lib/gcc/avr/5.4.0/../../../../avr/lib/avr25/crtattiny85.o
 .debug_str     0x00000169      0x404 Functions.o
                                0x449 (size before relaxing)
 .debug_str     0x0000056d       0x1a main.o
                                0x355 (size before relaxing)
 .debug_str     0x00000587      0x282 tinykey.o
                                0x5fd (size before relaxing)
 .debug_str     0x00000809      0x172 usbdevice.o
                                0x627 (size before relaxing)
 .debug_str     0x0000097b      0x2a9 usbdrv/usbdrv.o
                                0x6d8 (size before relaxing)
 .debug_str     0x00000c24       0x6d ws2812.o
                                0x40a (size before relaxing)

.debug_loc      0x00000000     0x1e58
 *(.debug_loc)
 .debug_loc     0x00000000      0x5cb Functions.o
 .debug_loc     0x000005cb      0x1b2 tinykey.o
 .debug_loc     0x0000077d      0x6ec usbdevice.o
 .debug_loc     0x00000e69      0xab3 usbdrv/usbdrv.o
 .debug_loc     0x0000191c      0x53c ws2812.o

.debug_macinfo
 *(.debug_macinfo)

.debug_weaknames
 *(.debug_weaknames)

.debug_funcnames
 *(.debug_funcnames)

.debug_typenames
 *(.debug_typenames)

.debug_varnames
 *(.debug_varnames)

.debug_pubtypes
 *(.debug_pubtypes)

.debug_ranges   0x00000000      0x2b8
 *(.debug_ranges)
 .debug_ranges  0x00000000       0x68 Functions.o
 .debug_ranges  0x00000068       0x10 main.o
 .debug_ranges  0x00000078       0x48 tinykey.o
 .debug_ranges  0x000000c0      0x108 usbdevice.o
 .debug_ranges  0x000001c8       0xa0 usbdrv/usbdrv.o
 .debug_ranges  0x00000268       0x50 ws2812.o

.debug_macro
 *(.debug_macro)
OUTPUT(Attiny85.elf elf32-avr)
LOAD linker stubs
