Archive member included to satisfy reference by file (symbol)

c:/program files (x86)/atmel/studio/7.0/toolchain/avr8/avr8-gnu-toolchain/bin/../lib/gcc/avr/5.4.0/avr35\libgcc.a(_mulhi3.o)
                              ws2812.o (__mulhi3)
c:/program files (x86)/atmel/studio/7.0/toolchain/avr8/avr8-gnu-toolchain/bin/../lib/gcc/avr/5.4.0/avr35\libgcc.a(_udivmodqi4.o)
                              usb_keyboard.o (__udivmodqi4)
c:/program files (x86)/atmel/studio/7.0/toolchain/avr8/avr8-gnu-toolchain/bin/../lib/gcc/avr/5.4.0/avr35\libgcc.a(_udivmodhi4.o)
                              Functions.o (__udivmodhi4)
c:/program files (x86)/atmel/studio/7.0/toolchain/avr8/avr8-gnu-toolchain/bin/../lib/gcc/avr/5.4.0/avr35\libgcc.a(_exit.o)
                              c:/program files (x86)/atmel/studio/7.0/toolchain/avr8/avr8-gnu-toolchain/bin/../lib/gcc/avr/5.4.0/../../../../avr/lib/avr35/crtatmega16u2.o (exit)
c:/program files (x86)/atmel/studio/7.0/toolchain/avr8/avr8-gnu-toolchain/bin/../lib/gcc/avr/5.4.0/avr35\libgcc.a(_tablejump2.o)
                              Functions.o (__tablejump2__)
c:/program files (x86)/atmel/studio/7.0/toolchain/avr8/avr8-gnu-toolchain/bin/../lib/gcc/avr/5.4.0/avr35\libgcc.a(_copy_data.o)
                              Matrix/xd004.o (__do_copy_data)
c:/program files (x86)/atmel/studio/7.0/toolchain/avr8/avr8-gnu-toolchain/bin/../lib/gcc/avr/5.4.0/avr35\libgcc.a(_clear_bss.o)
                              Functions.o (__do_clear_bss)
c:/program files (x86)/atmel/studio/7.0/toolchain/avr8/avr8-gnu-toolchain/bin/../lib/gcc/avr/5.4.0/../../../../avr/lib/avr35\libatmega16u2.a(eerd_byte.o)
                              Functions.o (eeprom_read_byte)
c:/program files (x86)/atmel/studio/7.0/toolchain/avr8/avr8-gnu-toolchain/bin/../lib/gcc/avr/5.4.0/../../../../avr/lib/avr35\libatmega16u2.a(eerd_word.o)
                              Functions.o (eeprom_read_word)
c:/program files (x86)/atmel/studio/7.0/toolchain/avr8/avr8-gnu-toolchain/bin/../lib/gcc/avr/5.4.0/../../../../avr/lib/avr35\libatmega16u2.a(eewr_word.o)
                              Functions.o (eeprom_write_word)
c:/program files (x86)/atmel/studio/7.0/toolchain/avr8/avr8-gnu-toolchain/bin/../lib/gcc/avr/5.4.0/../../../../avr/lib/avr35\libatmega16u2.a(eerd_block.o)
                              c:/program files (x86)/atmel/studio/7.0/toolchain/avr8/avr8-gnu-toolchain/bin/../lib/gcc/avr/5.4.0/../../../../avr/lib/avr35\libatmega16u2.a(eerd_word.o) (eeprom_read_blraw)
c:/program files (x86)/atmel/studio/7.0/toolchain/avr8/avr8-gnu-toolchain/bin/../lib/gcc/avr/5.4.0/../../../../avr/lib/avr35\libatmega16u2.a(eewr_byte.o)
                              c:/program files (x86)/atmel/studio/7.0/toolchain/avr8/avr8-gnu-toolchain/bin/../lib/gcc/avr/5.4.0/../../../../avr/lib/avr35\libatmega16u2.a(eewr_word.o) (eeprom_write_byte)

Allocating common symbols
Common symbol       size              file

raw_report_out      0x8               Functions.o
keyboard_report     0x8               Functions.o
raw_report_in       0x8               Functions.o
print_keyboard_report
                    0x8               Functions.o
keyboard_buffer     0xd               Functions.o
WS2812fix           0x6               Functions.o
EnableRecv          0x1               Functions.o
r                   0x1               Matrix/xd004.o
i                   0x1               Matrix/xd004.o
mouse_report        0xc               Functions.o
c                   0x1               Matrix/xd004.o
mouse_buffer        0xb               Functions.o
print_mouse_report  0xc               Functions.o
FN                  0x1               Functions.o
WS2812Buffer        0x6               Matrix/xd004.o
macrobuffer         0x1               Functions.o
delayval            0x2               Matrix/xd004.o
RGB_Type            0x1               Functions.o
macroreport         0x1               Functions.o

Discarded input sections

 .data          0x00000000        0x0 c:/program files (x86)/atmel/studio/7.0/toolchain/avr8/avr8-gnu-toolchain/bin/../lib/gcc/avr/5.4.0/../../../../avr/lib/avr35/crtatmega16u2.o
 .bss           0x00000000        0x0 c:/program files (x86)/atmel/studio/7.0/toolchain/avr8/avr8-gnu-toolchain/bin/../lib/gcc/avr/5.4.0/../../../../avr/lib/avr35/crtatmega16u2.o
 .text          0x00000000        0x0 Functions.o
 .data          0x00000000        0x0 Functions.o
 .bss           0x00000000        0x0 Functions.o
 .text.releasemousekey
                0x00000000        0xe Functions.o
 .text.releasekey
                0x00000000       0x28 Functions.o
 .text.releaseModifierKeys
                0x00000000        0xe Functions.o
 .text.keyPrintMacro
                0x00000000       0x84 Functions.o
 .text.keyPrintMacroFlash
                0x00000000       0x56 Functions.o
 .text          0x00000000        0x0 main.o
 .data          0x00000000        0x0 main.o
 .bss           0x00000000        0x0 main.o
 .text          0x00000000        0x0 Matrix/xd004.o
 .data          0x00000000        0x0 Matrix/xd004.o
 .bss           0x00000000        0x0 Matrix/xd004.o
 .text.init_rows
                0x00000000        0x2 Matrix/xd004.o
 .text          0x00000000        0x0 Matrix/staryu_Printer.o
 .data          0x00000000        0x0 Matrix/staryu_Printer.o
 .bss           0x00000000        0x0 Matrix/staryu_Printer.o
 .debug_info    0x00000000      0x404 Matrix/staryu_Printer.o
 .debug_abbrev  0x00000000       0xb3 Matrix/staryu_Printer.o
 .debug_aranges
                0x00000000       0x18 Matrix/staryu_Printer.o
 .debug_line    0x00000000       0xb6 Matrix/staryu_Printer.o
 .debug_str     0x00000000      0x3c4 Matrix/staryu_Printer.o
 .comment       0x00000000       0x31 Matrix/staryu_Printer.o
 .text          0x00000000        0x0 usb_keyboard.o
 .data          0x00000000        0x0 usb_keyboard.o
 .bss           0x00000000        0x0 usb_keyboard.o
 .text.Recv     0x00000000       0x12 usb_keyboard.o
 .text          0x00000000        0x0 ws2812.o
 .data          0x00000000        0x0 ws2812.o
 .bss           0x00000000        0x0 ws2812.o
 .text.WS2812SetHSV
                0x00000000      0x124 ws2812.o
 .text          0x00000000        0x0 c:/program files (x86)/atmel/studio/7.0/toolchain/avr8/avr8-gnu-toolchain/bin/../lib/gcc/avr/5.4.0/avr35\libgcc.a(_mulhi3.o)
 .data          0x00000000        0x0 c:/program files (x86)/atmel/studio/7.0/toolchain/avr8/avr8-gnu-toolchain/bin/../lib/gcc/avr/5.4.0/avr35\libgcc.a(_mulhi3.o)
 .bss           0x00000000        0x0 c:/program files (x86)/atmel/studio/7.0/toolchain/avr8/avr8-gnu-toolchain/bin/../lib/gcc/avr/5.4.0/avr35\libgcc.a(_mulhi3.o)
 .text.libgcc.div
                0x00000000        0x0 c:/program files (x86)/atmel/studio/7.0/toolchain/avr8/avr8-gnu-toolchain/bin/../lib/gcc/avr/5.4.0/avr35\libgcc.a(_mulhi3.o)
 .text.libgcc   0x00000000        0x0 c:/program files (x86)/atmel/studio/7.0/toolchain/avr8/avr8-gnu-toolchain/bin/../lib/gcc/avr/5.4.0/avr35\libgcc.a(_mulhi3.o)
 .text.libgcc.prologue
                0x00000000        0x0 c:/program files (x86)/atmel/studio/7.0/toolchain/avr8/avr8-gnu-toolchain/bin/../lib/gcc/avr/5.4.0/avr35\libgcc.a(_mulhi3.o)
 .text.libgcc.builtins
                0x00000000        0x0 c:/program files (x86)/atmel/studio/7.0/toolchain/avr8/avr8-gnu-toolchain/bin/../lib/gcc/avr/5.4.0/avr35\libgcc.a(_mulhi3.o)
 .text.libgcc.fmul
                0x00000000        0x0 c:/program files (x86)/atmel/studio/7.0/toolchain/avr8/avr8-gnu-toolchain/bin/../lib/gcc/avr/5.4.0/avr35\libgcc.a(_mulhi3.o)
 .text.libgcc.fixed
                0x00000000        0x0 c:/program files (x86)/atmel/studio/7.0/toolchain/avr8/avr8-gnu-toolchain/bin/../lib/gcc/avr/5.4.0/avr35\libgcc.a(_mulhi3.o)
 .text          0x00000000        0x0 c:/program files (x86)/atmel/studio/7.0/toolchain/avr8/avr8-gnu-toolchain/bin/../lib/gcc/avr/5.4.0/avr35\libgcc.a(_udivmodqi4.o)
 .data          0x00000000        0x0 c:/program files (x86)/atmel/studio/7.0/toolchain/avr8/avr8-gnu-toolchain/bin/../lib/gcc/avr/5.4.0/avr35\libgcc.a(_udivmodqi4.o)
 .bss           0x00000000        0x0 c:/program files (x86)/atmel/studio/7.0/toolchain/avr8/avr8-gnu-toolchain/bin/../lib/gcc/avr/5.4.0/avr35\libgcc.a(_udivmodqi4.o)
 .text.libgcc.mul
                0x00000000        0x0 c:/program files (x86)/atmel/studio/7.0/toolchain/avr8/avr8-gnu-toolchain/bin/../lib/gcc/avr/5.4.0/avr35\libgcc.a(_udivmodqi4.o)
 .text.libgcc   0x00000000        0x0 c:/program files (x86)/atmel/studio/7.0/toolchain/avr8/avr8-gnu-toolchain/bin/../lib/gcc/avr/5.4.0/avr35\libgcc.a(_udivmodqi4.o)
 .text.libgcc.prologue
                0x00000000        0x0 c:/program files (x86)/atmel/studio/7.0/toolchain/avr8/avr8-gnu-toolchain/bin/../lib/gcc/avr/5.4.0/avr35\libgcc.a(_udivmodqi4.o)
 .text.libgcc.builtins
                0x00000000        0x0 c:/program files (x86)/atmel/studio/7.0/toolchain/avr8/avr8-gnu-toolchain/bin/../lib/gcc/avr/5.4.0/avr35\libgcc.a(_udivmodqi4.o)
 .text.libgcc.fmul
                0x00000000        0x0 c:/program files (x86)/atmel/studio/7.0/toolchain/avr8/avr8-gnu-toolchain/bin/../lib/gcc/avr/5.4.0/avr35\libgcc.a(_udivmodqi4.o)
 .text.libgcc.fixed
                0x00000000        0x0 c:/program files (x86)/atmel/studio/7.0/toolchain/avr8/avr8-gnu-toolchain/bin/../lib/gcc/avr/5.4.0/avr35\libgcc.a(_udivmodqi4.o)
 .text          0x00000000        0x0 c:/program files (x86)/atmel/studio/7.0/toolchain/avr8/avr8-gnu-toolchain/bin/../lib/gcc/avr/5.4.0/avr35\libgcc.a(_udivmodhi4.o)
 .data          0x00000000        0x0 c:/program files (x86)/atmel/studio/7.0/toolchain/avr8/avr8-gnu-toolchain/bin/../lib/gcc/avr/5.4.0/avr35\libgcc.a(_udivmodhi4.o)
 .bss           0x00000000        0x0 c:/program files (x86)/atmel/studio/7.0/toolchain/avr8/avr8-gnu-toolchain/bin/../lib/gcc/avr/5.4.0/avr35\libgcc.a(_udivmodhi4.o)
 .text.libgcc.mul
                0x00000000        0x0 c:/program files (x86)/atmel/studio/7.0/toolchain/avr8/avr8-gnu-toolchain/bin/../lib/gcc/avr/5.4.0/avr35\libgcc.a(_udivmodhi4.o)
 .text.libgcc   0x00000000        0x0 c:/program files (x86)/atmel/studio/7.0/toolchain/avr8/avr8-gnu-toolchain/bin/../lib/gcc/avr/5.4.0/avr35\libgcc.a(_udivmodhi4.o)
 .text.libgcc.prologue
                0x00000000        0x0 c:/program files (x86)/atmel/studio/7.0/toolchain/avr8/avr8-gnu-toolchain/bin/../lib/gcc/avr/5.4.0/avr35\libgcc.a(_udivmodhi4.o)
 .text.libgcc.builtins
                0x00000000        0x0 c:/program files (x86)/atmel/studio/7.0/toolchain/avr8/avr8-gnu-toolchain/bin/../lib/gcc/avr/5.4.0/avr35\libgcc.a(_udivmodhi4.o)
 .text.libgcc.fmul
                0x00000000        0x0 c:/program files (x86)/atmel/studio/7.0/toolchain/avr8/avr8-gnu-toolchain/bin/../lib/gcc/avr/5.4.0/avr35\libgcc.a(_udivmodhi4.o)
 .text.libgcc.fixed
                0x00000000        0x0 c:/program files (x86)/atmel/studio/7.0/toolchain/avr8/avr8-gnu-toolchain/bin/../lib/gcc/avr/5.4.0/avr35\libgcc.a(_udivmodhi4.o)
 .text          0x00000000        0x0 c:/program files (x86)/atmel/studio/7.0/toolchain/avr8/avr8-gnu-toolchain/bin/../lib/gcc/avr/5.4.0/avr35\libgcc.a(_exit.o)
 .data          0x00000000        0x0 c:/program files (x86)/atmel/studio/7.0/toolchain/avr8/avr8-gnu-toolchain/bin/../lib/gcc/avr/5.4.0/avr35\libgcc.a(_exit.o)
 .bss           0x00000000        0x0 c:/program files (x86)/atmel/studio/7.0/toolchain/avr8/avr8-gnu-toolchain/bin/../lib/gcc/avr/5.4.0/avr35\libgcc.a(_exit.o)
 .text.libgcc.mul
                0x00000000        0x0 c:/program files (x86)/atmel/studio/7.0/toolchain/avr8/avr8-gnu-toolchain/bin/../lib/gcc/avr/5.4.0/avr35\libgcc.a(_exit.o)
 .text.libgcc.div
                0x00000000        0x0 c:/program files (x86)/atmel/studio/7.0/toolchain/avr8/avr8-gnu-toolchain/bin/../lib/gcc/avr/5.4.0/avr35\libgcc.a(_exit.o)
 .text.libgcc   0x00000000        0x0 c:/program files (x86)/atmel/studio/7.0/toolchain/avr8/avr8-gnu-toolchain/bin/../lib/gcc/avr/5.4.0/avr35\libgcc.a(_exit.o)
 .text.libgcc.prologue
                0x00000000        0x0 c:/program files (x86)/atmel/studio/7.0/toolchain/avr8/avr8-gnu-toolchain/bin/../lib/gcc/avr/5.4.0/avr35\libgcc.a(_exit.o)
 .text.libgcc.builtins
                0x00000000        0x0 c:/program files (x86)/atmel/studio/7.0/toolchain/avr8/avr8-gnu-toolchain/bin/../lib/gcc/avr/5.4.0/avr35\libgcc.a(_exit.o)
 .text.libgcc.fmul
                0x00000000        0x0 c:/program files (x86)/atmel/studio/7.0/toolchain/avr8/avr8-gnu-toolchain/bin/../lib/gcc/avr/5.4.0/avr35\libgcc.a(_exit.o)
 .text.libgcc.fixed
                0x00000000        0x0 c:/program files (x86)/atmel/studio/7.0/toolchain/avr8/avr8-gnu-toolchain/bin/../lib/gcc/avr/5.4.0/avr35\libgcc.a(_exit.o)
 .text          0x00000000        0x0 c:/program files (x86)/atmel/studio/7.0/toolchain/avr8/avr8-gnu-toolchain/bin/../lib/gcc/avr/5.4.0/avr35\libgcc.a(_tablejump2.o)
 .data          0x00000000        0x0 c:/program files (x86)/atmel/studio/7.0/toolchain/avr8/avr8-gnu-toolchain/bin/../lib/gcc/avr/5.4.0/avr35\libgcc.a(_tablejump2.o)
 .bss           0x00000000        0x0 c:/program files (x86)/atmel/studio/7.0/toolchain/avr8/avr8-gnu-toolchain/bin/../lib/gcc/avr/5.4.0/avr35\libgcc.a(_tablejump2.o)
 .text.libgcc.mul
                0x00000000        0x0 c:/program files (x86)/atmel/studio/7.0/toolchain/avr8/avr8-gnu-toolchain/bin/../lib/gcc/avr/5.4.0/avr35\libgcc.a(_tablejump2.o)
 .text.libgcc.div
                0x00000000        0x0 c:/program files (x86)/atmel/studio/7.0/toolchain/avr8/avr8-gnu-toolchain/bin/../lib/gcc/avr/5.4.0/avr35\libgcc.a(_tablejump2.o)
 .text.libgcc.prologue
                0x00000000        0x0 c:/program files (x86)/atmel/studio/7.0/toolchain/avr8/avr8-gnu-toolchain/bin/../lib/gcc/avr/5.4.0/avr35\libgcc.a(_tablejump2.o)
 .text.libgcc.builtins
                0x00000000        0x0 c:/program files (x86)/atmel/studio/7.0/toolchain/avr8/avr8-gnu-toolchain/bin/../lib/gcc/avr/5.4.0/avr35\libgcc.a(_tablejump2.o)
 .text.libgcc.fmul
                0x00000000        0x0 c:/program files (x86)/atmel/studio/7.0/toolchain/avr8/avr8-gnu-toolchain/bin/../lib/gcc/avr/5.4.0/avr35\libgcc.a(_tablejump2.o)
 .text.libgcc.fixed
                0x00000000        0x0 c:/program files (x86)/atmel/studio/7.0/toolchain/avr8/avr8-gnu-toolchain/bin/../lib/gcc/avr/5.4.0/avr35\libgcc.a(_tablejump2.o)
 .text          0x00000000        0x0 c:/program files (x86)/atmel/studio/7.0/toolchain/avr8/avr8-gnu-toolchain/bin/../lib/gcc/avr/5.4.0/avr35\libgcc.a(_copy_data.o)
 .data          0x00000000        0x0 c:/program files (x86)/atmel/studio/7.0/toolchain/avr8/avr8-gnu-toolchain/bin/../lib/gcc/avr/5.4.0/avr35\libgcc.a(_copy_data.o)
 .bss           0x00000000        0x0 c:/program files (x86)/atmel/studio/7.0/toolchain/avr8/avr8-gnu-toolchain/bin/../lib/gcc/avr/5.4.0/avr35\libgcc.a(_copy_data.o)
 .text.libgcc.mul
                0x00000000        0x0 c:/program files (x86)/atmel/studio/7.0/toolchain/avr8/avr8-gnu-toolchain/bin/../lib/gcc/avr/5.4.0/avr35\libgcc.a(_copy_data.o)
 .text.libgcc.div
                0x00000000        0x0 c:/program files (x86)/atmel/studio/7.0/toolchain/avr8/avr8-gnu-toolchain/bin/../lib/gcc/avr/5.4.0/avr35\libgcc.a(_copy_data.o)
 .text.libgcc   0x00000000        0x0 c:/program files (x86)/atmel/studio/7.0/toolchain/avr8/avr8-gnu-toolchain/bin/../lib/gcc/avr/5.4.0/avr35\libgcc.a(_copy_data.o)
 .text.libgcc.prologue
                0x00000000        0x0 c:/program files (x86)/atmel/studio/7.0/toolchain/avr8/avr8-gnu-toolchain/bin/../lib/gcc/avr/5.4.0/avr35\libgcc.a(_copy_data.o)
 .text.libgcc.builtins
                0x00000000        0x0 c:/program files (x86)/atmel/studio/7.0/toolchain/avr8/avr8-gnu-toolchain/bin/../lib/gcc/avr/5.4.0/avr35\libgcc.a(_copy_data.o)
 .text.libgcc.fmul
                0x00000000        0x0 c:/program files (x86)/atmel/studio/7.0/toolchain/avr8/avr8-gnu-toolchain/bin/../lib/gcc/avr/5.4.0/avr35\libgcc.a(_copy_data.o)
 .text.libgcc.fixed
                0x00000000        0x0 c:/program files (x86)/atmel/studio/7.0/toolchain/avr8/avr8-gnu-toolchain/bin/../lib/gcc/avr/5.4.0/avr35\libgcc.a(_copy_data.o)
 .text          0x00000000        0x0 c:/program files (x86)/atmel/studio/7.0/toolchain/avr8/avr8-gnu-toolchain/bin/../lib/gcc/avr/5.4.0/avr35\libgcc.a(_clear_bss.o)
 .data          0x00000000        0x0 c:/program files (x86)/atmel/studio/7.0/toolchain/avr8/avr8-gnu-toolchain/bin/../lib/gcc/avr/5.4.0/avr35\libgcc.a(_clear_bss.o)
 .bss           0x00000000        0x0 c:/program files (x86)/atmel/studio/7.0/toolchain/avr8/avr8-gnu-toolchain/bin/../lib/gcc/avr/5.4.0/avr35\libgcc.a(_clear_bss.o)
 .text.libgcc.mul
                0x00000000        0x0 c:/program files (x86)/atmel/studio/7.0/toolchain/avr8/avr8-gnu-toolchain/bin/../lib/gcc/avr/5.4.0/avr35\libgcc.a(_clear_bss.o)
 .text.libgcc.div
                0x00000000        0x0 c:/program files (x86)/atmel/studio/7.0/toolchain/avr8/avr8-gnu-toolchain/bin/../lib/gcc/avr/5.4.0/avr35\libgcc.a(_clear_bss.o)
 .text.libgcc   0x00000000        0x0 c:/program files (x86)/atmel/studio/7.0/toolchain/avr8/avr8-gnu-toolchain/bin/../lib/gcc/avr/5.4.0/avr35\libgcc.a(_clear_bss.o)
 .text.libgcc.prologue
                0x00000000        0x0 c:/program files (x86)/atmel/studio/7.0/toolchain/avr8/avr8-gnu-toolchain/bin/../lib/gcc/avr/5.4.0/avr35\libgcc.a(_clear_bss.o)
 .text.libgcc.builtins
                0x00000000        0x0 c:/program files (x86)/atmel/studio/7.0/toolchain/avr8/avr8-gnu-toolchain/bin/../lib/gcc/avr/5.4.0/avr35\libgcc.a(_clear_bss.o)
 .text.libgcc.fmul
                0x00000000        0x0 c:/program files (x86)/atmel/studio/7.0/toolchain/avr8/avr8-gnu-toolchain/bin/../lib/gcc/avr/5.4.0/avr35\libgcc.a(_clear_bss.o)
 .text.libgcc.fixed
                0x00000000        0x0 c:/program files (x86)/atmel/studio/7.0/toolchain/avr8/avr8-gnu-toolchain/bin/../lib/gcc/avr/5.4.0/avr35\libgcc.a(_clear_bss.o)
 .text          0x00000000        0x0 c:/program files (x86)/atmel/studio/7.0/toolchain/avr8/avr8-gnu-toolchain/bin/../lib/gcc/avr/5.4.0/../../../../avr/lib/avr35\libatmega16u2.a(eerd_byte.o)
 .data          0x00000000        0x0 c:/program files (x86)/atmel/studio/7.0/toolchain/avr8/avr8-gnu-toolchain/bin/../lib/gcc/avr/5.4.0/../../../../avr/lib/avr35\libatmega16u2.a(eerd_byte.o)
 .bss           0x00000000        0x0 c:/program files (x86)/atmel/studio/7.0/toolchain/avr8/avr8-gnu-toolchain/bin/../lib/gcc/avr/5.4.0/../../../../avr/lib/avr35\libatmega16u2.a(eerd_byte.o)
 .text          0x00000000        0x0 c:/program files (x86)/atmel/studio/7.0/toolchain/avr8/avr8-gnu-toolchain/bin/../lib/gcc/avr/5.4.0/../../../../avr/lib/avr35\libatmega16u2.a(eerd_word.o)
 .data          0x00000000        0x0 c:/program files (x86)/atmel/studio/7.0/toolchain/avr8/avr8-gnu-toolchain/bin/../lib/gcc/avr/5.4.0/../../../../avr/lib/avr35\libatmega16u2.a(eerd_word.o)
 .bss           0x00000000        0x0 c:/program files (x86)/atmel/studio/7.0/toolchain/avr8/avr8-gnu-toolchain/bin/../lib/gcc/avr/5.4.0/../../../../avr/lib/avr35\libatmega16u2.a(eerd_word.o)
 .text          0x00000000        0x0 c:/program files (x86)/atmel/studio/7.0/toolchain/avr8/avr8-gnu-toolchain/bin/../lib/gcc/avr/5.4.0/../../../../avr/lib/avr35\libatmega16u2.a(eewr_word.o)
 .data          0x00000000        0x0 c:/program files (x86)/atmel/studio/7.0/toolchain/avr8/avr8-gnu-toolchain/bin/../lib/gcc/avr/5.4.0/../../../../avr/lib/avr35\libatmega16u2.a(eewr_word.o)
 .bss           0x00000000        0x0 c:/program files (x86)/atmel/studio/7.0/toolchain/avr8/avr8-gnu-toolchain/bin/../lib/gcc/avr/5.4.0/../../../../avr/lib/avr35\libatmega16u2.a(eewr_word.o)
 .text          0x00000000        0x0 c:/program files (x86)/atmel/studio/7.0/toolchain/avr8/avr8-gnu-toolchain/bin/../lib/gcc/avr/5.4.0/../../../../avr/lib/avr35\libatmega16u2.a(eerd_block.o)
 .data          0x00000000        0x0 c:/program files (x86)/atmel/studio/7.0/toolchain/avr8/avr8-gnu-toolchain/bin/../lib/gcc/avr/5.4.0/../../../../avr/lib/avr35\libatmega16u2.a(eerd_block.o)
 .bss           0x00000000        0x0 c:/program files (x86)/atmel/studio/7.0/toolchain/avr8/avr8-gnu-toolchain/bin/../lib/gcc/avr/5.4.0/../../../../avr/lib/avr35\libatmega16u2.a(eerd_block.o)
 .text          0x00000000        0x0 c:/program files (x86)/atmel/studio/7.0/toolchain/avr8/avr8-gnu-toolchain/bin/../lib/gcc/avr/5.4.0/../../../../avr/lib/avr35\libatmega16u2.a(eewr_byte.o)
 .data          0x00000000        0x0 c:/program files (x86)/atmel/studio/7.0/toolchain/avr8/avr8-gnu-toolchain/bin/../lib/gcc/avr/5.4.0/../../../../avr/lib/avr35\libatmega16u2.a(eewr_byte.o)
 .bss           0x00000000        0x0 c:/program files (x86)/atmel/studio/7.0/toolchain/avr8/avr8-gnu-toolchain/bin/../lib/gcc/avr/5.4.0/../../../../avr/lib/avr35\libatmega16u2.a(eewr_byte.o)

Memory Configuration

Name             Origin             Length             Attributes
text             0x00000000         0x00004000         xr
data             0x00800100         0x00000200         rw !x
eeprom           0x00810000         0x00000200         rw !x
fuse             0x00820000         0x00000003         rw !x
lock             0x00830000         0x00000400         rw !x
signature        0x00840000         0x00000400         rw !x
user_signatures  0x00850000         0x00000400         rw !x
*default*        0x00000000         0xffffffff

Linker script and memory map

Address of section .data set to 0x800100
LOAD c:/program files (x86)/atmel/studio/7.0/toolchain/avr8/avr8-gnu-toolchain/bin/../lib/gcc/avr/5.4.0/../../../../avr/lib/avr35/crtatmega16u2.o
LOAD Functions.o
LOAD main.o
LOAD Matrix/xd004.o
LOAD Matrix/staryu_Printer.o
LOAD usb_keyboard.o
LOAD ws2812.o
START GROUP
LOAD c:/program files (x86)/atmel/studio/7.0/toolchain/avr8/avr8-gnu-toolchain/bin/../lib/gcc/avr/5.4.0/../../../../avr/lib/avr35\libm.a
END GROUP
START GROUP
LOAD c:/program files (x86)/atmel/studio/7.0/toolchain/avr8/avr8-gnu-toolchain/bin/../lib/gcc/avr/5.4.0/avr35\libgcc.a
LOAD c:/program files (x86)/atmel/studio/7.0/toolchain/avr8/avr8-gnu-toolchain/bin/../lib/gcc/avr/5.4.0/../../../../avr/lib/avr35\libm.a
LOAD c:/program files (x86)/atmel/studio/7.0/toolchain/avr8/avr8-gnu-toolchain/bin/../lib/gcc/avr/5.4.0/../../../../avr/lib/avr35\libc.a
LOAD c:/program files (x86)/atmel/studio/7.0/toolchain/avr8/avr8-gnu-toolchain/bin/../lib/gcc/avr/5.4.0/../../../../avr/lib/avr35\libatmega16u2.a
END GROUP
                0x00000000                __TEXT_REGION_ORIGIN__ = DEFINED (__TEXT_REGION_ORIGIN__)?__TEXT_REGION_ORIGIN__:0x0
                [0x00800100]                __DATA_REGION_ORIGIN__ = DEFINED (__DATA_REGION_ORIGIN__)?__DATA_REGION_ORIGIN__:0x800060
                [0x00004000]                __TEXT_REGION_LENGTH__ = DEFINED (__TEXT_REGION_LENGTH__)?__TEXT_REGION_LENGTH__:0x10000
                [0x00000200]                __DATA_REGION_LENGTH__ = DEFINED (__DATA_REGION_LENGTH__)?__DATA_REGION_LENGTH__:0xffa0
                [0x00000200]                __EEPROM_REGION_LENGTH__ = DEFINED (__EEPROM_REGION_LENGTH__)?__EEPROM_REGION_LENGTH__:0x10000
                [0x00000003]                __FUSE_REGION_LENGTH__ = DEFINED (__FUSE_REGION_LENGTH__)?__FUSE_REGION_LENGTH__:0x400
                0x00000400                __LOCK_REGION_LENGTH__ = DEFINED (__LOCK_REGION_LENGTH__)?__LOCK_REGION_LENGTH__:0x400
                0x00000400                __SIGNATURE_REGION_LENGTH__ = DEFINED (__SIGNATURE_REGION_LENGTH__)?__SIGNATURE_REGION_LENGTH__:0x400
                0x00000400                __USER_SIGNATURE_REGION_LENGTH__ = DEFINED (__USER_SIGNATURE_REGION_LENGTH__)?__USER_SIGNATURE_REGION_LENGTH__:0x400

.hash
 *(.hash)

.dynsym
 *(.dynsym)

.dynstr
 *(.dynstr)

.gnu.version
 *(.gnu.version)

.gnu.version_d
 *(.gnu.version_d)

.gnu.version_r
 *(.gnu.version_r)

.rel.init
 *(.rel.init)

.rela.init
 *(.rela.init)

.rel.text
 *(.rel.text)
 *(.rel.text.*)
 *(.rel.gnu.linkonce.t*)

.rela.text
 *(.rela.text)
 *(.rela.text.*)
 *(.rela.gnu.linkonce.t*)

.rel.fini
 *(.rel.fini)

.rela.fini
 *(.rela.fini)

.rel.rodata
 *(.rel.rodata)
 *(.rel.rodata.*)
 *(.rel.gnu.linkonce.r*)

.rela.rodata
 *(.rela.rodata)
 *(.rela.rodata.*)
 *(.rela.gnu.linkonce.r*)

.rel.data
 *(.rel.data)
 *(.rel.data.*)
 *(.rel.gnu.linkonce.d*)

.rela.data
 *(.rela.data)
 *(.rela.data.*)
 *(.rela.gnu.linkonce.d*)

.rel.ctors
 *(.rel.ctors)

.rela.ctors
 *(.rela.ctors)

.rel.dtors
 *(.rel.dtors)

.rela.dtors
 *(.rela.dtors)

.rel.got
 *(.rel.got)

.rela.got
 *(.rela.got)

.rel.bss
 *(.rel.bss)

.rela.bss
 *(.rela.bss)

.rel.plt
 *(.rel.plt)

.rela.plt
 *(.rela.plt)

.text           0x00000000     0x22ee
 *(.vectors)
 .vectors       0x00000000       0x74 c:/program files (x86)/atmel/studio/7.0/toolchain/avr8/avr8-gnu-toolchain/bin/../lib/gcc/avr/5.4.0/../../../../avr/lib/avr35/crtatmega16u2.o
                0x00000000                __vector_default
                0x00000000                __vectors
 *(.vectors)
 *(.progmem.gcc*)
 .progmem.gcc_sw_table.pinMode
                0x00000074       0x30 Functions.o
 .progmem.gcc_sw_table.digitalWrite
                0x000000a4       0x30 Functions.o
 .progmem.gcc_sw_table.digitalRead
                0x000000d4       0x30 Functions.o
                0x00000104                . = ALIGN (0x2)
                0x00000104                __trampolines_start = .
 *(.trampolines)
 .trampolines   0x00000104        0x0 linker stubs
 *(.trampolines*)
                0x00000104                __trampolines_end = .
 *libprintf_flt.a:*(.progmem.data)
 *libc.a:*(.progmem.data)
 *(.progmem*)
 .progmem.data.endpoint_config_table
                0x00000104        0xc usb_keyboard.o
 .progmem.data.string2
                0x00000110       0x1c usb_keyboard.o
                0x00000110                string2
 .progmem.data.string1
                0x0000012c        0xc usb_keyboard.o
                0x0000012c                string1
 .progmem.data.string0
                0x00000138        0x4 usb_keyboard.o
                0x00000138                string0
 .progmem.data.config1_descriptor
                0x0000013c       0x5b usb_keyboard.o
                0x0000013c                config1_descriptor
 .progmem.data.RawReport
                0x00000197       0x22 usb_keyboard.o
                0x00000197                RawReport
 .progmem.data.MouseReport
                0x000001b9       0x84 usb_keyboard.o
                0x000001b9                MouseReport
 .progmem.data.KeyboardReport
                0x0000023d       0x40 usb_keyboard.o
                0x0000023d                KeyboardReport
 .progmem.data.device_descriptor
                0x0000027d       0x12 usb_keyboard.o
                0x0000027d                device_descriptor
 .progmem.data.Bcolors
                0x0000028f      0x200 ws2812.o
                0x0000028f                Bcolors
 .progmem.data.Gcolors
                0x0000048f      0x200 ws2812.o
                0x0000048f                Gcolors
 .progmem.data.Rcolors
                0x0000068f      0x200 ws2812.o
                0x0000068f                Rcolors
                0x00000890                . = ALIGN (0x2)
 *fill*         0x0000088f        0x1 
 *(.jumptables)
 *(.jumptables*)
 *(.lowtext)
 *(.lowtext*)
                0x00000890                __ctors_start = .
 *(.ctors)
                0x00000890                __ctors_end = .
                0x00000890                __dtors_start = .
 *(.dtors)
                0x00000890                __dtors_end = .
 SORT(*)(.ctors)
 SORT(*)(.dtors)
 *(.init0)
 .init0         0x00000890        0x0 c:/program files (x86)/atmel/studio/7.0/toolchain/avr8/avr8-gnu-toolchain/bin/../lib/gcc/avr/5.4.0/../../../../avr/lib/avr35/crtatmega16u2.o
                0x00000890                __init
 *(.init0)
 *(.init1)
 *(.init1)
 *(.init2)
 .init2         0x00000890        0xc c:/program files (x86)/atmel/studio/7.0/toolchain/avr8/avr8-gnu-toolchain/bin/../lib/gcc/avr/5.4.0/../../../../avr/lib/avr35/crtatmega16u2.o
 *(.init2)
 *(.init3)
 *(.init3)
 *(.init4)
 .init4         0x0000089c       0x16 c:/program files (x86)/atmel/studio/7.0/toolchain/avr8/avr8-gnu-toolchain/bin/../lib/gcc/avr/5.4.0/avr35\libgcc.a(_copy_data.o)
                0x0000089c                __do_copy_data
 .init4         0x000008b2       0x10 c:/program files (x86)/atmel/studio/7.0/toolchain/avr8/avr8-gnu-toolchain/bin/../lib/gcc/avr/5.4.0/avr35\libgcc.a(_clear_bss.o)
                0x000008b2                __do_clear_bss
 *(.init4)
 *(.init5)
 *(.init5)
 *(.init6)
 *(.init6)
 *(.init7)
 *(.init7)
 *(.init8)
 *(.init8)
 *(.init9)
 .init9         0x000008c2        0x8 c:/program files (x86)/atmel/studio/7.0/toolchain/avr8/avr8-gnu-toolchain/bin/../lib/gcc/avr/5.4.0/../../../../avr/lib/avr35/crtatmega16u2.o
 *(.init9)
 *(.text)
 .text          0x000008ca        0x4 c:/program files (x86)/atmel/studio/7.0/toolchain/avr8/avr8-gnu-toolchain/bin/../lib/gcc/avr/5.4.0/../../../../avr/lib/avr35/crtatmega16u2.o
                0x000008ca                __vector_22
                0x000008ca                __vector_28
                0x000008ca                __vector_1
                0x000008ca                __vector_24
                0x000008ca                __bad_interrupt
                0x000008ca                __vector_6
                0x000008ca                __vector_3
                0x000008ca                __vector_23
                0x000008ca                __vector_25
                0x000008ca                __vector_13
                0x000008ca                __vector_17
                0x000008ca                __vector_19
                0x000008ca                __vector_7
                0x000008ca                __vector_27
                0x000008ca                __vector_5
                0x000008ca                __vector_4
                0x000008ca                __vector_9
                0x000008ca                __vector_2
                0x000008ca                __vector_21
                0x000008ca                __vector_15
                0x000008ca                __vector_8
                0x000008ca                __vector_26
                0x000008ca                __vector_14
                0x000008ca                __vector_10
                0x000008ca                __vector_16
                0x000008ca                __vector_18
                0x000008ca                __vector_20
                0x000008ce                . = ALIGN (0x2)
 *(.text.*)
 .text.ResetMatrix
                0x000008ce       0x96 Functions.o
                0x000008ce                ResetMatrix
 .text.ResetMatrixFormEEP
                0x00000964       0xf2 Functions.o
                0x00000964                ResetMatrixFormEEP
 .text.eepwrite
                0x00000a56       0xba Functions.o
                0x00000a56                eepwrite
 .text.ClearMouse
                0x00000b10       0x44 Functions.o
                0x00000b10                ClearMouse
 .text.ClearKeyboard
                0x00000b54       0x36 Functions.o
                0x00000b54                ClearKeyboard
 .text.ClearRaw
                0x00000b8a       0x1e Functions.o
                0x00000b8a                ClearRaw
 .text.IsBufferClear
                0x00000ba8       0x4c Functions.o
                0x00000ba8                IsBufferClear
 .text.presssystemkey
                0x00000bf4        0xc Functions.o
                0x00000bf4                presssystemkey
 .text.pressconsumerkey
                0x00000c00       0x3c Functions.o
                0x00000c00                pressconsumerkey
 .text.pressmousekey
                0x00000c3c        0xc Functions.o
                0x00000c3c                pressmousekey
 .text.releaseAllmousekeys
                0x00000c48       0x10 Functions.o
                0x00000c48                releaseAllmousekeys
 .text.releaseAllkeyboardkeys
                0x00000c58       0x14 Functions.o
                0x00000c58                releaseAllkeyboardkeys
 .text.presskey
                0x00000c6c       0x3a Functions.o
                0x00000c6c                presskey
 .text.pressModifierKeys
                0x00000ca6        0xc Functions.o
                0x00000ca6                pressModifierKeys
 .text.usb_keyboard_send_required
                0x00000cb2       0x8e Functions.o
                0x00000cb2                usb_keyboard_send_required
 .text.usb_keyboard_send
                0x00000d40       0x1e Functions.o
                0x00000d40                usb_keyboard_send
 .text.usb_mouse_send_required
                0x00000d5e       0x60 Functions.o
                0x00000d5e                usb_mouse_send_required
 .text.usb_mouse_send
                0x00000dbe       0xdc Functions.o
                0x00000dbe                usb_mouse_send
 .text.pressmacrokey
                0x00000e9a       0x28 Functions.o
                0x00000e9a                pressmacrokey
 .text.usb_macro_send_required
                0x00000ec2       0x18 Functions.o
                0x00000ec2                usb_macro_send_required
 .text.keyPrintHexadecimal
                0x00000eda       0xd6 Functions.o
                0x00000eda                keyPrintHexadecimal
 .text.keyPrintDecimal
                0x00000fb0       0xf2 Functions.o
                0x00000fb0                keyPrintDecimal
 .text.keyPrintWordDebug
                0x000010a2       0x32 Functions.o
                0x000010a2                keyPrintWordDebug
 .text.keyPrintChinese
                0x000010d4       0x8e Functions.o
                0x000010d4                keyPrintChinese
 .text.keyPrintEnglish
                0x00001162       0x50 Functions.o
                0x00001162                keyPrintEnglish
 .text.keyPrintChar
                0x000011b2       0x84 Functions.o
                0x000011b2                keyPrintChar
 .text.keyPrintWordFlash
                0x00001236       0x4c Functions.o
                0x00001236                keyPrintWordFlash
 .text.keyPrintWordFlash2
                0x00001282        0x8 Functions.o
                0x00001282                keyPrintWordFlash2
 .text.keyPrintWordEEP
                0x0000128a       0x4a Functions.o
                0x0000128a                keyPrintWordEEP
 .text.pinMode  0x000012d4      0x134 Functions.o
                0x000012d4                pinMode
 .text.digitalWrite
                0x00001408      0x134 Functions.o
                0x00001408                digitalWrite
 .text.digitalRead
                0x0000153c       0x86 Functions.o
                0x0000153c                digitalRead
 .text.startup.main
                0x000015c2        0x4 main.o
                0x000015c2                main
 .text.init_cols
                0x000015c6       0x3a Matrix/xd004.o
                0x000015c6                init_cols
 .text.Open_LED
                0x00001600       0x28 Matrix/xd004.o
                0x00001600                Open_LED
 .text.Close_LED
                0x00001628       0x28 Matrix/xd004.o
                0x00001628                Close_LED
 .text.init_LED
                0x00001650       0x64 Matrix/xd004.o
                0x00001650                init_LED
 .text.usb_macro_send
                0x000016b4       0x40 Matrix/xd004.o
                0x000016b4                usb_macro_send
 .text.LED      0x000016f4       0xfc Matrix/xd004.o
                0x000016f4                LED
 .text.xd004Mode
                0x000017f0      0x264 Matrix/xd004.o
                0x000017f0                xd004Mode
 .text.init_main
                0x00001a54       0x8e Matrix/xd004.o
                0x00001a54                init_main
 .text.WaitIN   0x00001ae2        0xa usb_keyboard.o
 .text.usb_init
                0x00001aec       0x3c usb_keyboard.o
                0x00001aec                usb_init
 .text.usb_configured
                0x00001b28        0x6 usb_keyboard.o
                0x00001b28                usb_configured
 .text.usb_recv
                0x00001b2e       0x60 usb_keyboard.o
                0x00001b2e                usb_recv
 .text.usb_send
                0x00001b8e       0x60 usb_keyboard.o
                0x00001b8e                usb_send
 .text.EVENT_USB_Device_StartOfFrame
                0x00001bee       0x4c usb_keyboard.o
                0x00001bee                EVENT_USB_Device_StartOfFrame
 .text.__vector_11
                0x00001c3a       0xdc usb_keyboard.o
                0x00001c3a                __vector_11
 .text.__vector_12
                0x00001d16      0x43a usb_keyboard.o
                0x00001d16                __vector_12
 .text.WS2812Setup
                0x00002150        0x4 ws2812.o
                0x00002150                WS2812Setup
 .text.WS2812Clear
                0x00002154       0x12 ws2812.o
                0x00002154                WS2812Clear
 .text.WS2812SetRGB
                0x00002166       0x18 ws2812.o
                0x00002166                WS2812SetRGB
 .text.WS2812Send
                0x0000217e       0x62 ws2812.o
                0x0000217e                WS2812Send
 .text.WS2812Send2
                0x000021e0       0x3a ws2812.o
                0x000021e0                WS2812Send2
 .text.libgcc.mul
                0x0000221a       0x22 c:/program files (x86)/atmel/studio/7.0/toolchain/avr8/avr8-gnu-toolchain/bin/../lib/gcc/avr/5.4.0/avr35\libgcc.a(_mulhi3.o)
                0x0000221a                __mulhi3
 .text.libgcc.div
                0x0000223c       0x18 c:/program files (x86)/atmel/studio/7.0/toolchain/avr8/avr8-gnu-toolchain/bin/../lib/gcc/avr/5.4.0/avr35\libgcc.a(_udivmodqi4.o)
                0x0000223c                __udivmodqi4
 .text.libgcc.div
                0x00002254       0x28 c:/program files (x86)/atmel/studio/7.0/toolchain/avr8/avr8-gnu-toolchain/bin/../lib/gcc/avr/5.4.0/avr35\libgcc.a(_udivmodhi4.o)
                0x00002254                __udivmodhi4
 .text.libgcc   0x0000227c        0xc c:/program files (x86)/atmel/studio/7.0/toolchain/avr8/avr8-gnu-toolchain/bin/../lib/gcc/avr/5.4.0/avr35\libgcc.a(_tablejump2.o)
                0x0000227c                __tablejump2__
 .text.avr-libc
                0x00002288       0x10 c:/program files (x86)/atmel/studio/7.0/toolchain/avr8/avr8-gnu-toolchain/bin/../lib/gcc/avr/5.4.0/../../../../avr/lib/avr35\libatmega16u2.a(eerd_byte.o)
                0x00002288                eeprom_read_byte
 .text.avr-libc
                0x00002298        0xc c:/program files (x86)/atmel/studio/7.0/toolchain/avr8/avr8-gnu-toolchain/bin/../lib/gcc/avr/5.4.0/../../../../avr/lib/avr35\libatmega16u2.a(eerd_word.o)
                0x00002298                eeprom_read_word
 .text.avr-libc
                0x000022a4        0xa c:/program files (x86)/atmel/studio/7.0/toolchain/avr8/avr8-gnu-toolchain/bin/../lib/gcc/avr/5.4.0/../../../../avr/lib/avr35\libatmega16u2.a(eewr_word.o)
                0x000022a4                eeprom_write_word
 .text.avr-libc
                0x000022ae       0x20 c:/program files (x86)/atmel/studio/7.0/toolchain/avr8/avr8-gnu-toolchain/bin/../lib/gcc/avr/5.4.0/../../../../avr/lib/avr35\libatmega16u2.a(eerd_block.o)
                0x000022ae                eeprom_read_block
                0x000022b2                eeprom_read_blraw
 .text.avr-libc
                0x000022ce       0x1c c:/program files (x86)/atmel/studio/7.0/toolchain/avr8/avr8-gnu-toolchain/bin/../lib/gcc/avr/5.4.0/../../../../avr/lib/avr35\libatmega16u2.a(eewr_byte.o)
                0x000022ce                eeprom_write_byte
                0x000022d0                eeprom_write_r18
                0x000022ea                . = ALIGN (0x2)
 *(.fini9)
 .fini9         0x000022ea        0x0 c:/program files (x86)/atmel/studio/7.0/toolchain/avr8/avr8-gnu-toolchain/bin/../lib/gcc/avr/5.4.0/avr35\libgcc.a(_exit.o)
                0x000022ea                _exit
                0x000022ea                exit
 *(.fini9)
 *(.fini8)
 *(.fini8)
 *(.fini7)
 *(.fini7)
 *(.fini6)
 *(.fini6)
 *(.fini5)
 *(.fini5)
 *(.fini4)
 *(.fini4)
 *(.fini3)
 *(.fini3)
 *(.fini2)
 *(.fini2)
 *(.fini1)
 *(.fini1)
 *(.fini0)
 .fini0         0x000022ea        0x4 c:/program files (x86)/atmel/studio/7.0/toolchain/avr8/avr8-gnu-toolchain/bin/../lib/gcc/avr/5.4.0/avr35\libgcc.a(_exit.o)
 *(.fini0)
                0x000022ee                _etext = .

.data           0x00800100       0x16 load address 0x000022ee
                0x00800100                PROVIDE (__data_start, .)
 *(.data)
 *(.data*)
 .data.keymask  0x00800100        0x4 Matrix/xd004.o
                0x00800100                keymask
 .data.hexaKeys1
                0x00800104        0x4 Matrix/xd004.o
                0x00800104                hexaKeys1
 .data.hexaKeys0
                0x00800108        0x4 Matrix/xd004.o
                0x00800108                hexaKeys0
 .data.rowPins  0x0080010c        0x1 Matrix/xd004.o
                0x0080010c                rowPins
 .data.ledPins  0x0080010d        0x4 Matrix/xd004.o
                0x0080010d                ledPins
 .data.colPins  0x00800111        0x4 Matrix/xd004.o
                0x00800111                colPins
 *(.gnu.linkonce.d*)
 *(.rodata)
 *(.rodata*)
 *(.gnu.linkonce.r*)
                0x00800116                . = ALIGN (0x2)
 *fill*         0x00800115        0x1 
                0x00800116                _edata = .
                0x00800116                PROVIDE (__data_end, .)

.bss            0x00800116       0x70
                0x00800116                PROVIDE (__bss_start, .)
 *(.bss)
 *(.bss*)
 .bss.cindex    0x00800116        0x4 Matrix/xd004.o
                0x00800116                cindex
 .bss.delay_before
                0x0080011a        0x1 Matrix/xd004.o
                0x0080011a                delay_before
 .bss.delay_after
                0x0080011b        0x1 Matrix/xd004.o
                0x0080011b                delay_after
 .bss.ledmacro  0x0080011c        0x1 Matrix/xd004.o
                0x0080011c                ledmacro
 .bss.div4.2313
                0x0080011d        0x1 usb_keyboard.o
 .bss.count.2306
                0x0080011e        0x1 usb_keyboard.o
 .bss.usb_configuration
                0x0080011f        0x1 usb_keyboard.o
 *(COMMON)
 COMMON         0x00800120       0x5b Functions.o
                0x00800120                raw_report_out
                0x00800128                keyboard_report
                0x00800130                raw_report_in
                0x00800138                print_keyboard_report
                0x00800140                keyboard_buffer
                0x0080014d                WS2812fix
                0x00800153                EnableRecv
                0x00800154                mouse_report
                0x00800160                mouse_buffer
                0x0080016b                print_mouse_report
                0x00800177                FN
                0x00800178                macrobuffer
                0x00800179                RGB_Type
                0x0080017a                macroreport
 COMMON         0x0080017b        0xb Matrix/xd004.o
                0x0080017b                r
                0x0080017c                i
                0x0080017d                c
                0x0080017e                WS2812Buffer
                0x00800184                delayval
                0x00800186                PROVIDE (__bss_end, .)
                0x000022ee                __data_load_start = LOADADDR (.data)
                0x00002304                __data_load_end = (__data_load_start + SIZEOF (.data))

.noinit         0x00800186        0x0
                [!provide]                PROVIDE (__noinit_start, .)
 *(.noinit*)
                [!provide]                PROVIDE (__noinit_end, .)
                0x00800186                _end = .
                [!provide]                PROVIDE (__heap_start, .)

.eeprom         0x00810000        0x0
 *(.eeprom*)
                0x00810000                __eeprom_end = .

.fuse
 *(.fuse)
 *(.lfuse)
 *(.hfuse)
 *(.efuse)

.lock
 *(.lock*)

.signature
 *(.signature*)

.user_signatures
 *(.user_signatures*)

.stab
 *(.stab)

.stabstr
 *(.stabstr)

.stab.excl
 *(.stab.excl)

.stab.exclstr
 *(.stab.exclstr)

.stab.index
 *(.stab.index)

.stab.indexstr
 *(.stab.indexstr)

.comment        0x00000000       0x30
 *(.comment)
 .comment       0x00000000       0x30 Functions.o
                                 0x31 (size before relaxing)
 .comment       0x00000030       0x31 main.o
 .comment       0x00000030       0x31 Matrix/xd004.o
 .comment       0x00000030       0x31 usb_keyboard.o
 .comment       0x00000030       0x31 ws2812.o

.note.gnu.avr.deviceinfo
                0x00000000       0x40
 .note.gnu.avr.deviceinfo
                0x00000000       0x40 c:/program files (x86)/atmel/studio/7.0/toolchain/avr8/avr8-gnu-toolchain/bin/../lib/gcc/avr/5.4.0/../../../../avr/lib/avr35/crtatmega16u2.o

.note.gnu.build-id
 *(.note.gnu.build-id)

.debug
 *(.debug)

.line
 *(.line)

.debug_srcinfo
 *(.debug_srcinfo)

.debug_sfnames
 *(.debug_sfnames)

.debug_aranges  0x00000000      0x268
 *(.debug_aranges)
 .debug_aranges
                0x00000000      0x140 Functions.o
 .debug_aranges
                0x00000140       0x20 main.o
 .debug_aranges
                0x00000160       0x60 Matrix/xd004.o
 .debug_aranges
                0x000001c0       0x60 usb_keyboard.o
 .debug_aranges
                0x00000220       0x48 ws2812.o

.debug_pubnames
 *(.debug_pubnames)

.debug_info     0x00000000     0x41da
 *(.debug_info .gnu.linkonce.wi.*)
 .debug_info    0x00000000      0x6ba c:/program files (x86)/atmel/studio/7.0/toolchain/avr8/avr8-gnu-toolchain/bin/../lib/gcc/avr/5.4.0/../../../../avr/lib/avr35/crtatmega16u2.o
 .debug_info    0x000006ba     0x1670 Functions.o
 .debug_info    0x00001d2a      0x434 main.o
 .debug_info    0x0000215e      0xc21 Matrix/xd004.o
 .debug_info    0x00002d7f      0xd86 usb_keyboard.o
 .debug_info    0x00003b05      0x6d5 ws2812.o

.debug_abbrev   0x00000000     0x1336
 *(.debug_abbrev)
 .debug_abbrev  0x00000000      0x65d c:/program files (x86)/atmel/studio/7.0/toolchain/avr8/avr8-gnu-toolchain/bin/../lib/gcc/avr/5.4.0/../../../../avr/lib/avr35/crtatmega16u2.o
 .debug_abbrev  0x0000065d      0x4a3 Functions.o
 .debug_abbrev  0x00000b00       0xf5 main.o
 .debug_abbrev  0x00000bf5      0x260 Matrix/xd004.o
 .debug_abbrev  0x00000e55      0x30f usb_keyboard.o
 .debug_abbrev  0x00001164      0x1d2 ws2812.o

.debug_line     0x00000000     0x2403
 *(.debug_line .debug_line.* .debug_line_end)
 .debug_line    0x00000000       0x1a c:/program files (x86)/atmel/studio/7.0/toolchain/avr8/avr8-gnu-toolchain/bin/../lib/gcc/avr/5.4.0/../../../../avr/lib/avr35/crtatmega16u2.o
 .debug_line    0x0000001a     0x1219 Functions.o
 .debug_line    0x00001233       0xc0 main.o
 .debug_line    0x000012f3      0x5f6 Matrix/xd004.o
 .debug_line    0x000018e9      0x8b0 usb_keyboard.o
 .debug_line    0x00002199      0x26a ws2812.o

.debug_frame    0x00000000      0x6e8
 *(.debug_frame)
 .debug_frame   0x00000000      0x3f8 Functions.o
 .debug_frame   0x000003f8       0x24 main.o
 .debug_frame   0x0000041c       0xd0 Matrix/xd004.o
 .debug_frame   0x000004ec      0x14c usb_keyboard.o
 .debug_frame   0x00000638       0xb0 ws2812.o

.debug_str      0x00000000      0xd20
 *(.debug_str)
 .debug_str     0x00000000      0x262 c:/program files (x86)/atmel/studio/7.0/toolchain/avr8/avr8-gnu-toolchain/bin/../lib/gcc/avr/5.4.0/../../../../avr/lib/avr35/crtatmega16u2.o
 .debug_str     0x00000262      0x789 Functions.o
                                0x810 (size before relaxing)
 .debug_str     0x000009eb       0x16 main.o
                                0x3b7 (size before relaxing)
 .debug_str     0x00000a01       0xec Matrix/xd004.o
                                0x6b4 (size before relaxing)
 .debug_str     0x00000aed      0x1d1 usb_keyboard.o
                                0x60e (size before relaxing)
 .debug_str     0x00000cbe       0x62 ws2812.o
                                0x457 (size before relaxing)

.debug_loc      0x00000000     0x26ff
 *(.debug_loc)
 .debug_loc     0x00000000     0x161d Functions.o
 .debug_loc     0x0000161d      0x1ce Matrix/xd004.o
 .debug_loc     0x000017eb      0x9d8 usb_keyboard.o
 .debug_loc     0x000021c3      0x53c ws2812.o

.debug_macinfo
 *(.debug_macinfo)

.debug_weaknames
 *(.debug_weaknames)

.debug_funcnames
 *(.debug_funcnames)

.debug_typenames
 *(.debug_typenames)

.debug_varnames
 *(.debug_varnames)

.debug_pubtypes
 *(.debug_pubtypes)

.debug_ranges   0x00000000      0x308
 *(.debug_ranges)
 .debug_ranges  0x00000000      0x160 Functions.o
 .debug_ranges  0x00000160       0x10 main.o
 .debug_ranges  0x00000170       0x50 Matrix/xd004.o
 .debug_ranges  0x000001c0       0xf8 usb_keyboard.o
 .debug_ranges  0x000002b8       0x50 ws2812.o

.debug_macro
 *(.debug_macro)
OUTPUT(ATmega32U2_16U2.elf elf32-avr)
LOAD linker stubs
