Archive member included to satisfy reference by file (symbol)

c:/program files (x86)/atmel/studio/7.0/toolchain/avr8/avr8-gnu-toolchain/bin/../lib/gcc/avr/5.4.0/avr5\libgcc.a(_exit.o)
                              c:/program files (x86)/atmel/studio/7.0/toolchain/avr8/avr8-gnu-toolchain/bin/../lib/gcc/avr/5.4.0/../../../../avr/lib/avr5/crtatmega32u4.o (exit)
c:/program files (x86)/atmel/studio/7.0/toolchain/avr8/avr8-gnu-toolchain/bin/../lib/gcc/avr/5.4.0/avr5\libgcc.a(_tablejump2.o)
                              Functions.o (__tablejump2__)
c:/program files (x86)/atmel/studio/7.0/toolchain/avr8/avr8-gnu-toolchain/bin/../lib/gcc/avr/5.4.0/avr5\libgcc.a(_copy_data.o)
                              Matrix/Matrix_XD60_V3.o (__do_copy_data)
c:/program files (x86)/atmel/studio/7.0/toolchain/avr8/avr8-gnu-toolchain/bin/../lib/gcc/avr/5.4.0/avr5\libgcc.a(_clear_bss.o)
                              Functions.o (__do_clear_bss)
c:/program files (x86)/atmel/studio/7.0/toolchain/avr8/avr8-gnu-toolchain/bin/../lib/gcc/avr/5.4.0/avr5\libgcc.a(_umulhisi3.o)
                              Functions.o (__umulhisi3)
c:/program files (x86)/atmel/studio/7.0/toolchain/avr8/avr8-gnu-toolchain/bin/../lib/gcc/avr/5.4.0/../../../../avr/lib/avr5\libatmega32u4.a(eerd_byte.o)
                              Functions.o (eeprom_read_byte)
c:/program files (x86)/atmel/studio/7.0/toolchain/avr8/avr8-gnu-toolchain/bin/../lib/gcc/avr/5.4.0/../../../../avr/lib/avr5\libatmega32u4.a(eerd_word.o)
                              Functions.o (eeprom_read_word)
c:/program files (x86)/atmel/studio/7.0/toolchain/avr8/avr8-gnu-toolchain/bin/../lib/gcc/avr/5.4.0/../../../../avr/lib/avr5\libatmega32u4.a(eewr_word.o)
                              Functions.o (eeprom_write_word)
c:/program files (x86)/atmel/studio/7.0/toolchain/avr8/avr8-gnu-toolchain/bin/../lib/gcc/avr/5.4.0/../../../../avr/lib/avr5\libatmega32u4.a(eerd_block.o)
                              c:/program files (x86)/atmel/studio/7.0/toolchain/avr8/avr8-gnu-toolchain/bin/../lib/gcc/avr/5.4.0/../../../../avr/lib/avr5\libatmega32u4.a(eerd_word.o) (eeprom_read_blraw)
c:/program files (x86)/atmel/studio/7.0/toolchain/avr8/avr8-gnu-toolchain/bin/../lib/gcc/avr/5.4.0/../../../../avr/lib/avr5\libatmega32u4.a(eewr_byte.o)
                              c:/program files (x86)/atmel/studio/7.0/toolchain/avr8/avr8-gnu-toolchain/bin/../lib/gcc/avr/5.4.0/../../../../avr/lib/avr5\libatmega32u4.a(eewr_word.o) (eeprom_write_byte)

Allocating common symbols
Common symbol       size              file

raw_report_out      0x8               Functions.o
keyboard_report     0x8               Functions.o
raw_report_in       0x8               Functions.o
print_keyboard_report
                    0x8               Functions.o
keyboard_buffer     0xd               Functions.o
WS2812fix           0x24              Functions.o
EnableRecv          0x1               Functions.o
r                   0x1               Matrix/Matrix_XD60_V3.o
i                   0x1               Matrix/Matrix_XD60_V3.o
mouse_report        0xc               Functions.o
c                   0x1               Matrix/Matrix_XD60_V3.o
mouse_buffer        0xb               Functions.o
print_mouse_report  0xc               Functions.o
FN                  0x1               Functions.o
WS2812Buffer        0x24              Matrix/Matrix_XD60_V3.o
macrobuffer         0x1               Functions.o
delayval            0x2               Matrix/Matrix_XD60_V3.o
RGB_Type            0x1               Functions.o
macroreport         0x1               Functions.o

Discarded input sections

 .data          0x00000000        0x0 c:/program files (x86)/atmel/studio/7.0/toolchain/avr8/avr8-gnu-toolchain/bin/../lib/gcc/avr/5.4.0/../../../../avr/lib/avr5/crtatmega32u4.o
 .bss           0x00000000        0x0 c:/program files (x86)/atmel/studio/7.0/toolchain/avr8/avr8-gnu-toolchain/bin/../lib/gcc/avr/5.4.0/../../../../avr/lib/avr5/crtatmega32u4.o
 .text          0x00000000        0x0 Functions.o
 .data          0x00000000        0x0 Functions.o
 .bss           0x00000000        0x0 Functions.o
 .text.ResetMatrix
                0x00000000       0xd8 Functions.o
 .text.releasemousekey
                0x00000000        0xe Functions.o
 .text.releasekey
                0x00000000       0x62 Functions.o
 .text.releaseModifierKeys
                0x00000000        0xe Functions.o
 .text.keyPrintChinese
                0x00000000       0x94 Functions.o
 .text.keyPrintEnglish
                0x00000000       0x50 Functions.o
 .text.keyPrintChar
                0x00000000      0x21e Functions.o
 .text          0x00000000        0x0 main.o
 .data          0x00000000        0x0 main.o
 .bss           0x00000000        0x0 main.o
 .text          0x00000000        0x0 Matrix/Matrix_CNY.o
 .data          0x00000000        0x0 Matrix/Matrix_CNY.o
 .bss           0x00000000        0x0 Matrix/Matrix_CNY.o
 .debug_info    0x00000000      0x402 Matrix/Matrix_CNY.o
 .debug_abbrev  0x00000000       0xb3 Matrix/Matrix_CNY.o
 .debug_aranges
                0x00000000       0x18 Matrix/Matrix_CNY.o
 .debug_line    0x00000000       0xaa Matrix/Matrix_CNY.o
 .debug_str     0x00000000      0x3ca Matrix/Matrix_CNY.o
 .comment       0x00000000       0x31 Matrix/Matrix_CNY.o
 .text          0x00000000        0x0 Matrix/Matrix_XD60_V3.o
 .data          0x00000000        0x0 Matrix/Matrix_XD60_V3.o
 .bss           0x00000000        0x0 Matrix/Matrix_XD60_V3.o
 .text.init_LED
                0x00000000       0x4c Matrix/Matrix_XD60_V3.o
 .text.usb_macro_send
                0x00000000       0x22 Matrix/Matrix_XD60_V3.o
 .text          0x00000000        0x0 Matrix/Matric_XD75.o
 .data          0x00000000        0x0 Matrix/Matric_XD75.o
 .bss           0x00000000        0x0 Matrix/Matric_XD75.o
 .debug_info    0x00000000      0x414 Matrix/Matric_XD75.o
 .debug_abbrev  0x00000000       0xb3 Matrix/Matric_XD75.o
 .debug_aranges
                0x00000000       0x18 Matrix/Matric_XD75.o
 .debug_line    0x00000000       0xb6 Matrix/Matric_XD75.o
 .debug_str     0x00000000      0x3d8 Matrix/Matric_XD75.o
 .comment       0x00000000       0x31 Matrix/Matric_XD75.o
 .text          0x00000000        0x0 usb_keyboard.o
 .data          0x00000000        0x0 usb_keyboard.o
 .bss           0x00000000        0x0 usb_keyboard.o
 .text.Recv     0x00000000       0x1a usb_keyboard.o
 .text.usb_recv
                0x00000000       0x6a usb_keyboard.o
 .text.EVENT_USB_Device_StartOfFrame
                0x00000000      0x16e usb_keyboard.o
 .text          0x00000000        0x0 ws2812.o
 .data          0x00000000        0x0 ws2812.o
 .bss           0x00000000        0x0 ws2812.o
 .text.WS2812SetHSV
                0x00000000      0x182 ws2812.o
 .text.WS2812Send
                0x00000000      0x1d0 ws2812.o
 .text          0x00000000        0x0 c:/program files (x86)/atmel/studio/7.0/toolchain/avr8/avr8-gnu-toolchain/bin/../lib/gcc/avr/5.4.0/avr5\libgcc.a(_exit.o)
 .data          0x00000000        0x0 c:/program files (x86)/atmel/studio/7.0/toolchain/avr8/avr8-gnu-toolchain/bin/../lib/gcc/avr/5.4.0/avr5\libgcc.a(_exit.o)
 .bss           0x00000000        0x0 c:/program files (x86)/atmel/studio/7.0/toolchain/avr8/avr8-gnu-toolchain/bin/../lib/gcc/avr/5.4.0/avr5\libgcc.a(_exit.o)
 .text.libgcc.mul
                0x00000000        0x0 c:/program files (x86)/atmel/studio/7.0/toolchain/avr8/avr8-gnu-toolchain/bin/../lib/gcc/avr/5.4.0/avr5\libgcc.a(_exit.o)
 .text.libgcc.div
                0x00000000        0x0 c:/program files (x86)/atmel/studio/7.0/toolchain/avr8/avr8-gnu-toolchain/bin/../lib/gcc/avr/5.4.0/avr5\libgcc.a(_exit.o)
 .text.libgcc   0x00000000        0x0 c:/program files (x86)/atmel/studio/7.0/toolchain/avr8/avr8-gnu-toolchain/bin/../lib/gcc/avr/5.4.0/avr5\libgcc.a(_exit.o)
 .text.libgcc.prologue
                0x00000000        0x0 c:/program files (x86)/atmel/studio/7.0/toolchain/avr8/avr8-gnu-toolchain/bin/../lib/gcc/avr/5.4.0/avr5\libgcc.a(_exit.o)
 .text.libgcc.builtins
                0x00000000        0x0 c:/program files (x86)/atmel/studio/7.0/toolchain/avr8/avr8-gnu-toolchain/bin/../lib/gcc/avr/5.4.0/avr5\libgcc.a(_exit.o)
 .text.libgcc.fmul
                0x00000000        0x0 c:/program files (x86)/atmel/studio/7.0/toolchain/avr8/avr8-gnu-toolchain/bin/../lib/gcc/avr/5.4.0/avr5\libgcc.a(_exit.o)
 .text.libgcc.fixed
                0x00000000        0x0 c:/program files (x86)/atmel/studio/7.0/toolchain/avr8/avr8-gnu-toolchain/bin/../lib/gcc/avr/5.4.0/avr5\libgcc.a(_exit.o)
 .text          0x00000000        0x0 c:/program files (x86)/atmel/studio/7.0/toolchain/avr8/avr8-gnu-toolchain/bin/../lib/gcc/avr/5.4.0/avr5\libgcc.a(_tablejump2.o)
 .data          0x00000000        0x0 c:/program files (x86)/atmel/studio/7.0/toolchain/avr8/avr8-gnu-toolchain/bin/../lib/gcc/avr/5.4.0/avr5\libgcc.a(_tablejump2.o)
 .bss           0x00000000        0x0 c:/program files (x86)/atmel/studio/7.0/toolchain/avr8/avr8-gnu-toolchain/bin/../lib/gcc/avr/5.4.0/avr5\libgcc.a(_tablejump2.o)
 .text.libgcc.mul
                0x00000000        0x0 c:/program files (x86)/atmel/studio/7.0/toolchain/avr8/avr8-gnu-toolchain/bin/../lib/gcc/avr/5.4.0/avr5\libgcc.a(_tablejump2.o)
 .text.libgcc.div
                0x00000000        0x0 c:/program files (x86)/atmel/studio/7.0/toolchain/avr8/avr8-gnu-toolchain/bin/../lib/gcc/avr/5.4.0/avr5\libgcc.a(_tablejump2.o)
 .text.libgcc.prologue
                0x00000000        0x0 c:/program files (x86)/atmel/studio/7.0/toolchain/avr8/avr8-gnu-toolchain/bin/../lib/gcc/avr/5.4.0/avr5\libgcc.a(_tablejump2.o)
 .text.libgcc.builtins
                0x00000000        0x0 c:/program files (x86)/atmel/studio/7.0/toolchain/avr8/avr8-gnu-toolchain/bin/../lib/gcc/avr/5.4.0/avr5\libgcc.a(_tablejump2.o)
 .text.libgcc.fmul
                0x00000000        0x0 c:/program files (x86)/atmel/studio/7.0/toolchain/avr8/avr8-gnu-toolchain/bin/../lib/gcc/avr/5.4.0/avr5\libgcc.a(_tablejump2.o)
 .text.libgcc.fixed
                0x00000000        0x0 c:/program files (x86)/atmel/studio/7.0/toolchain/avr8/avr8-gnu-toolchain/bin/../lib/gcc/avr/5.4.0/avr5\libgcc.a(_tablejump2.o)
 .text          0x00000000        0x0 c:/program files (x86)/atmel/studio/7.0/toolchain/avr8/avr8-gnu-toolchain/bin/../lib/gcc/avr/5.4.0/avr5\libgcc.a(_copy_data.o)
 .data          0x00000000        0x0 c:/program files (x86)/atmel/studio/7.0/toolchain/avr8/avr8-gnu-toolchain/bin/../lib/gcc/avr/5.4.0/avr5\libgcc.a(_copy_data.o)
 .bss           0x00000000        0x0 c:/program files (x86)/atmel/studio/7.0/toolchain/avr8/avr8-gnu-toolchain/bin/../lib/gcc/avr/5.4.0/avr5\libgcc.a(_copy_data.o)
 .text.libgcc.mul
                0x00000000        0x0 c:/program files (x86)/atmel/studio/7.0/toolchain/avr8/avr8-gnu-toolchain/bin/../lib/gcc/avr/5.4.0/avr5\libgcc.a(_copy_data.o)
 .text.libgcc.div
                0x00000000        0x0 c:/program files (x86)/atmel/studio/7.0/toolchain/avr8/avr8-gnu-toolchain/bin/../lib/gcc/avr/5.4.0/avr5\libgcc.a(_copy_data.o)
 .text.libgcc   0x00000000        0x0 c:/program files (x86)/atmel/studio/7.0/toolchain/avr8/avr8-gnu-toolchain/bin/../lib/gcc/avr/5.4.0/avr5\libgcc.a(_copy_data.o)
 .text.libgcc.prologue
                0x00000000        0x0 c:/program files (x86)/atmel/studio/7.0/toolchain/avr8/avr8-gnu-toolchain/bin/../lib/gcc/avr/5.4.0/avr5\libgcc.a(_copy_data.o)
 .text.libgcc.builtins
                0x00000000        0x0 c:/program files (x86)/atmel/studio/7.0/toolchain/avr8/avr8-gnu-toolchain/bin/../lib/gcc/avr/5.4.0/avr5\libgcc.a(_copy_data.o)
 .text.libgcc.fmul
                0x00000000        0x0 c:/program files (x86)/atmel/studio/7.0/toolchain/avr8/avr8-gnu-toolchain/bin/../lib/gcc/avr/5.4.0/avr5\libgcc.a(_copy_data.o)
 .text.libgcc.fixed
                0x00000000        0x0 c:/program files (x86)/atmel/studio/7.0/toolchain/avr8/avr8-gnu-toolchain/bin/../lib/gcc/avr/5.4.0/avr5\libgcc.a(_copy_data.o)
 .text          0x00000000        0x0 c:/program files (x86)/atmel/studio/7.0/toolchain/avr8/avr8-gnu-toolchain/bin/../lib/gcc/avr/5.4.0/avr5\libgcc.a(_clear_bss.o)
 .data          0x00000000        0x0 c:/program files (x86)/atmel/studio/7.0/toolchain/avr8/avr8-gnu-toolchain/bin/../lib/gcc/avr/5.4.0/avr5\libgcc.a(_clear_bss.o)
 .bss           0x00000000        0x0 c:/program files (x86)/atmel/studio/7.0/toolchain/avr8/avr8-gnu-toolchain/bin/../lib/gcc/avr/5.4.0/avr5\libgcc.a(_clear_bss.o)
 .text.libgcc.mul
                0x00000000        0x0 c:/program files (x86)/atmel/studio/7.0/toolchain/avr8/avr8-gnu-toolchain/bin/../lib/gcc/avr/5.4.0/avr5\libgcc.a(_clear_bss.o)
 .text.libgcc.div
                0x00000000        0x0 c:/program files (x86)/atmel/studio/7.0/toolchain/avr8/avr8-gnu-toolchain/bin/../lib/gcc/avr/5.4.0/avr5\libgcc.a(_clear_bss.o)
 .text.libgcc   0x00000000        0x0 c:/program files (x86)/atmel/studio/7.0/toolchain/avr8/avr8-gnu-toolchain/bin/../lib/gcc/avr/5.4.0/avr5\libgcc.a(_clear_bss.o)
 .text.libgcc.prologue
                0x00000000        0x0 c:/program files (x86)/atmel/studio/7.0/toolchain/avr8/avr8-gnu-toolchain/bin/../lib/gcc/avr/5.4.0/avr5\libgcc.a(_clear_bss.o)
 .text.libgcc.builtins
                0x00000000        0x0 c:/program files (x86)/atmel/studio/7.0/toolchain/avr8/avr8-gnu-toolchain/bin/../lib/gcc/avr/5.4.0/avr5\libgcc.a(_clear_bss.o)
 .text.libgcc.fmul
                0x00000000        0x0 c:/program files (x86)/atmel/studio/7.0/toolchain/avr8/avr8-gnu-toolchain/bin/../lib/gcc/avr/5.4.0/avr5\libgcc.a(_clear_bss.o)
 .text.libgcc.fixed
                0x00000000        0x0 c:/program files (x86)/atmel/studio/7.0/toolchain/avr8/avr8-gnu-toolchain/bin/../lib/gcc/avr/5.4.0/avr5\libgcc.a(_clear_bss.o)
 .text          0x00000000        0x0 c:/program files (x86)/atmel/studio/7.0/toolchain/avr8/avr8-gnu-toolchain/bin/../lib/gcc/avr/5.4.0/avr5\libgcc.a(_umulhisi3.o)
 .data          0x00000000        0x0 c:/program files (x86)/atmel/studio/7.0/toolchain/avr8/avr8-gnu-toolchain/bin/../lib/gcc/avr/5.4.0/avr5\libgcc.a(_umulhisi3.o)
 .bss           0x00000000        0x0 c:/program files (x86)/atmel/studio/7.0/toolchain/avr8/avr8-gnu-toolchain/bin/../lib/gcc/avr/5.4.0/avr5\libgcc.a(_umulhisi3.o)
 .text.libgcc.div
                0x00000000        0x0 c:/program files (x86)/atmel/studio/7.0/toolchain/avr8/avr8-gnu-toolchain/bin/../lib/gcc/avr/5.4.0/avr5\libgcc.a(_umulhisi3.o)
 .text.libgcc   0x00000000        0x0 c:/program files (x86)/atmel/studio/7.0/toolchain/avr8/avr8-gnu-toolchain/bin/../lib/gcc/avr/5.4.0/avr5\libgcc.a(_umulhisi3.o)
 .text.libgcc.prologue
                0x00000000        0x0 c:/program files (x86)/atmel/studio/7.0/toolchain/avr8/avr8-gnu-toolchain/bin/../lib/gcc/avr/5.4.0/avr5\libgcc.a(_umulhisi3.o)
 .text.libgcc.builtins
                0x00000000        0x0 c:/program files (x86)/atmel/studio/7.0/toolchain/avr8/avr8-gnu-toolchain/bin/../lib/gcc/avr/5.4.0/avr5\libgcc.a(_umulhisi3.o)
 .text.libgcc.fmul
                0x00000000        0x0 c:/program files (x86)/atmel/studio/7.0/toolchain/avr8/avr8-gnu-toolchain/bin/../lib/gcc/avr/5.4.0/avr5\libgcc.a(_umulhisi3.o)
 .text.libgcc.fixed
                0x00000000        0x0 c:/program files (x86)/atmel/studio/7.0/toolchain/avr8/avr8-gnu-toolchain/bin/../lib/gcc/avr/5.4.0/avr5\libgcc.a(_umulhisi3.o)
 .text          0x00000000        0x0 c:/program files (x86)/atmel/studio/7.0/toolchain/avr8/avr8-gnu-toolchain/bin/../lib/gcc/avr/5.4.0/../../../../avr/lib/avr5\libatmega32u4.a(eerd_byte.o)
 .data          0x00000000        0x0 c:/program files (x86)/atmel/studio/7.0/toolchain/avr8/avr8-gnu-toolchain/bin/../lib/gcc/avr/5.4.0/../../../../avr/lib/avr5\libatmega32u4.a(eerd_byte.o)
 .bss           0x00000000        0x0 c:/program files (x86)/atmel/studio/7.0/toolchain/avr8/avr8-gnu-toolchain/bin/../lib/gcc/avr/5.4.0/../../../../avr/lib/avr5\libatmega32u4.a(eerd_byte.o)
 .text          0x00000000        0x0 c:/program files (x86)/atmel/studio/7.0/toolchain/avr8/avr8-gnu-toolchain/bin/../lib/gcc/avr/5.4.0/../../../../avr/lib/avr5\libatmega32u4.a(eerd_word.o)
 .data          0x00000000        0x0 c:/program files (x86)/atmel/studio/7.0/toolchain/avr8/avr8-gnu-toolchain/bin/../lib/gcc/avr/5.4.0/../../../../avr/lib/avr5\libatmega32u4.a(eerd_word.o)
 .bss           0x00000000        0x0 c:/program files (x86)/atmel/studio/7.0/toolchain/avr8/avr8-gnu-toolchain/bin/../lib/gcc/avr/5.4.0/../../../../avr/lib/avr5\libatmega32u4.a(eerd_word.o)
 .text          0x00000000        0x0 c:/program files (x86)/atmel/studio/7.0/toolchain/avr8/avr8-gnu-toolchain/bin/../lib/gcc/avr/5.4.0/../../../../avr/lib/avr5\libatmega32u4.a(eewr_word.o)
 .data          0x00000000        0x0 c:/program files (x86)/atmel/studio/7.0/toolchain/avr8/avr8-gnu-toolchain/bin/../lib/gcc/avr/5.4.0/../../../../avr/lib/avr5\libatmega32u4.a(eewr_word.o)
 .bss           0x00000000        0x0 c:/program files (x86)/atmel/studio/7.0/toolchain/avr8/avr8-gnu-toolchain/bin/../lib/gcc/avr/5.4.0/../../../../avr/lib/avr5\libatmega32u4.a(eewr_word.o)
 .text          0x00000000        0x0 c:/program files (x86)/atmel/studio/7.0/toolchain/avr8/avr8-gnu-toolchain/bin/../lib/gcc/avr/5.4.0/../../../../avr/lib/avr5\libatmega32u4.a(eerd_block.o)
 .data          0x00000000        0x0 c:/program files (x86)/atmel/studio/7.0/toolchain/avr8/avr8-gnu-toolchain/bin/../lib/gcc/avr/5.4.0/../../../../avr/lib/avr5\libatmega32u4.a(eerd_block.o)
 .bss           0x00000000        0x0 c:/program files (x86)/atmel/studio/7.0/toolchain/avr8/avr8-gnu-toolchain/bin/../lib/gcc/avr/5.4.0/../../../../avr/lib/avr5\libatmega32u4.a(eerd_block.o)
 .text          0x00000000        0x0 c:/program files (x86)/atmel/studio/7.0/toolchain/avr8/avr8-gnu-toolchain/bin/../lib/gcc/avr/5.4.0/../../../../avr/lib/avr5\libatmega32u4.a(eewr_byte.o)
 .data          0x00000000        0x0 c:/program files (x86)/atmel/studio/7.0/toolchain/avr8/avr8-gnu-toolchain/bin/../lib/gcc/avr/5.4.0/../../../../avr/lib/avr5\libatmega32u4.a(eewr_byte.o)
 .bss           0x00000000        0x0 c:/program files (x86)/atmel/studio/7.0/toolchain/avr8/avr8-gnu-toolchain/bin/../lib/gcc/avr/5.4.0/../../../../avr/lib/avr5\libatmega32u4.a(eewr_byte.o)

Memory Configuration

Name             Origin             Length             Attributes
text             0x00000000         0x00008000         xr
data             0x00800100         0x00000a00         rw !x
eeprom           0x00810000         0x00000400         rw !x
fuse             0x00820000         0x00000003         rw !x
lock             0x00830000         0x00000400         rw !x
signature        0x00840000         0x00000400         rw !x
user_signatures  0x00850000         0x00000400         rw !x
*default*        0x00000000         0xffffffff

Linker script and memory map

Address of section .data set to 0x800100
LOAD c:/program files (x86)/atmel/studio/7.0/toolchain/avr8/avr8-gnu-toolchain/bin/../lib/gcc/avr/5.4.0/../../../../avr/lib/avr5/crtatmega32u4.o
LOAD Functions.o
LOAD main.o
LOAD Matrix/Matrix_CNY.o
LOAD Matrix/Matrix_XD60_V3.o
LOAD Matrix/Matric_XD75.o
LOAD usb_keyboard.o
LOAD ws2812.o
START GROUP
LOAD c:/program files (x86)/atmel/studio/7.0/toolchain/avr8/avr8-gnu-toolchain/bin/../lib/gcc/avr/5.4.0/../../../../avr/lib/avr5\libm.a
END GROUP
START GROUP
LOAD c:/program files (x86)/atmel/studio/7.0/toolchain/avr8/avr8-gnu-toolchain/bin/../lib/gcc/avr/5.4.0/avr5\libgcc.a
LOAD c:/program files (x86)/atmel/studio/7.0/toolchain/avr8/avr8-gnu-toolchain/bin/../lib/gcc/avr/5.4.0/../../../../avr/lib/avr5\libm.a
LOAD c:/program files (x86)/atmel/studio/7.0/toolchain/avr8/avr8-gnu-toolchain/bin/../lib/gcc/avr/5.4.0/../../../../avr/lib/avr5\libc.a
LOAD c:/program files (x86)/atmel/studio/7.0/toolchain/avr8/avr8-gnu-toolchain/bin/../lib/gcc/avr/5.4.0/../../../../avr/lib/avr5\libatmega32u4.a
END GROUP
                0x00000000                __TEXT_REGION_ORIGIN__ = DEFINED (__TEXT_REGION_ORIGIN__)?__TEXT_REGION_ORIGIN__:0x0
                [0x00800100]                __DATA_REGION_ORIGIN__ = DEFINED (__DATA_REGION_ORIGIN__)?__DATA_REGION_ORIGIN__:0x800060
                [0x00008000]                __TEXT_REGION_LENGTH__ = DEFINED (__TEXT_REGION_LENGTH__)?__TEXT_REGION_LENGTH__:0x20000
                [0x00000a00]                __DATA_REGION_LENGTH__ = DEFINED (__DATA_REGION_LENGTH__)?__DATA_REGION_LENGTH__:0xffa0
                [0x00000400]                __EEPROM_REGION_LENGTH__ = DEFINED (__EEPROM_REGION_LENGTH__)?__EEPROM_REGION_LENGTH__:0x10000
                [0x00000003]                __FUSE_REGION_LENGTH__ = DEFINED (__FUSE_REGION_LENGTH__)?__FUSE_REGION_LENGTH__:0x400
                0x00000400                __LOCK_REGION_LENGTH__ = DEFINED (__LOCK_REGION_LENGTH__)?__LOCK_REGION_LENGTH__:0x400
                0x00000400                __SIGNATURE_REGION_LENGTH__ = DEFINED (__SIGNATURE_REGION_LENGTH__)?__SIGNATURE_REGION_LENGTH__:0x400
                0x00000400                __USER_SIGNATURE_REGION_LENGTH__ = DEFINED (__USER_SIGNATURE_REGION_LENGTH__)?__USER_SIGNATURE_REGION_LENGTH__:0x400

.hash
 *(.hash)

.dynsym
 *(.dynsym)

.dynstr
 *(.dynstr)

.gnu.version
 *(.gnu.version)

.gnu.version_d
 *(.gnu.version_d)

.gnu.version_r
 *(.gnu.version_r)

.rel.init
 *(.rel.init)

.rela.init
 *(.rela.init)

.rel.text
 *(.rel.text)
 *(.rel.text.*)
 *(.rel.gnu.linkonce.t*)

.rela.text
 *(.rela.text)
 *(.rela.text.*)
 *(.rela.gnu.linkonce.t*)

.rel.fini
 *(.rel.fini)

.rela.fini
 *(.rela.fini)

.rel.rodata
 *(.rel.rodata)
 *(.rel.rodata.*)
 *(.rel.gnu.linkonce.r*)

.rela.rodata
 *(.rela.rodata)
 *(.rela.rodata.*)
 *(.rela.gnu.linkonce.r*)

.rel.data
 *(.rel.data)
 *(.rel.data.*)
 *(.rel.gnu.linkonce.d*)

.rela.data
 *(.rela.data)
 *(.rela.data.*)
 *(.rela.gnu.linkonce.d*)

.rel.ctors
 *(.rel.ctors)

.rela.ctors
 *(.rela.ctors)

.rel.dtors
 *(.rel.dtors)

.rela.dtors
 *(.rela.dtors)

.rel.got
 *(.rel.got)

.rela.got
 *(.rela.got)

.rel.bss
 *(.rel.bss)

.rela.bss
 *(.rela.bss)

.rel.plt
 *(.rel.plt)

.rela.plt
 *(.rela.plt)

.text           0x00000000     0x2960
 *(.vectors)
 .vectors       0x00000000       0xac c:/program files (x86)/atmel/studio/7.0/toolchain/avr8/avr8-gnu-toolchain/bin/../lib/gcc/avr/5.4.0/../../../../avr/lib/avr5/crtatmega32u4.o
                0x00000000                __vector_default
                0x00000000                __vectors
 *(.vectors)
 *(.progmem.gcc*)
 .progmem.gcc_sw_table.pinMode
                0x000000ac       0x32 Functions.o
 .progmem.gcc_sw_table.digitalWrite
                0x000000de       0x32 Functions.o
 .progmem.gcc_sw_table.digitalRead
                0x00000110       0x32 Functions.o
                0x00000142                . = ALIGN (0x2)
                0x00000142                __trampolines_start = .
 *(.trampolines)
 .trampolines   0x00000142        0x0 linker stubs
 *(.trampolines*)
                0x00000142                __trampolines_end = .
 *libprintf_flt.a:*(.progmem.data)
 *libc.a:*(.progmem.data)
 *(.progmem*)
 .progmem.data.endpoint_config_table
                0x00000142        0xe usb_keyboard.o
 .progmem.data.string2
                0x00000150       0x1c usb_keyboard.o
                0x00000150                string2
 .progmem.data.string1
                0x0000016c        0xc usb_keyboard.o
                0x0000016c                string1
 .progmem.data.string0
                0x00000178        0x4 usb_keyboard.o
                0x00000178                string0
 .progmem.data.config1_descriptor
                0x0000017c       0x5b usb_keyboard.o
                0x0000017c                config1_descriptor
 .progmem.data.RawReport
                0x000001d7       0x22 usb_keyboard.o
                0x000001d7                RawReport
 .progmem.data.MouseReport
                0x000001f9       0x84 usb_keyboard.o
                0x000001f9                MouseReport
 .progmem.data.KeyboardReport
                0x0000027d       0x40 usb_keyboard.o
                0x0000027d                KeyboardReport
 .progmem.data.device_descriptor
                0x000002bd       0x12 usb_keyboard.o
                0x000002bd                device_descriptor
 .progmem.data.Bcolors
                0x000002cf      0x200 ws2812.o
                0x000002cf                Bcolors
 .progmem.data.Gcolors
                0x000004cf      0x200 ws2812.o
                0x000004cf                Gcolors
 .progmem.data.Rcolors
                0x000006cf      0x200 ws2812.o
                0x000006cf                Rcolors
                0x000008d0                . = ALIGN (0x2)
 *fill*         0x000008cf        0x1 
 *(.jumptables)
 *(.jumptables*)
 *(.lowtext)
 *(.lowtext*)
                0x000008d0                __ctors_start = .
 *(.ctors)
                0x000008d0                __ctors_end = .
                0x000008d0                __dtors_start = .
 *(.dtors)
                0x000008d0                __dtors_end = .
 SORT(*)(.ctors)
 SORT(*)(.dtors)
 *(.init0)
 .init0         0x000008d0        0x0 c:/program files (x86)/atmel/studio/7.0/toolchain/avr8/avr8-gnu-toolchain/bin/../lib/gcc/avr/5.4.0/../../../../avr/lib/avr5/crtatmega32u4.o
                0x000008d0                __init
 *(.init0)
 *(.init1)
 *(.init1)
 *(.init2)
 .init2         0x000008d0        0xc c:/program files (x86)/atmel/studio/7.0/toolchain/avr8/avr8-gnu-toolchain/bin/../lib/gcc/avr/5.4.0/../../../../avr/lib/avr5/crtatmega32u4.o
 *(.init2)
 *(.init3)
 *(.init3)
 *(.init4)
 .init4         0x000008dc       0x16 c:/program files (x86)/atmel/studio/7.0/toolchain/avr8/avr8-gnu-toolchain/bin/../lib/gcc/avr/5.4.0/avr5\libgcc.a(_copy_data.o)
                0x000008dc                __do_copy_data
 .init4         0x000008f2       0x10 c:/program files (x86)/atmel/studio/7.0/toolchain/avr8/avr8-gnu-toolchain/bin/../lib/gcc/avr/5.4.0/avr5\libgcc.a(_clear_bss.o)
                0x000008f2                __do_clear_bss
 *(.init4)
 *(.init5)
 *(.init5)
 *(.init6)
 *(.init6)
 *(.init7)
 *(.init7)
 *(.init8)
 *(.init8)
 *(.init9)
 .init9         0x00000902        0x8 c:/program files (x86)/atmel/studio/7.0/toolchain/avr8/avr8-gnu-toolchain/bin/../lib/gcc/avr/5.4.0/../../../../avr/lib/avr5/crtatmega32u4.o
 *(.init9)
 *(.text)
 .text          0x0000090a        0x4 c:/program files (x86)/atmel/studio/7.0/toolchain/avr8/avr8-gnu-toolchain/bin/../lib/gcc/avr/5.4.0/../../../../avr/lib/avr5/crtatmega32u4.o
                0x0000090a                __vector_38
                0x0000090a                __vector_22
                0x0000090a                __vector_28
                0x0000090a                __vector_1
                0x0000090a                __vector_32
                0x0000090a                __vector_34
                0x0000090a                __vector_24
                0x0000090a                __vector_12
                0x0000090a                __bad_interrupt
                0x0000090a                __vector_6
                0x0000090a                __vector_31
                0x0000090a                __vector_35
                0x0000090a                __vector_39
                0x0000090a                __vector_3
                0x0000090a                __vector_23
                0x0000090a                __vector_30
                0x0000090a                __vector_25
                0x0000090a                __vector_13
                0x0000090a                __vector_17
                0x0000090a                __vector_19
                0x0000090a                __vector_7
                0x0000090a                __vector_41
                0x0000090a                __vector_27
                0x0000090a                __vector_5
                0x0000090a                __vector_33
                0x0000090a                __vector_37
                0x0000090a                __vector_4
                0x0000090a                __vector_9
                0x0000090a                __vector_2
                0x0000090a                __vector_21
                0x0000090a                __vector_15
                0x0000090a                __vector_36
                0x0000090a                __vector_29
                0x0000090a                __vector_40
                0x0000090a                __vector_8
                0x0000090a                __vector_26
                0x0000090a                __vector_14
                0x0000090a                __vector_16
                0x0000090a                __vector_18
                0x0000090a                __vector_20
                0x0000090a                __vector_42
                0x0000090e                . = ALIGN (0x2)
 *(.text.*)
 .text.IsBufferClear
                0x0000090e       0x6a Functions.o
                0x0000090e                IsBufferClear
 .text.ResetMatrixFormEEP
                0x00000978      0x3f8 Functions.o
                0x00000978                ResetMatrixFormEEP
 .text.eepwrite
                0x00000d70       0xd4 Functions.o
                0x00000d70                eepwrite
 .text.ClearMouse
                0x00000e44       0x44 Functions.o
                0x00000e44                ClearMouse
 .text.ClearKeyboard
                0x00000e88       0x36 Functions.o
                0x00000e88                ClearKeyboard
 .text.ClearRaw
                0x00000ebe       0x1e Functions.o
                0x00000ebe                ClearRaw
 .text.presssystemkey
                0x00000edc        0xc Functions.o
                0x00000edc                presssystemkey
 .text.pressconsumerkey
                0x00000ee8       0x4c Functions.o
                0x00000ee8                pressconsumerkey
 .text.pressmousekey
                0x00000f34        0xc Functions.o
                0x00000f34                pressmousekey
 .text.releaseAllmousekeys
                0x00000f40       0x10 Functions.o
                0x00000f40                releaseAllmousekeys
 .text.releaseAllkeyboardkeys
                0x00000f50       0x14 Functions.o
                0x00000f50                releaseAllkeyboardkeys
 .text.presskey
                0x00000f64       0x7e Functions.o
                0x00000f64                presskey
 .text.pressModifierKeys
                0x00000fe2        0xc Functions.o
                0x00000fe2                pressModifierKeys
 .text.usb_keyboard_send_required
                0x00000fee       0x96 Functions.o
                0x00000fee                usb_keyboard_send_required
 .text.usb_keyboard_send
                0x00001084       0x1e Functions.o
                0x00001084                usb_keyboard_send
 .text.usb_mouse_send_required
                0x000010a2       0x7c Functions.o
                0x000010a2                usb_mouse_send_required
 .text.usb_mouse_send
                0x0000111e       0xee Functions.o
                0x0000111e                usb_mouse_send
 .text.closeJtag
                0x0000120c        0x8 Functions.o
                0x0000120c                closeJtag
 .text.pinMode  0x00001214      0x15e Functions.o
                0x00001214                pinMode
 .text.digitalWrite
                0x00001372      0x15e Functions.o
                0x00001372                digitalWrite
 .text.digitalRead
                0x000014d0       0xac Functions.o
                0x000014d0                digitalRead
 .text.pressmacrokey
                0x0000157c      0x118 Functions.o
                0x0000157c                pressmacrokey
 .text.usb_macro_send_required
                0x00001694       0x18 Functions.o
                0x00001694                usb_macro_send_required
 .text.keyPrintWordEEP
                0x000016ac      0x29c Functions.o
                0x000016ac                keyPrintWordEEP
 .text.startup.main
                0x00001948        0x4 main.o
                0x00001948                main
 .text.init_cols
                0x0000194c       0x36 Matrix/Matrix_XD60_V3.o
                0x0000194c                init_cols
 .text.init_rows
                0x00001982       0x36 Matrix/Matrix_XD60_V3.o
                0x00001982                init_rows
 .text.Open_LED
                0x000019b8        0x8 Matrix/Matrix_XD60_V3.o
                0x000019b8                Open_LED
 .text.Close_LED
                0x000019c0        0x8 Matrix/Matrix_XD60_V3.o
                0x000019c0                Close_LED
 .text.LED      0x000019c8      0x164 Matrix/Matrix_XD60_V3.o
                0x000019c8                LED
 .text.XD60Mode
                0x00001b2c      0x378 Matrix/Matrix_XD60_V3.o
                0x00001b2c                XD60Mode
 .text.init_main
                0x00001ea4       0xda Matrix/Matrix_XD60_V3.o
                0x00001ea4                init_main
 .text.usb_init
                0x00001f7e       0x48 usb_keyboard.o
                0x00001f7e                usb_init
 .text.usb_configured
                0x00001fc6        0x6 usb_keyboard.o
                0x00001fc6                usb_configured
 .text.usb_send
                0x00001fcc       0x6a usb_keyboard.o
                0x00001fcc                usb_send
 .text.__vector_10
                0x00002036      0x252 usb_keyboard.o
                0x00002036                __vector_10
 .text.__vector_11
                0x00002288      0x5e2 usb_keyboard.o
                0x00002288                __vector_11
 .text.WS2812Setup
                0x0000286a        0x4 ws2812.o
                0x0000286a                WS2812Setup
 .text.WS2812Clear
                0x0000286e       0x10 ws2812.o
                0x0000286e                WS2812Clear
 .text.WS2812SetRGB
                0x0000287e       0x18 ws2812.o
                0x0000287e                WS2812SetRGB
 .text.WS2812Send2
                0x00002896       0x3a ws2812.o
                0x00002896                WS2812Send2
 .text.libgcc   0x000028d0        0xc c:/program files (x86)/atmel/studio/7.0/toolchain/avr8/avr8-gnu-toolchain/bin/../lib/gcc/avr/5.4.0/avr5\libgcc.a(_tablejump2.o)
                0x000028d0                __tablejump2__
 .text.libgcc.mul
                0x000028dc       0x1e c:/program files (x86)/atmel/studio/7.0/toolchain/avr8/avr8-gnu-toolchain/bin/../lib/gcc/avr/5.4.0/avr5\libgcc.a(_umulhisi3.o)
                0x000028dc                __umulhisi3
 .text.avr-libc
                0x000028fa       0x10 c:/program files (x86)/atmel/studio/7.0/toolchain/avr8/avr8-gnu-toolchain/bin/../lib/gcc/avr/5.4.0/../../../../avr/lib/avr5\libatmega32u4.a(eerd_byte.o)
                0x000028fa                eeprom_read_byte
 .text.avr-libc
                0x0000290a        0xc c:/program files (x86)/atmel/studio/7.0/toolchain/avr8/avr8-gnu-toolchain/bin/../lib/gcc/avr/5.4.0/../../../../avr/lib/avr5\libatmega32u4.a(eerd_word.o)
                0x0000290a                eeprom_read_word
 .text.avr-libc
                0x00002916        0xa c:/program files (x86)/atmel/studio/7.0/toolchain/avr8/avr8-gnu-toolchain/bin/../lib/gcc/avr/5.4.0/../../../../avr/lib/avr5\libatmega32u4.a(eewr_word.o)
                0x00002916                eeprom_write_word
 .text.avr-libc
                0x00002920       0x20 c:/program files (x86)/atmel/studio/7.0/toolchain/avr8/avr8-gnu-toolchain/bin/../lib/gcc/avr/5.4.0/../../../../avr/lib/avr5\libatmega32u4.a(eerd_block.o)
                0x00002920                eeprom_read_block
                0x00002924                eeprom_read_blraw
 .text.avr-libc
                0x00002940       0x1c c:/program files (x86)/atmel/studio/7.0/toolchain/avr8/avr8-gnu-toolchain/bin/../lib/gcc/avr/5.4.0/../../../../avr/lib/avr5\libatmega32u4.a(eewr_byte.o)
                0x00002940                eeprom_write_byte
                0x00002942                eeprom_write_r18
                0x0000295c                . = ALIGN (0x2)
 *(.fini9)
 .fini9         0x0000295c        0x0 c:/program files (x86)/atmel/studio/7.0/toolchain/avr8/avr8-gnu-toolchain/bin/../lib/gcc/avr/5.4.0/avr5\libgcc.a(_exit.o)
                0x0000295c                _exit
                0x0000295c                exit
 *(.fini9)
 *(.fini8)
 *(.fini8)
 *(.fini7)
 *(.fini7)
 *(.fini6)
 *(.fini6)
 *(.fini5)
 *(.fini5)
 *(.fini4)
 *(.fini4)
 *(.fini3)
 *(.fini3)
 *(.fini2)
 *(.fini2)
 *(.fini1)
 *(.fini1)
 *(.fini0)
 .fini0         0x0000295c        0x4 c:/program files (x86)/atmel/studio/7.0/toolchain/avr8/avr8-gnu-toolchain/bin/../lib/gcc/avr/5.4.0/avr5\libgcc.a(_exit.o)
 *(.fini0)
                0x00002960                _etext = .

.data           0x00800100       0xfe load address 0x00002960
                0x00800100                PROVIDE (__data_start, .)
 *(.data)
 *(.data*)
 .data.keymask  0x00800100       0x46 Matrix/Matrix_XD60_V3.o
                0x00800100                keymask
 .data.hexaKeys1
                0x00800146       0x46 Matrix/Matrix_XD60_V3.o
                0x00800146                hexaKeys1
 .data.hexaKeys0
                0x0080018c       0x46 Matrix/Matrix_XD60_V3.o
                0x0080018c                hexaKeys0
 .data.cindex   0x008001d2       0x18 Matrix/Matrix_XD60_V3.o
                0x008001d2                cindex
 .data.colPins  0x008001ea        0xe Matrix/Matrix_XD60_V3.o
                0x008001ea                colPins
 .data.rowPins  0x008001f8        0x5 Matrix/Matrix_XD60_V3.o
                0x008001f8                rowPins
 *(.gnu.linkonce.d*)
 *(.rodata)
 *(.rodata*)
 *(.gnu.linkonce.r*)
                0x008001fe                . = ALIGN (0x2)
 *fill*         0x008001fd        0x1 
                0x008001fe                _edata = .
                0x008001fe                PROVIDE (__data_end, .)

.bss            0x008001fe       0xa8
                0x008001fe                PROVIDE (__bss_start, .)
 *(.bss)
 *(.bss*)
 .bss.ledmacro  0x008001fe        0x1 Matrix/Matrix_XD60_V3.o
                0x008001fe                ledmacro
 .bss.delay_before
                0x008001ff        0x1 Matrix/Matrix_XD60_V3.o
                0x008001ff                delay_before
 .bss.delay_after
                0x00800200        0x1 Matrix/Matrix_XD60_V3.o
                0x00800200                delay_after
 .bss.div4.2319
                0x00800201        0x1 usb_keyboard.o
 .bss.count.2312
                0x00800202        0x1 usb_keyboard.o
 .bss.usb_configuration
                0x00800203        0x1 usb_keyboard.o
 *(COMMON)
 COMMON         0x00800204       0x79 Functions.o
                0x00800204                raw_report_out
                0x0080020c                keyboard_report
                0x00800214                raw_report_in
                0x0080021c                print_keyboard_report
                0x00800224                keyboard_buffer
                0x00800231                WS2812fix
                0x00800255                EnableRecv
                0x00800256                mouse_report
                0x00800262                mouse_buffer
                0x0080026d                print_mouse_report
                0x00800279                FN
                0x0080027a                macrobuffer
                0x0080027b                RGB_Type
                0x0080027c                macroreport
 COMMON         0x0080027d       0x29 Matrix/Matrix_XD60_V3.o
                0x0080027d                r
                0x0080027e                i
                0x0080027f                c
                0x00800280                WS2812Buffer
                0x008002a4                delayval
                0x008002a6                PROVIDE (__bss_end, .)
                0x00002960                __data_load_start = LOADADDR (.data)
                0x00002a5e                __data_load_end = (__data_load_start + SIZEOF (.data))

.noinit         0x008002a6        0x0
                [!provide]                PROVIDE (__noinit_start, .)
 *(.noinit*)
                [!provide]                PROVIDE (__noinit_end, .)
                0x008002a6                _end = .
                [!provide]                PROVIDE (__heap_start, .)

.eeprom         0x00810000        0x0
 *(.eeprom*)
                0x00810000                __eeprom_end = .

.fuse
 *(.fuse)
 *(.lfuse)
 *(.hfuse)
 *(.efuse)

.lock
 *(.lock*)

.signature
 *(.signature*)

.user_signatures
 *(.user_signatures*)

.stab
 *(.stab)

.stabstr
 *(.stabstr)

.stab.excl
 *(.stab.excl)

.stab.exclstr
 *(.stab.exclstr)

.stab.index
 *(.stab.index)

.stab.indexstr
 *(.stab.indexstr)

.comment        0x00000000       0x30
 *(.comment)
 .comment       0x00000000       0x30 Functions.o
                                 0x31 (size before relaxing)
 .comment       0x00000030       0x31 main.o
 .comment       0x00000030       0x31 Matrix/Matrix_XD60_V3.o
 .comment       0x00000030       0x31 usb_keyboard.o
 .comment       0x00000030       0x31 ws2812.o

.note.gnu.avr.deviceinfo
                0x00000000       0x40
 .note.gnu.avr.deviceinfo
                0x00000000       0x40 c:/program files (x86)/atmel/studio/7.0/toolchain/avr8/avr8-gnu-toolchain/bin/../lib/gcc/avr/5.4.0/../../../../avr/lib/avr5/crtatmega32u4.o

.note.gnu.build-id
 *(.note.gnu.build-id)

.debug
 *(.debug)

.line
 *(.line)

.debug_srcinfo
 *(.debug_srcinfo)

.debug_sfnames
 *(.debug_sfnames)

.debug_aranges  0x00000000      0x230
 *(.debug_aranges)
 .debug_aranges
                0x00000000      0x110 Functions.o
 .debug_aranges
                0x00000110       0x20 main.o
 .debug_aranges
                0x00000130       0x60 Matrix/Matrix_XD60_V3.o
 .debug_aranges
                0x00000190       0x58 usb_keyboard.o
 .debug_aranges
                0x000001e8       0x48 ws2812.o

.debug_pubnames
 *(.debug_pubnames)

.debug_info     0x00000000     0x5069
 *(.debug_info .gnu.linkonce.wi.*)
 .debug_info    0x00000000      0x9f4 c:/program files (x86)/atmel/studio/7.0/toolchain/avr8/avr8-gnu-toolchain/bin/../lib/gcc/avr/5.4.0/../../../../avr/lib/avr5/crtatmega32u4.o
 .debug_info    0x000009f4     0x1994 Functions.o
 .debug_info    0x00002388      0x443 main.o
 .debug_info    0x000027cb      0xe1a Matrix/Matrix_XD60_V3.o
 .debug_info    0x000035e5     0x133b usb_keyboard.o
 .debug_info    0x00004920      0x749 ws2812.o

.debug_abbrev   0x00000000     0x16b9
 *(.debug_abbrev)
 .debug_abbrev  0x00000000      0x96a c:/program files (x86)/atmel/studio/7.0/toolchain/avr8/avr8-gnu-toolchain/bin/../lib/gcc/avr/5.4.0/../../../../avr/lib/avr5/crtatmega32u4.o
 .debug_abbrev  0x0000096a      0x4cd Functions.o
 .debug_abbrev  0x00000e37       0xf3 main.o
 .debug_abbrev  0x00000f2a      0x281 Matrix/Matrix_XD60_V3.o
 .debug_abbrev  0x000011ab      0x319 usb_keyboard.o
 .debug_abbrev  0x000014c4      0x1f5 ws2812.o

.debug_line     0x00000000     0x292b
 *(.debug_line .debug_line.* .debug_line_end)
 .debug_line    0x00000000       0x1a c:/program files (x86)/atmel/studio/7.0/toolchain/avr8/avr8-gnu-toolchain/bin/../lib/gcc/avr/5.4.0/../../../../avr/lib/avr5/crtatmega32u4.o
 .debug_line    0x0000001a     0x10d3 Functions.o
 .debug_line    0x000010ed       0xc2 main.o
 .debug_line    0x000011af      0x626 Matrix/Matrix_XD60_V3.o
 .debug_line    0x000017d5      0xd38 usb_keyboard.o
 .debug_line    0x0000250d      0x41e ws2812.o

.debug_frame    0x00000000      0x600
 *(.debug_frame)
 .debug_frame   0x00000000      0x34c Functions.o
 .debug_frame   0x0000034c       0x24 main.o
 .debug_frame   0x00000370       0xd0 Matrix/Matrix_XD60_V3.o
 .debug_frame   0x00000440      0x100 usb_keyboard.o
 .debug_frame   0x00000540       0xc0 ws2812.o

.debug_str      0x00000000      0xdc3
 *(.debug_str)
 .debug_str     0x00000000      0x371 c:/program files (x86)/atmel/studio/7.0/toolchain/avr8/avr8-gnu-toolchain/bin/../lib/gcc/avr/5.4.0/../../../../avr/lib/avr5/crtatmega32u4.o
 .debug_str     0x00000371      0x697 Functions.o
                                0x71e (size before relaxing)
 .debug_str     0x00000a08       0x16 main.o
                                0x3ce (size before relaxing)
 .debug_str     0x00000a1e      0x13e Matrix/Matrix_XD60_V3.o
                                0x6a5 (size before relaxing)
 .debug_str     0x00000b5c      0x1fa usb_keyboard.o
                                0x665 (size before relaxing)
 .debug_str     0x00000d56       0x6d ws2812.o
                                0x478 (size before relaxing)

.debug_loc      0x00000000     0x3406
 *(.debug_loc)
 .debug_loc     0x00000000     0x1a95 Functions.o
 .debug_loc     0x00001a95      0x1f9 Matrix/Matrix_XD60_V3.o
 .debug_loc     0x00001c8e     0x10d3 usb_keyboard.o
 .debug_loc     0x00002d61      0x6a5 ws2812.o

.debug_macinfo
 *(.debug_macinfo)

.debug_weaknames
 *(.debug_weaknames)

.debug_funcnames
 *(.debug_funcnames)

.debug_typenames
 *(.debug_typenames)

.debug_varnames
 *(.debug_varnames)

.debug_pubtypes
 *(.debug_pubtypes)

.debug_ranges   0x00000000      0x740
 *(.debug_ranges)
 .debug_ranges  0x00000000      0x260 Functions.o
 .debug_ranges  0x00000260       0x10 main.o
 .debug_ranges  0x00000270       0x98 Matrix/Matrix_XD60_V3.o
 .debug_ranges  0x00000308      0x3d0 usb_keyboard.o
 .debug_ranges  0x000006d8       0x68 ws2812.o

.debug_macro
 *(.debug_macro)
OUTPUT(Atmega32U4_16U4_Test1.elf elf32-avr)
LOAD linker stubs
