Archive member included to satisfy reference by file (symbol)

c:/program files (x86)/atmel/studio/7.0/toolchain/avr8/avr8-gnu-toolchain/bin/../lib/gcc/avr/5.4.0/avr5\libgcc.a(_exit.o)
                              c:/program files (x86)/atmel/studio/7.0/toolchain/avr8/avr8-gnu-toolchain/bin/../lib/gcc/avr/5.4.0/../../../../avr/lib/avr5/crtatmega32u4.o (exit)
c:/program files (x86)/atmel/studio/7.0/toolchain/avr8/avr8-gnu-toolchain/bin/../lib/gcc/avr/5.4.0/avr5\libgcc.a(_tablejump2.o)
                              Functions.o (__tablejump2__)
c:/program files (x86)/atmel/studio/7.0/toolchain/avr8/avr8-gnu-toolchain/bin/../lib/gcc/avr/5.4.0/avr5\libgcc.a(_copy_data.o)
                              Matrix/WS2812B_3528.o (__do_copy_data)
c:/program files (x86)/atmel/studio/7.0/toolchain/avr8/avr8-gnu-toolchain/bin/../lib/gcc/avr/5.4.0/avr5\libgcc.a(_clear_bss.o)
                              Functions.o (__do_clear_bss)
c:/program files (x86)/atmel/studio/7.0/toolchain/avr8/avr8-gnu-toolchain/bin/../lib/gcc/avr/5.4.0/avr5\libgcc.a(_umulhisi3.o)
                              Functions.o (__umulhisi3)
c:/program files (x86)/atmel/studio/7.0/toolchain/avr8/avr8-gnu-toolchain/bin/../lib/gcc/avr/5.4.0/../../../../avr/lib/avr5\libatmega32u4.a(eerd_byte.o)
                              Functions.o (eeprom_read_byte)
c:/program files (x86)/atmel/studio/7.0/toolchain/avr8/avr8-gnu-toolchain/bin/../lib/gcc/avr/5.4.0/../../../../avr/lib/avr5\libatmega32u4.a(eerd_word.o)
                              Functions.o (eeprom_read_word)
c:/program files (x86)/atmel/studio/7.0/toolchain/avr8/avr8-gnu-toolchain/bin/../lib/gcc/avr/5.4.0/../../../../avr/lib/avr5\libatmega32u4.a(eewr_word.o)
                              Functions.o (eeprom_write_word)
c:/program files (x86)/atmel/studio/7.0/toolchain/avr8/avr8-gnu-toolchain/bin/../lib/gcc/avr/5.4.0/../../../../avr/lib/avr5\libatmega32u4.a(eerd_block.o)
                              c:/program files (x86)/atmel/studio/7.0/toolchain/avr8/avr8-gnu-toolchain/bin/../lib/gcc/avr/5.4.0/../../../../avr/lib/avr5\libatmega32u4.a(eerd_word.o) (eeprom_read_blraw)
c:/program files (x86)/atmel/studio/7.0/toolchain/avr8/avr8-gnu-toolchain/bin/../lib/gcc/avr/5.4.0/../../../../avr/lib/avr5\libatmega32u4.a(eewr_byte.o)
                              c:/program files (x86)/atmel/studio/7.0/toolchain/avr8/avr8-gnu-toolchain/bin/../lib/gcc/avr/5.4.0/../../../../avr/lib/avr5\libatmega32u4.a(eewr_word.o) (eeprom_write_byte)

Allocating common symbols
Common symbol       size              file

b                   0x1               Matrix/WS2812B_3528.o
raw_report_out      0x8               Functions.o
keyboard_report     0x8               Functions.o
rgb_state           0x1               Functions.o
g                   0x1               Matrix/WS2812B_3528.o
raw_report_in       0x8               Functions.o
print_keyboard_report
                    0x8               Functions.o
keyboard_buffer     0xd               Functions.o
delay_val           0x2               Matrix/WS2812B_3528.o
r                   0x1               Matrix/WS2812B_3528.o
i                   0x1               Matrix/WS2812B_3528.o
mouse_report        0xc               Functions.o
c                   0x1               Matrix/WS2812B_3528.o
mouse_buffer        0xb               Functions.o
print_mouse_report  0xc               Functions.o
ws2812_buffer       0xfc              Matrix/WS2812B_3528.o
macro_report        0x1               Functions.o
FN                  0x1               Matrix/WS2812B_3528.o
enableReset         0x1               Functions.o
macro_buffer        0x1               Functions.o
rgb_type            0x1               Functions.o

Discarded input sections

 .data          0x00000000        0x0 c:/program files (x86)/atmel/studio/7.0/toolchain/avr8/avr8-gnu-toolchain/bin/../lib/gcc/avr/5.4.0/../../../../avr/lib/avr5/crtatmega32u4.o
 .bss           0x00000000        0x0 c:/program files (x86)/atmel/studio/7.0/toolchain/avr8/avr8-gnu-toolchain/bin/../lib/gcc/avr/5.4.0/../../../../avr/lib/avr5/crtatmega32u4.o
 .text          0x00000000        0x0 Functions.o
 .data          0x00000000        0x0 Functions.o
 .bss           0x00000000        0x0 Functions.o
 .text.releaseKey
                0x00000000       0x62 Functions.o
 .text.releaseModifierKeys
                0x00000000        0xe Functions.o
 .text.releaseMouseKey
                0x00000000        0xe Functions.o
 .text.resetMatrix
                0x00000000       0xd8 Functions.o
 .text.keyPrintChinese
                0x00000000       0x94 Functions.o
 .text.keyPrintEnglish
                0x00000000       0x50 Functions.o
 .text.keyPrintChar
                0x00000000      0x21e Functions.o
 .text          0x00000000        0x0 main.o
 .data          0x00000000        0x0 main.o
 .bss           0x00000000        0x0 main.o
 .text          0x00000000        0x0 Matrix/WS2812B_3528.o
 .data          0x00000000        0x0 Matrix/WS2812B_3528.o
 .bss           0x00000000        0x0 Matrix/WS2812B_3528.o
 .text.resetLED
                0x00000000       0x14 Matrix/WS2812B_3528.o
 .text          0x00000000        0x0 Matrix/XD004.o
 .data          0x00000000        0x0 Matrix/XD004.o
 .bss           0x00000000        0x0 Matrix/XD004.o
 .debug_info    0x00000000      0x459 Matrix/XD004.o
 .debug_abbrev  0x00000000       0xa2 Matrix/XD004.o
 .debug_aranges
                0x00000000       0x18 Matrix/XD004.o
 .debug_line    0x00000000       0xb6 Matrix/XD004.o
 .debug_str     0x00000000      0x3df Matrix/XD004.o
 .comment       0x00000000       0x31 Matrix/XD004.o
 .text          0x00000000        0x0 Matrix/XD60_V3.o
 .data          0x00000000        0x0 Matrix/XD60_V3.o
 .bss           0x00000000        0x0 Matrix/XD60_V3.o
 .debug_info    0x00000000      0x459 Matrix/XD60_V3.o
 .debug_abbrev  0x00000000       0xa2 Matrix/XD60_V3.o
 .debug_aranges
                0x00000000       0x18 Matrix/XD60_V3.o
 .debug_line    0x00000000       0xb6 Matrix/XD60_V3.o
 .debug_str     0x00000000      0x3e1 Matrix/XD60_V3.o
 .comment       0x00000000       0x31 Matrix/XD60_V3.o
 .text          0x00000000        0x0 usb_keyboard.o
 .data          0x00000000        0x0 usb_keyboard.o
 .bss           0x00000000        0x0 usb_keyboard.o
 .text.Recv     0x00000000       0x1a usb_keyboard.o
 .text.usbRecv  0x00000000       0x6a usb_keyboard.o
 .text.eventUSBDeviceStartOfFrame
                0x00000000      0x16e usb_keyboard.o
 .text          0x00000000        0x0 ws2812.o
 .data          0x00000000        0x0 ws2812.o
 .bss           0x00000000        0x0 ws2812.o
 .text.ws2812SetHSV
                0x00000000      0x182 ws2812.o
 .text.ws2812Send
                0x00000000      0x1d0 ws2812.o
 .text          0x00000000        0x0 c:/program files (x86)/atmel/studio/7.0/toolchain/avr8/avr8-gnu-toolchain/bin/../lib/gcc/avr/5.4.0/avr5\libgcc.a(_exit.o)
 .data          0x00000000        0x0 c:/program files (x86)/atmel/studio/7.0/toolchain/avr8/avr8-gnu-toolchain/bin/../lib/gcc/avr/5.4.0/avr5\libgcc.a(_exit.o)
 .bss           0x00000000        0x0 c:/program files (x86)/atmel/studio/7.0/toolchain/avr8/avr8-gnu-toolchain/bin/../lib/gcc/avr/5.4.0/avr5\libgcc.a(_exit.o)
 .text.libgcc.mul
                0x00000000        0x0 c:/program files (x86)/atmel/studio/7.0/toolchain/avr8/avr8-gnu-toolchain/bin/../lib/gcc/avr/5.4.0/avr5\libgcc.a(_exit.o)
 .text.libgcc.div
                0x00000000        0x0 c:/program files (x86)/atmel/studio/7.0/toolchain/avr8/avr8-gnu-toolchain/bin/../lib/gcc/avr/5.4.0/avr5\libgcc.a(_exit.o)
 .text.libgcc   0x00000000        0x0 c:/program files (x86)/atmel/studio/7.0/toolchain/avr8/avr8-gnu-toolchain/bin/../lib/gcc/avr/5.4.0/avr5\libgcc.a(_exit.o)
 .text.libgcc.prologue
                0x00000000        0x0 c:/program files (x86)/atmel/studio/7.0/toolchain/avr8/avr8-gnu-toolchain/bin/../lib/gcc/avr/5.4.0/avr5\libgcc.a(_exit.o)
 .text.libgcc.builtins
                0x00000000        0x0 c:/program files (x86)/atmel/studio/7.0/toolchain/avr8/avr8-gnu-toolchain/bin/../lib/gcc/avr/5.4.0/avr5\libgcc.a(_exit.o)
 .text.libgcc.fmul
                0x00000000        0x0 c:/program files (x86)/atmel/studio/7.0/toolchain/avr8/avr8-gnu-toolchain/bin/../lib/gcc/avr/5.4.0/avr5\libgcc.a(_exit.o)
 .text.libgcc.fixed
                0x00000000        0x0 c:/program files (x86)/atmel/studio/7.0/toolchain/avr8/avr8-gnu-toolchain/bin/../lib/gcc/avr/5.4.0/avr5\libgcc.a(_exit.o)
 .text          0x00000000        0x0 c:/program files (x86)/atmel/studio/7.0/toolchain/avr8/avr8-gnu-toolchain/bin/../lib/gcc/avr/5.4.0/avr5\libgcc.a(_tablejump2.o)
 .data          0x00000000        0x0 c:/program files (x86)/atmel/studio/7.0/toolchain/avr8/avr8-gnu-toolchain/bin/../lib/gcc/avr/5.4.0/avr5\libgcc.a(_tablejump2.o)
 .bss           0x00000000        0x0 c:/program files (x86)/atmel/studio/7.0/toolchain/avr8/avr8-gnu-toolchain/bin/../lib/gcc/avr/5.4.0/avr5\libgcc.a(_tablejump2.o)
 .text.libgcc.mul
                0x00000000        0x0 c:/program files (x86)/atmel/studio/7.0/toolchain/avr8/avr8-gnu-toolchain/bin/../lib/gcc/avr/5.4.0/avr5\libgcc.a(_tablejump2.o)
 .text.libgcc.div
                0x00000000        0x0 c:/program files (x86)/atmel/studio/7.0/toolchain/avr8/avr8-gnu-toolchain/bin/../lib/gcc/avr/5.4.0/avr5\libgcc.a(_tablejump2.o)
 .text.libgcc.prologue
                0x00000000        0x0 c:/program files (x86)/atmel/studio/7.0/toolchain/avr8/avr8-gnu-toolchain/bin/../lib/gcc/avr/5.4.0/avr5\libgcc.a(_tablejump2.o)
 .text.libgcc.builtins
                0x00000000        0x0 c:/program files (x86)/atmel/studio/7.0/toolchain/avr8/avr8-gnu-toolchain/bin/../lib/gcc/avr/5.4.0/avr5\libgcc.a(_tablejump2.o)
 .text.libgcc.fmul
                0x00000000        0x0 c:/program files (x86)/atmel/studio/7.0/toolchain/avr8/avr8-gnu-toolchain/bin/../lib/gcc/avr/5.4.0/avr5\libgcc.a(_tablejump2.o)
 .text.libgcc.fixed
                0x00000000        0x0 c:/program files (x86)/atmel/studio/7.0/toolchain/avr8/avr8-gnu-toolchain/bin/../lib/gcc/avr/5.4.0/avr5\libgcc.a(_tablejump2.o)
 .text          0x00000000        0x0 c:/program files (x86)/atmel/studio/7.0/toolchain/avr8/avr8-gnu-toolchain/bin/../lib/gcc/avr/5.4.0/avr5\libgcc.a(_copy_data.o)
 .data          0x00000000        0x0 c:/program files (x86)/atmel/studio/7.0/toolchain/avr8/avr8-gnu-toolchain/bin/../lib/gcc/avr/5.4.0/avr5\libgcc.a(_copy_data.o)
 .bss           0x00000000        0x0 c:/program files (x86)/atmel/studio/7.0/toolchain/avr8/avr8-gnu-toolchain/bin/../lib/gcc/avr/5.4.0/avr5\libgcc.a(_copy_data.o)
 .text.libgcc.mul
                0x00000000        0x0 c:/program files (x86)/atmel/studio/7.0/toolchain/avr8/avr8-gnu-toolchain/bin/../lib/gcc/avr/5.4.0/avr5\libgcc.a(_copy_data.o)
 .text.libgcc.div
                0x00000000        0x0 c:/program files (x86)/atmel/studio/7.0/toolchain/avr8/avr8-gnu-toolchain/bin/../lib/gcc/avr/5.4.0/avr5\libgcc.a(_copy_data.o)
 .text.libgcc   0x00000000        0x0 c:/program files (x86)/atmel/studio/7.0/toolchain/avr8/avr8-gnu-toolchain/bin/../lib/gcc/avr/5.4.0/avr5\libgcc.a(_copy_data.o)
 .text.libgcc.prologue
                0x00000000        0x0 c:/program files (x86)/atmel/studio/7.0/toolchain/avr8/avr8-gnu-toolchain/bin/../lib/gcc/avr/5.4.0/avr5\libgcc.a(_copy_data.o)
 .text.libgcc.builtins
                0x00000000        0x0 c:/program files (x86)/atmel/studio/7.0/toolchain/avr8/avr8-gnu-toolchain/bin/../lib/gcc/avr/5.4.0/avr5\libgcc.a(_copy_data.o)
 .text.libgcc.fmul
                0x00000000        0x0 c:/program files (x86)/atmel/studio/7.0/toolchain/avr8/avr8-gnu-toolchain/bin/../lib/gcc/avr/5.4.0/avr5\libgcc.a(_copy_data.o)
 .text.libgcc.fixed
                0x00000000        0x0 c:/program files (x86)/atmel/studio/7.0/toolchain/avr8/avr8-gnu-toolchain/bin/../lib/gcc/avr/5.4.0/avr5\libgcc.a(_copy_data.o)
 .text          0x00000000        0x0 c:/program files (x86)/atmel/studio/7.0/toolchain/avr8/avr8-gnu-toolchain/bin/../lib/gcc/avr/5.4.0/avr5\libgcc.a(_clear_bss.o)
 .data          0x00000000        0x0 c:/program files (x86)/atmel/studio/7.0/toolchain/avr8/avr8-gnu-toolchain/bin/../lib/gcc/avr/5.4.0/avr5\libgcc.a(_clear_bss.o)
 .bss           0x00000000        0x0 c:/program files (x86)/atmel/studio/7.0/toolchain/avr8/avr8-gnu-toolchain/bin/../lib/gcc/avr/5.4.0/avr5\libgcc.a(_clear_bss.o)
 .text.libgcc.mul
                0x00000000        0x0 c:/program files (x86)/atmel/studio/7.0/toolchain/avr8/avr8-gnu-toolchain/bin/../lib/gcc/avr/5.4.0/avr5\libgcc.a(_clear_bss.o)
 .text.libgcc.div
                0x00000000        0x0 c:/program files (x86)/atmel/studio/7.0/toolchain/avr8/avr8-gnu-toolchain/bin/../lib/gcc/avr/5.4.0/avr5\libgcc.a(_clear_bss.o)
 .text.libgcc   0x00000000        0x0 c:/program files (x86)/atmel/studio/7.0/toolchain/avr8/avr8-gnu-toolchain/bin/../lib/gcc/avr/5.4.0/avr5\libgcc.a(_clear_bss.o)
 .text.libgcc.prologue
                0x00000000        0x0 c:/program files (x86)/atmel/studio/7.0/toolchain/avr8/avr8-gnu-toolchain/bin/../lib/gcc/avr/5.4.0/avr5\libgcc.a(_clear_bss.o)
 .text.libgcc.builtins
                0x00000000        0x0 c:/program files (x86)/atmel/studio/7.0/toolchain/avr8/avr8-gnu-toolchain/bin/../lib/gcc/avr/5.4.0/avr5\libgcc.a(_clear_bss.o)
 .text.libgcc.fmul
                0x00000000        0x0 c:/program files (x86)/atmel/studio/7.0/toolchain/avr8/avr8-gnu-toolchain/bin/../lib/gcc/avr/5.4.0/avr5\libgcc.a(_clear_bss.o)
 .text.libgcc.fixed
                0x00000000        0x0 c:/program files (x86)/atmel/studio/7.0/toolchain/avr8/avr8-gnu-toolchain/bin/../lib/gcc/avr/5.4.0/avr5\libgcc.a(_clear_bss.o)
 .text          0x00000000        0x0 c:/program files (x86)/atmel/studio/7.0/toolchain/avr8/avr8-gnu-toolchain/bin/../lib/gcc/avr/5.4.0/avr5\libgcc.a(_umulhisi3.o)
 .data          0x00000000        0x0 c:/program files (x86)/atmel/studio/7.0/toolchain/avr8/avr8-gnu-toolchain/bin/../lib/gcc/avr/5.4.0/avr5\libgcc.a(_umulhisi3.o)
 .bss           0x00000000        0x0 c:/program files (x86)/atmel/studio/7.0/toolchain/avr8/avr8-gnu-toolchain/bin/../lib/gcc/avr/5.4.0/avr5\libgcc.a(_umulhisi3.o)
 .text.libgcc.div
                0x00000000        0x0 c:/program files (x86)/atmel/studio/7.0/toolchain/avr8/avr8-gnu-toolchain/bin/../lib/gcc/avr/5.4.0/avr5\libgcc.a(_umulhisi3.o)
 .text.libgcc   0x00000000        0x0 c:/program files (x86)/atmel/studio/7.0/toolchain/avr8/avr8-gnu-toolchain/bin/../lib/gcc/avr/5.4.0/avr5\libgcc.a(_umulhisi3.o)
 .text.libgcc.prologue
                0x00000000        0x0 c:/program files (x86)/atmel/studio/7.0/toolchain/avr8/avr8-gnu-toolchain/bin/../lib/gcc/avr/5.4.0/avr5\libgcc.a(_umulhisi3.o)
 .text.libgcc.builtins
                0x00000000        0x0 c:/program files (x86)/atmel/studio/7.0/toolchain/avr8/avr8-gnu-toolchain/bin/../lib/gcc/avr/5.4.0/avr5\libgcc.a(_umulhisi3.o)
 .text.libgcc.fmul
                0x00000000        0x0 c:/program files (x86)/atmel/studio/7.0/toolchain/avr8/avr8-gnu-toolchain/bin/../lib/gcc/avr/5.4.0/avr5\libgcc.a(_umulhisi3.o)
 .text.libgcc.fixed
                0x00000000        0x0 c:/program files (x86)/atmel/studio/7.0/toolchain/avr8/avr8-gnu-toolchain/bin/../lib/gcc/avr/5.4.0/avr5\libgcc.a(_umulhisi3.o)
 .text          0x00000000        0x0 c:/program files (x86)/atmel/studio/7.0/toolchain/avr8/avr8-gnu-toolchain/bin/../lib/gcc/avr/5.4.0/../../../../avr/lib/avr5\libatmega32u4.a(eerd_byte.o)
 .data          0x00000000        0x0 c:/program files (x86)/atmel/studio/7.0/toolchain/avr8/avr8-gnu-toolchain/bin/../lib/gcc/avr/5.4.0/../../../../avr/lib/avr5\libatmega32u4.a(eerd_byte.o)
 .bss           0x00000000        0x0 c:/program files (x86)/atmel/studio/7.0/toolchain/avr8/avr8-gnu-toolchain/bin/../lib/gcc/avr/5.4.0/../../../../avr/lib/avr5\libatmega32u4.a(eerd_byte.o)
 .text          0x00000000        0x0 c:/program files (x86)/atmel/studio/7.0/toolchain/avr8/avr8-gnu-toolchain/bin/../lib/gcc/avr/5.4.0/../../../../avr/lib/avr5\libatmega32u4.a(eerd_word.o)
 .data          0x00000000        0x0 c:/program files (x86)/atmel/studio/7.0/toolchain/avr8/avr8-gnu-toolchain/bin/../lib/gcc/avr/5.4.0/../../../../avr/lib/avr5\libatmega32u4.a(eerd_word.o)
 .bss           0x00000000        0x0 c:/program files (x86)/atmel/studio/7.0/toolchain/avr8/avr8-gnu-toolchain/bin/../lib/gcc/avr/5.4.0/../../../../avr/lib/avr5\libatmega32u4.a(eerd_word.o)
 .text          0x00000000        0x0 c:/program files (x86)/atmel/studio/7.0/toolchain/avr8/avr8-gnu-toolchain/bin/../lib/gcc/avr/5.4.0/../../../../avr/lib/avr5\libatmega32u4.a(eewr_word.o)
 .data          0x00000000        0x0 c:/program files (x86)/atmel/studio/7.0/toolchain/avr8/avr8-gnu-toolchain/bin/../lib/gcc/avr/5.4.0/../../../../avr/lib/avr5\libatmega32u4.a(eewr_word.o)
 .bss           0x00000000        0x0 c:/program files (x86)/atmel/studio/7.0/toolchain/avr8/avr8-gnu-toolchain/bin/../lib/gcc/avr/5.4.0/../../../../avr/lib/avr5\libatmega32u4.a(eewr_word.o)
 .text          0x00000000        0x0 c:/program files (x86)/atmel/studio/7.0/toolchain/avr8/avr8-gnu-toolchain/bin/../lib/gcc/avr/5.4.0/../../../../avr/lib/avr5\libatmega32u4.a(eerd_block.o)
 .data          0x00000000        0x0 c:/program files (x86)/atmel/studio/7.0/toolchain/avr8/avr8-gnu-toolchain/bin/../lib/gcc/avr/5.4.0/../../../../avr/lib/avr5\libatmega32u4.a(eerd_block.o)
 .bss           0x00000000        0x0 c:/program files (x86)/atmel/studio/7.0/toolchain/avr8/avr8-gnu-toolchain/bin/../lib/gcc/avr/5.4.0/../../../../avr/lib/avr5\libatmega32u4.a(eerd_block.o)
 .text          0x00000000        0x0 c:/program files (x86)/atmel/studio/7.0/toolchain/avr8/avr8-gnu-toolchain/bin/../lib/gcc/avr/5.4.0/../../../../avr/lib/avr5\libatmega32u4.a(eewr_byte.o)
 .data          0x00000000        0x0 c:/program files (x86)/atmel/studio/7.0/toolchain/avr8/avr8-gnu-toolchain/bin/../lib/gcc/avr/5.4.0/../../../../avr/lib/avr5\libatmega32u4.a(eewr_byte.o)
 .bss           0x00000000        0x0 c:/program files (x86)/atmel/studio/7.0/toolchain/avr8/avr8-gnu-toolchain/bin/../lib/gcc/avr/5.4.0/../../../../avr/lib/avr5\libatmega32u4.a(eewr_byte.o)

Memory Configuration

Name             Origin             Length             Attributes
text             0x00000000         0x00008000         xr
data             0x00800100         0x00000a00         rw !x
eeprom           0x00810000         0x00000400         rw !x
fuse             0x00820000         0x00000003         rw !x
lock             0x00830000         0x00000400         rw !x
signature        0x00840000         0x00000400         rw !x
user_signatures  0x00850000         0x00000400         rw !x
*default*        0x00000000         0xffffffff

Linker script and memory map

Address of section .data set to 0x800100
LOAD c:/program files (x86)/atmel/studio/7.0/toolchain/avr8/avr8-gnu-toolchain/bin/../lib/gcc/avr/5.4.0/../../../../avr/lib/avr5/crtatmega32u4.o
LOAD Functions.o
LOAD main.o
LOAD Matrix/WS2812B_3528.o
LOAD Matrix/XD004.o
LOAD Matrix/XD60_V3.o
LOAD usb_keyboard.o
LOAD ws2812.o
START GROUP
LOAD c:/program files (x86)/atmel/studio/7.0/toolchain/avr8/avr8-gnu-toolchain/bin/../lib/gcc/avr/5.4.0/../../../../avr/lib/avr5\libm.a
END GROUP
START GROUP
LOAD c:/program files (x86)/atmel/studio/7.0/toolchain/avr8/avr8-gnu-toolchain/bin/../lib/gcc/avr/5.4.0/avr5\libgcc.a
LOAD c:/program files (x86)/atmel/studio/7.0/toolchain/avr8/avr8-gnu-toolchain/bin/../lib/gcc/avr/5.4.0/../../../../avr/lib/avr5\libm.a
LOAD c:/program files (x86)/atmel/studio/7.0/toolchain/avr8/avr8-gnu-toolchain/bin/../lib/gcc/avr/5.4.0/../../../../avr/lib/avr5\libc.a
LOAD c:/program files (x86)/atmel/studio/7.0/toolchain/avr8/avr8-gnu-toolchain/bin/../lib/gcc/avr/5.4.0/../../../../avr/lib/avr5\libatmega32u4.a
END GROUP
                0x00000000                __TEXT_REGION_ORIGIN__ = DEFINED (__TEXT_REGION_ORIGIN__)?__TEXT_REGION_ORIGIN__:0x0
                [0x00800100]                __DATA_REGION_ORIGIN__ = DEFINED (__DATA_REGION_ORIGIN__)?__DATA_REGION_ORIGIN__:0x800060
                [0x00008000]                __TEXT_REGION_LENGTH__ = DEFINED (__TEXT_REGION_LENGTH__)?__TEXT_REGION_LENGTH__:0x20000
                [0x00000a00]                __DATA_REGION_LENGTH__ = DEFINED (__DATA_REGION_LENGTH__)?__DATA_REGION_LENGTH__:0xffa0
                [0x00000400]                __EEPROM_REGION_LENGTH__ = DEFINED (__EEPROM_REGION_LENGTH__)?__EEPROM_REGION_LENGTH__:0x10000
                [0x00000003]                __FUSE_REGION_LENGTH__ = DEFINED (__FUSE_REGION_LENGTH__)?__FUSE_REGION_LENGTH__:0x400
                0x00000400                __LOCK_REGION_LENGTH__ = DEFINED (__LOCK_REGION_LENGTH__)?__LOCK_REGION_LENGTH__:0x400
                0x00000400                __SIGNATURE_REGION_LENGTH__ = DEFINED (__SIGNATURE_REGION_LENGTH__)?__SIGNATURE_REGION_LENGTH__:0x400
                0x00000400                __USER_SIGNATURE_REGION_LENGTH__ = DEFINED (__USER_SIGNATURE_REGION_LENGTH__)?__USER_SIGNATURE_REGION_LENGTH__:0x400

.hash
 *(.hash)

.dynsym
 *(.dynsym)

.dynstr
 *(.dynstr)

.gnu.version
 *(.gnu.version)

.gnu.version_d
 *(.gnu.version_d)

.gnu.version_r
 *(.gnu.version_r)

.rel.init
 *(.rel.init)

.rela.init
 *(.rela.init)

.rel.text
 *(.rel.text)
 *(.rel.text.*)
 *(.rel.gnu.linkonce.t*)

.rela.text
 *(.rela.text)
 *(.rela.text.*)
 *(.rela.gnu.linkonce.t*)

.rel.fini
 *(.rel.fini)

.rela.fini
 *(.rela.fini)

.rel.rodata
 *(.rel.rodata)
 *(.rel.rodata.*)
 *(.rel.gnu.linkonce.r*)

.rela.rodata
 *(.rela.rodata)
 *(.rela.rodata.*)
 *(.rela.gnu.linkonce.r*)

.rel.data
 *(.rel.data)
 *(.rel.data.*)
 *(.rel.gnu.linkonce.d*)

.rela.data
 *(.rela.data)
 *(.rela.data.*)
 *(.rela.gnu.linkonce.d*)

.rel.ctors
 *(.rel.ctors)

.rela.ctors
 *(.rela.ctors)

.rel.dtors
 *(.rel.dtors)

.rela.dtors
 *(.rela.dtors)

.rel.got
 *(.rel.got)

.rela.got
 *(.rela.got)

.rel.bss
 *(.rel.bss)

.rela.bss
 *(.rela.bss)

.rel.plt
 *(.rel.plt)

.rela.plt
 *(.rela.plt)

.text           0x00000000     0x2bee
 *(.vectors)
 .vectors       0x00000000       0xac c:/program files (x86)/atmel/studio/7.0/toolchain/avr8/avr8-gnu-toolchain/bin/../lib/gcc/avr/5.4.0/../../../../avr/lib/avr5/crtatmega32u4.o
                0x00000000                __vector_default
                0x00000000                __vectors
 *(.vectors)
 *(.progmem.gcc*)
 .progmem.gcc_sw_table.pinMode
                0x000000ac       0x32 Functions.o
 .progmem.gcc_sw_table.digitalWrite
                0x000000de       0x32 Functions.o
 .progmem.gcc_sw_table.digitalRead
                0x00000110       0x32 Functions.o
                0x00000142                . = ALIGN (0x2)
                0x00000142                __trampolines_start = .
 *(.trampolines)
 .trampolines   0x00000142        0x0 linker stubs
 *(.trampolines*)
                0x00000142                __trampolines_end = .
 *libprintf_flt.a:*(.progmem.data)
 *libc.a:*(.progmem.data)
 *(.progmem*)
 .progmem.data.endpoint_config_table
                0x00000142        0xe usb_keyboard.o
 .progmem.data.string2
                0x00000150       0x1c usb_keyboard.o
                0x00000150                string2
 .progmem.data.string1
                0x0000016c        0xc usb_keyboard.o
                0x0000016c                string1
 .progmem.data.string0
                0x00000178        0x4 usb_keyboard.o
                0x00000178                string0
 .progmem.data.config1_descriptor
                0x0000017c       0x5b usb_keyboard.o
                0x0000017c                config1_descriptor
 .progmem.data.RawReport
                0x000001d7       0x22 usb_keyboard.o
                0x000001d7                RawReport
 .progmem.data.MouseReport
                0x000001f9       0x84 usb_keyboard.o
                0x000001f9                MouseReport
 .progmem.data.KeyboardReport
                0x0000027d       0x40 usb_keyboard.o
                0x0000027d                KeyboardReport
 .progmem.data.device_descriptor
                0x000002bd       0x12 usb_keyboard.o
                0x000002bd                device_descriptor
 .progmem.data.Bcolors
                0x000002cf      0x200 ws2812.o
                0x000002cf                Bcolors
 .progmem.data.Gcolors
                0x000004cf      0x200 ws2812.o
                0x000004cf                Gcolors
 .progmem.data.Rcolors
                0x000006cf      0x200 ws2812.o
                0x000006cf                Rcolors
                0x000008d0                . = ALIGN (0x2)
 *fill*         0x000008cf        0x1 
 *(.jumptables)
 *(.jumptables*)
 *(.lowtext)
 *(.lowtext*)
                0x000008d0                __ctors_start = .
 *(.ctors)
                0x000008d0                __ctors_end = .
                0x000008d0                __dtors_start = .
 *(.dtors)
                0x000008d0                __dtors_end = .
 SORT(*)(.ctors)
 SORT(*)(.dtors)
 *(.init0)
 .init0         0x000008d0        0x0 c:/program files (x86)/atmel/studio/7.0/toolchain/avr8/avr8-gnu-toolchain/bin/../lib/gcc/avr/5.4.0/../../../../avr/lib/avr5/crtatmega32u4.o
                0x000008d0                __init
 *(.init0)
 *(.init1)
 *(.init1)
 *(.init2)
 .init2         0x000008d0        0xc c:/program files (x86)/atmel/studio/7.0/toolchain/avr8/avr8-gnu-toolchain/bin/../lib/gcc/avr/5.4.0/../../../../avr/lib/avr5/crtatmega32u4.o
 *(.init2)
 *(.init3)
 *(.init3)
 *(.init4)
 .init4         0x000008dc       0x16 c:/program files (x86)/atmel/studio/7.0/toolchain/avr8/avr8-gnu-toolchain/bin/../lib/gcc/avr/5.4.0/avr5\libgcc.a(_copy_data.o)
                0x000008dc                __do_copy_data
 .init4         0x000008f2       0x10 c:/program files (x86)/atmel/studio/7.0/toolchain/avr8/avr8-gnu-toolchain/bin/../lib/gcc/avr/5.4.0/avr5\libgcc.a(_clear_bss.o)
                0x000008f2                __do_clear_bss
 *(.init4)
 *(.init5)
 *(.init5)
 *(.init6)
 *(.init6)
 *(.init7)
 *(.init7)
 *(.init8)
 *(.init8)
 *(.init9)
 .init9         0x00000902        0x8 c:/program files (x86)/atmel/studio/7.0/toolchain/avr8/avr8-gnu-toolchain/bin/../lib/gcc/avr/5.4.0/../../../../avr/lib/avr5/crtatmega32u4.o
 *(.init9)
 *(.text)
 .text          0x0000090a        0x4 c:/program files (x86)/atmel/studio/7.0/toolchain/avr8/avr8-gnu-toolchain/bin/../lib/gcc/avr/5.4.0/../../../../avr/lib/avr5/crtatmega32u4.o
                0x0000090a                __vector_38
                0x0000090a                __vector_22
                0x0000090a                __vector_28
                0x0000090a                __vector_1
                0x0000090a                __vector_32
                0x0000090a                __vector_34
                0x0000090a                __vector_24
                0x0000090a                __vector_12
                0x0000090a                __bad_interrupt
                0x0000090a                __vector_6
                0x0000090a                __vector_31
                0x0000090a                __vector_35
                0x0000090a                __vector_39
                0x0000090a                __vector_3
                0x0000090a                __vector_23
                0x0000090a                __vector_30
                0x0000090a                __vector_25
                0x0000090a                __vector_13
                0x0000090a                __vector_17
                0x0000090a                __vector_19
                0x0000090a                __vector_7
                0x0000090a                __vector_41
                0x0000090a                __vector_27
                0x0000090a                __vector_5
                0x0000090a                __vector_33
                0x0000090a                __vector_37
                0x0000090a                __vector_4
                0x0000090a                __vector_9
                0x0000090a                __vector_2
                0x0000090a                __vector_21
                0x0000090a                __vector_15
                0x0000090a                __vector_36
                0x0000090a                __vector_29
                0x0000090a                __vector_40
                0x0000090a                __vector_8
                0x0000090a                __vector_26
                0x0000090a                __vector_14
                0x0000090a                __vector_16
                0x0000090a                __vector_18
                0x0000090a                __vector_20
                0x0000090a                __vector_42
                0x0000090e                . = ALIGN (0x2)
 *(.text.*)
 .text.usbKeyboardSendRequired
                0x0000090e       0x8e Functions.o
                0x0000090e                usbKeyboardSendRequired
 .text.usbKeyboardSend
                0x0000099c       0x1e Functions.o
                0x0000099c                usbKeyboardSend
 .text.usbMouseSendRequired
                0x000009ba       0x7c Functions.o
                0x000009ba                usbMouseSendRequired
 .text.usbMouseSend
                0x00000a36       0xee Functions.o
                0x00000a36                usbMouseSend
 .text.isBufferClear
                0x00000b24       0x6a Functions.o
                0x00000b24                isBufferClear
 .text.usbMacroSendRequired
                0x00000b8e       0x18 Functions.o
                0x00000b8e                usbMacroSendRequired
 .text.clearMouse
                0x00000ba6       0x44 Functions.o
                0x00000ba6                clearMouse
 .text.clearKeyboard
                0x00000bea       0x36 Functions.o
                0x00000bea                clearKeyboard
 .text.clearRaw
                0x00000c20       0x1e Functions.o
                0x00000c20                clearRaw
 .text.pressMacroKey
                0x00000c3e      0x118 Functions.o
                0x00000c3e                pressMacroKey
 .text.pressKey
                0x00000d56       0x7e Functions.o
                0x00000d56                pressKey
 .text.pressModifierKeys
                0x00000dd4        0xc Functions.o
                0x00000dd4                pressModifierKeys
 .text.pressMouseKey
                0x00000de0        0xc Functions.o
                0x00000de0                pressMouseKey
 .text.pressSystemKey
                0x00000dec        0xc Functions.o
                0x00000dec                pressSystemKey
 .text.pressConsumerKey
                0x00000df8       0x4c Functions.o
                0x00000df8                pressConsumerKey
 .text.releaseAllMousekeys
                0x00000e44       0x10 Functions.o
                0x00000e44                releaseAllMousekeys
 .text.releaseAllKeyboardKeys
                0x00000e54       0x14 Functions.o
                0x00000e54                releaseAllKeyboardKeys
 .text.resetMatrixFormEEP
                0x00000e68      0x46a Functions.o
                0x00000e68                resetMatrixFormEEP
 .text.eepWrite
                0x000012d2       0xd4 Functions.o
                0x000012d2                eepWrite
 .text.closeJtag
                0x000013a6        0x8 Functions.o
                0x000013a6                closeJtag
 .text.pinMode  0x000013ae      0x15e Functions.o
                0x000013ae                pinMode
 .text.digitalWrite
                0x0000150c      0x15e Functions.o
                0x0000150c                digitalWrite
 .text.digitalRead
                0x0000166a       0xac Functions.o
                0x0000166a                digitalRead
 .text.keyPrintWordEEP
                0x00001716      0x29c Functions.o
                0x00001716                keyPrintWordEEP
 .text.usbMacroSend
                0x000019b2       0x54 Functions.o
                0x000019b2                usbMacroSend
 .text.startup.main
                0x00001a06        0x4 main.o
                0x00001a06                main
 .text.initCols
                0x00001a0a       0x36 Matrix/WS2812B_3528.o
                0x00001a0a                initCols
 .text.initRows
                0x00001a40       0x36 Matrix/WS2812B_3528.o
                0x00001a40                initRows
 .text.openLED  0x00001a76        0x6 Matrix/WS2812B_3528.o
                0x00001a76                openLED
 .text.closeLED
                0x00001a7c        0x6 Matrix/WS2812B_3528.o
                0x00001a7c                closeLED
 .text.initLED  0x00001a82       0x1e Matrix/WS2812B_3528.o
                0x00001a82                initLED
 .text.updateLED
                0x00001aa0      0x2f8 Matrix/WS2812B_3528.o
                0x00001aa0                updateLED
 .text.qmkMode  0x00001d98      0x368 Matrix/WS2812B_3528.o
                0x00001d98                qmkMode
 .text.initMain
                0x00002100       0xd0 Matrix/WS2812B_3528.o
                0x00002100                initMain
 .text.usbInit  0x000021d0       0x48 usb_keyboard.o
                0x000021d0                usbInit
 .text.usbConfigured
                0x00002218        0x6 usb_keyboard.o
                0x00002218                usbConfigured
 .text.usbSend  0x0000221e       0x6a usb_keyboard.o
                0x0000221e                usbSend
 .text.__vector_10
                0x00002288      0x252 usb_keyboard.o
                0x00002288                __vector_10
 .text.__vector_11
                0x000024da      0x5e2 usb_keyboard.o
                0x000024da                __vector_11
 .text.ws2812Setup
                0x00002abc        0x4 ws2812.o
                0x00002abc                ws2812Setup
 .text.ws2812Clear
                0x00002ac0       0x10 ws2812.o
                0x00002ac0                ws2812Clear
 .text.ws2812SetR
                0x00002ad0       0x14 ws2812.o
                0x00002ad0                ws2812SetR
 .text.ws2812SetG
                0x00002ae4       0x14 ws2812.o
                0x00002ae4                ws2812SetG
 .text.ws2812SetB
                0x00002af8       0x14 ws2812.o
                0x00002af8                ws2812SetB
 .text.ws2812SetRGB
                0x00002b0c       0x18 ws2812.o
                0x00002b0c                ws2812SetRGB
 .text.ws2812Send2
                0x00002b24       0x3a ws2812.o
                0x00002b24                ws2812Send2
 .text.libgcc   0x00002b5e        0xc c:/program files (x86)/atmel/studio/7.0/toolchain/avr8/avr8-gnu-toolchain/bin/../lib/gcc/avr/5.4.0/avr5\libgcc.a(_tablejump2.o)
                0x00002b5e                __tablejump2__
 .text.libgcc.mul
                0x00002b6a       0x1e c:/program files (x86)/atmel/studio/7.0/toolchain/avr8/avr8-gnu-toolchain/bin/../lib/gcc/avr/5.4.0/avr5\libgcc.a(_umulhisi3.o)
                0x00002b6a                __umulhisi3
 .text.avr-libc
                0x00002b88       0x10 c:/program files (x86)/atmel/studio/7.0/toolchain/avr8/avr8-gnu-toolchain/bin/../lib/gcc/avr/5.4.0/../../../../avr/lib/avr5\libatmega32u4.a(eerd_byte.o)
                0x00002b88                eeprom_read_byte
 .text.avr-libc
                0x00002b98        0xc c:/program files (x86)/atmel/studio/7.0/toolchain/avr8/avr8-gnu-toolchain/bin/../lib/gcc/avr/5.4.0/../../../../avr/lib/avr5\libatmega32u4.a(eerd_word.o)
                0x00002b98                eeprom_read_word
 .text.avr-libc
                0x00002ba4        0xa c:/program files (x86)/atmel/studio/7.0/toolchain/avr8/avr8-gnu-toolchain/bin/../lib/gcc/avr/5.4.0/../../../../avr/lib/avr5\libatmega32u4.a(eewr_word.o)
                0x00002ba4                eeprom_write_word
 .text.avr-libc
                0x00002bae       0x20 c:/program files (x86)/atmel/studio/7.0/toolchain/avr8/avr8-gnu-toolchain/bin/../lib/gcc/avr/5.4.0/../../../../avr/lib/avr5\libatmega32u4.a(eerd_block.o)
                0x00002bae                eeprom_read_block
                0x00002bb2                eeprom_read_blraw
 .text.avr-libc
                0x00002bce       0x1c c:/program files (x86)/atmel/studio/7.0/toolchain/avr8/avr8-gnu-toolchain/bin/../lib/gcc/avr/5.4.0/../../../../avr/lib/avr5\libatmega32u4.a(eewr_byte.o)
                0x00002bce                eeprom_write_byte
                0x00002bd0                eeprom_write_r18
                0x00002bea                . = ALIGN (0x2)
 *(.fini9)
 .fini9         0x00002bea        0x0 c:/program files (x86)/atmel/studio/7.0/toolchain/avr8/avr8-gnu-toolchain/bin/../lib/gcc/avr/5.4.0/avr5\libgcc.a(_exit.o)
                0x00002bea                _exit
                0x00002bea                exit
 *(.fini9)
 *(.fini8)
 *(.fini8)
 *(.fini7)
 *(.fini7)
 *(.fini6)
 *(.fini6)
 *(.fini5)
 *(.fini5)
 *(.fini4)
 *(.fini4)
 *(.fini3)
 *(.fini3)
 *(.fini2)
 *(.fini2)
 *(.fini1)
 *(.fini1)
 *(.fini0)
 .fini0         0x00002bea        0x4 c:/program files (x86)/atmel/studio/7.0/toolchain/avr8/avr8-gnu-toolchain/bin/../lib/gcc/avr/5.4.0/avr5\libgcc.a(_exit.o)
 *(.fini0)
                0x00002bee                _etext = .

.data           0x00800100      0x32e load address 0x00002bee
                0x00800100                PROVIDE (__data_start, .)
 *(.data)
 *(.data*)
 .data.ledMask  0x00800100       0x60 Matrix/WS2812B_3528.o
                0x00800100                ledMask
 .data.key_mask
                0x00800160       0x60 Matrix/WS2812B_3528.o
                0x00800160                key_mask
 .data.hexa_keys0
                0x008001c0       0x60 Matrix/WS2812B_3528.o
                0x008001c0                hexa_keys0
 .data.col_pins
                0x00800220       0x10 Matrix/WS2812B_3528.o
                0x00800220                col_pins
 .data.row_pins
                0x00800230        0x6 Matrix/WS2812B_3528.o
                0x00800230                row_pins
 .data.rgb_fixcolor
                0x00800236       0xfc Matrix/WS2812B_3528.o
                0x00800236                rgb_fixcolor
 .data.rgb_pos  0x00800332       0x54 Matrix/WS2812B_3528.o
                0x00800332                rgb_pos
 .data.rgb_rainbow
                0x00800386       0xa8 Matrix/WS2812B_3528.o
                0x00800386                rgb_rainbow
 *(.gnu.linkonce.d*)
 *(.rodata)
 *(.rodata*)
 *(.gnu.linkonce.r*)
                0x0080042e                . = ALIGN (0x2)
                0x0080042e                _edata = .
                0x0080042e                PROVIDE (__data_end, .)

.bss            0x0080042e      0x1be
                0x0080042e                PROVIDE (__bss_start, .)
 *(.bss)
 *(.bss*)
 .bss.delay_before
                0x0080042e        0x1 Matrix/WS2812B_3528.o
                0x0080042e                delay_before
 .bss.delay_after
                0x0080042f        0x1 Matrix/WS2812B_3528.o
                0x0080042f                delay_after
 .bss.hexa_keys1
                0x00800430       0x60 Matrix/WS2812B_3528.o
                0x00800430                hexa_keys1
 .bss.led_pins  0x00800490        0x0 Matrix/WS2812B_3528.o
                0x00800490                led_pins
 .bss.div4.2312
                0x00800490        0x1 usb_keyboard.o
 .bss.count.2305
                0x00800491        0x1 usb_keyboard.o
 .bss.usb_configuration
                0x00800492        0x1 usb_keyboard.o
 *(COMMON)
 COMMON         0x00800493       0x55 Functions.o
                0x00800493                raw_report_out
                0x0080049b                keyboard_report
                0x008004a3                rgb_state
                0x008004a4                raw_report_in
                0x008004ac                print_keyboard_report
                0x008004b4                keyboard_buffer
                0x008004c1                mouse_report
                0x008004cd                mouse_buffer
                0x008004d8                print_mouse_report
                0x008004e4                macro_report
                0x008004e5                enableReset
                0x008004e6                macro_buffer
                0x008004e7                rgb_type
 COMMON         0x008004e8      0x104 Matrix/WS2812B_3528.o
                0x008004e8                b
                0x008004e9                g
                0x008004ea                delay_val
                0x008004ec                r
                0x008004ed                i
                0x008004ee                c
                0x008004ef                ws2812_buffer
                0x008005eb                FN
                0x008005ec                PROVIDE (__bss_end, .)
                0x00002bee                __data_load_start = LOADADDR (.data)
                0x00002f1c                __data_load_end = (__data_load_start + SIZEOF (.data))

.noinit         0x008005ec        0x0
                [!provide]                PROVIDE (__noinit_start, .)
 *(.noinit*)
                [!provide]                PROVIDE (__noinit_end, .)
                0x008005ec                _end = .
                [!provide]                PROVIDE (__heap_start, .)

.eeprom         0x00810000        0x0
 *(.eeprom*)
                0x00810000                __eeprom_end = .

.fuse
 *(.fuse)
 *(.lfuse)
 *(.hfuse)
 *(.efuse)

.lock
 *(.lock*)

.signature
 *(.signature*)

.user_signatures
 *(.user_signatures*)

.stab
 *(.stab)

.stabstr
 *(.stabstr)

.stab.excl
 *(.stab.excl)

.stab.exclstr
 *(.stab.exclstr)

.stab.index
 *(.stab.index)

.stab.indexstr
 *(.stab.indexstr)

.comment        0x00000000       0x30
 *(.comment)
 .comment       0x00000000       0x30 Functions.o
                                 0x31 (size before relaxing)
 .comment       0x00000030       0x31 main.o
 .comment       0x00000030       0x31 Matrix/WS2812B_3528.o
 .comment       0x00000030       0x31 usb_keyboard.o
 .comment       0x00000030       0x31 ws2812.o

.note.gnu.avr.deviceinfo
                0x00000000       0x40
 .note.gnu.avr.deviceinfo
                0x00000000       0x40 c:/program files (x86)/atmel/studio/7.0/toolchain/avr8/avr8-gnu-toolchain/bin/../lib/gcc/avr/5.4.0/../../../../avr/lib/avr5/crtatmega32u4.o

.note.gnu.build-id
 *(.note.gnu.build-id)

.debug
 *(.debug)

.line
 *(.line)

.debug_srcinfo
 *(.debug_srcinfo)

.debug_sfnames
 *(.debug_sfnames)

.debug_aranges  0x00000000      0x248
 *(.debug_aranges)
 .debug_aranges
                0x00000000      0x118 Functions.o
 .debug_aranges
                0x00000118       0x20 main.o
 .debug_aranges
                0x00000138       0x58 Matrix/WS2812B_3528.o
 .debug_aranges
                0x00000190       0x58 usb_keyboard.o
 .debug_aranges
                0x000001e8       0x60 ws2812.o

.debug_pubnames
 *(.debug_pubnames)

.debug_info     0x00000000     0x5227
 *(.debug_info .gnu.linkonce.wi.*)
 .debug_info    0x00000000      0x9f4 c:/program files (x86)/atmel/studio/7.0/toolchain/avr8/avr8-gnu-toolchain/bin/../lib/gcc/avr/5.4.0/../../../../avr/lib/avr5/crtatmega32u4.o
 .debug_info    0x000009f4     0x1afe Functions.o
 .debug_info    0x000024f2      0x488 main.o
 .debug_info    0x0000297a      0xd3e Matrix/WS2812B_3528.o
 .debug_info    0x000036b8     0x1319 usb_keyboard.o
 .debug_info    0x000049d1      0x856 ws2812.o

.debug_abbrev   0x00000000     0x168d
 *(.debug_abbrev)
 .debug_abbrev  0x00000000      0x96a c:/program files (x86)/atmel/studio/7.0/toolchain/avr8/avr8-gnu-toolchain/bin/../lib/gcc/avr/5.4.0/../../../../avr/lib/avr5/crtatmega32u4.o
 .debug_abbrev  0x0000096a      0x4ad Functions.o
 .debug_abbrev  0x00000e17       0xe2 main.o
 .debug_abbrev  0x00000ef9      0x268 Matrix/WS2812B_3528.o
 .debug_abbrev  0x00001161      0x319 usb_keyboard.o
 .debug_abbrev  0x0000147a      0x213 ws2812.o

.debug_line     0x00000000     0x2a31
 *(.debug_line .debug_line.* .debug_line_end)
 .debug_line    0x00000000       0x1a c:/program files (x86)/atmel/studio/7.0/toolchain/avr8/avr8-gnu-toolchain/bin/../lib/gcc/avr/5.4.0/../../../../avr/lib/avr5/crtatmega32u4.o
 .debug_line    0x0000001a     0x1127 Functions.o
 .debug_line    0x00001141       0xc2 main.o
 .debug_line    0x00001203      0x684 Matrix/WS2812B_3528.o
 .debug_line    0x00001887      0xd36 usb_keyboard.o
 .debug_line    0x000025bd      0x474 ws2812.o

.debug_frame    0x00000000      0x644
 *(.debug_frame)
 .debug_frame   0x00000000      0x35c Functions.o
 .debug_frame   0x0000035c       0x24 main.o
 .debug_frame   0x00000380       0xd4 Matrix/WS2812B_3528.o
 .debug_frame   0x00000454      0x100 usb_keyboard.o
 .debug_frame   0x00000554       0xf0 ws2812.o

.debug_str      0x00000000      0xe17
 *(.debug_str)
 .debug_str     0x00000000      0x371 c:/program files (x86)/atmel/studio/7.0/toolchain/avr8/avr8-gnu-toolchain/bin/../lib/gcc/avr/5.4.0/../../../../avr/lib/avr5/crtatmega32u4.o
 .debug_str     0x00000371      0x6c4 Functions.o
                                0x72b (size before relaxing)
 .debug_str     0x00000a35       0x1a main.o
                                0x3d9 (size before relaxing)
 .debug_str     0x00000a4f      0x166 Matrix/WS2812B_3528.o
                                0x6c1 (size before relaxing)
 .debug_str     0x00000bb5      0x1f5 usb_keyboard.o
                                0x63e (size before relaxing)
 .debug_str     0x00000daa       0x6d ws2812.o
                                0x4af (size before relaxing)

.debug_loc      0x00000000     0x35c8
 *(.debug_loc)
 .debug_loc     0x00000000     0x1b55 Functions.o
 .debug_loc     0x00001b55      0x289 Matrix/WS2812B_3528.o
 .debug_loc     0x00001dde     0x10d3 usb_keyboard.o
 .debug_loc     0x00002eb1      0x717 ws2812.o

.debug_macinfo
 *(.debug_macinfo)

.debug_weaknames
 *(.debug_weaknames)

.debug_funcnames
 *(.debug_funcnames)

.debug_typenames
 *(.debug_typenames)

.debug_varnames
 *(.debug_varnames)

.debug_pubtypes
 *(.debug_pubtypes)

.debug_ranges   0x00000000      0x710
 *(.debug_ranges)
 .debug_ranges  0x00000000      0x268 Functions.o
 .debug_ranges  0x00000268       0x10 main.o
 .debug_ranges  0x00000278       0x48 Matrix/WS2812B_3528.o
 .debug_ranges  0x000002c0      0x3d0 usb_keyboard.o
 .debug_ranges  0x00000690       0x80 ws2812.o

.debug_macro
 *(.debug_macro)
OUTPUT(Atmega32U4_32U2.elf elf32-avr)
LOAD linker stubs
