Archive member included to satisfy reference by file (symbol)

c:/program files (x86)/atmel/studio/7.0/toolchain/avr8/avr8-gnu-toolchain/bin/../lib/gcc/avr/5.4.0/avr5\libgcc.a(_exit.o)
                              c:/program files (x86)/atmel/studio/7.0/toolchain/avr8/avr8-gnu-toolchain/bin/../lib/gcc/avr/5.4.0/../../../../avr/lib/avr5/crtatmega32a.o (exit)
c:/program files (x86)/atmel/studio/7.0/toolchain/avr8/avr8-gnu-toolchain/bin/../lib/gcc/avr/5.4.0/avr5\libgcc.a(_tablejump2.o)
                              Functions.o (__tablejump2__)
c:/program files (x86)/atmel/studio/7.0/toolchain/avr8/avr8-gnu-toolchain/bin/../lib/gcc/avr/5.4.0/avr5\libgcc.a(_copy_data.o)
                              matrix/bface60_v2_1.o (__do_copy_data)
c:/program files (x86)/atmel/studio/7.0/toolchain/avr8/avr8-gnu-toolchain/bin/../lib/gcc/avr/5.4.0/avr5\libgcc.a(_clear_bss.o)
                              Functions.o (__do_clear_bss)
c:/program files (x86)/atmel/studio/7.0/toolchain/avr8/avr8-gnu-toolchain/bin/../lib/gcc/avr/5.4.0/avr5\libgcc.a(_umulhisi3.o)
                              Functions.o (__umulhisi3)
c:/program files (x86)/atmel/studio/7.0/toolchain/avr8/avr8-gnu-toolchain/bin/../lib/gcc/avr/5.4.0/../../../../avr/lib/avr5\libatmega32a.a(eerd_byte.o)
                              Functions.o (eeprom_read_byte)
c:/program files (x86)/atmel/studio/7.0/toolchain/avr8/avr8-gnu-toolchain/bin/../lib/gcc/avr/5.4.0/../../../../avr/lib/avr5\libatmega32a.a(eerd_word.o)
                              Functions.o (eeprom_read_word)
c:/program files (x86)/atmel/studio/7.0/toolchain/avr8/avr8-gnu-toolchain/bin/../lib/gcc/avr/5.4.0/../../../../avr/lib/avr5\libatmega32a.a(eewr_word.o)
                              Functions.o (eeprom_write_word)
c:/program files (x86)/atmel/studio/7.0/toolchain/avr8/avr8-gnu-toolchain/bin/../lib/gcc/avr/5.4.0/../../../../avr/lib/avr5\libatmega32a.a(eerd_block.o)
                              c:/program files (x86)/atmel/studio/7.0/toolchain/avr8/avr8-gnu-toolchain/bin/../lib/gcc/avr/5.4.0/../../../../avr/lib/avr5\libatmega32a.a(eerd_word.o) (eeprom_read_blraw)
c:/program files (x86)/atmel/studio/7.0/toolchain/avr8/avr8-gnu-toolchain/bin/../lib/gcc/avr/5.4.0/../../../../avr/lib/avr5\libatmega32a.a(eewr_byte.o)
                              c:/program files (x86)/atmel/studio/7.0/toolchain/avr8/avr8-gnu-toolchain/bin/../lib/gcc/avr/5.4.0/../../../../avr/lib/avr5\libatmega32a.a(eewr_word.o) (eeprom_write_byte)

Allocating common symbols
Common symbol       size              file

usbTxBuf            0xb               usbdrv/usbdrv.o
raw_report_out      0x8               Functions.o
keyboard_report     0x8               Functions.o
usbTxStatus1        0xc               usbdrv/usbdrv.o
raw_report_in       0x8               Functions.o
print_keyboard_report
                    0x8               Functions.o
keyboard_buffer     0xd               Functions.o
rq                  0x2               usbdevice.o
WS2812fix           0x3c              Functions.o
r                   0x1               matrix/bface60_v2_1.o
i                   0x1               matrix/bface60_v2_1.o
usbDeviceAddr       0x1               usbdrv/usbdrv.o
mouse_report        0xc               Functions.o
usbRxToken          0x1               usbdrv/usbdrv.o
usbInputBufOffset   0x1               usbdrv/usbdrv.o
c                   0x1               matrix/bface60_v2_1.o
mouse_buffer        0xb               Functions.o
print_mouse_report  0xc               Functions.o
FN                  0x1               matrix/bface60_v2_1.o
WS2812Buffer        0x3c              matrix/bface60_v2_1.o
usbMsgPtr           0x2               usbdrv/usbdrv.o
usbRxLen            0x1               usbdrv/usbdrv.o
macrobuffer         0x1               Functions.o
suspendedTimeCount  0x2               Functions.o
usbNewDeviceAddr    0x1               usbdrv/usbdrv.o
usbCurrentTok       0x1               usbdrv/usbdrv.o
usbConfiguration    0x1               usbdrv/usbdrv.o
delayval            0x2               matrix/bface60_v2_1.o
usbRxBuf            0x16              usbdrv/usbdrv.o
RGB_Type            0x1               Functions.o
macroreport         0x1               Functions.o
suspended           0x1               Functions.o
usbTxStatus3        0xc               usbdrv/usbdrv.o

Discarded input sections

 .data          0x00000000        0x0 c:/program files (x86)/atmel/studio/7.0/toolchain/avr8/avr8-gnu-toolchain/bin/../lib/gcc/avr/5.4.0/../../../../avr/lib/avr5/crtatmega32a.o
 .bss           0x00000000        0x0 c:/program files (x86)/atmel/studio/7.0/toolchain/avr8/avr8-gnu-toolchain/bin/../lib/gcc/avr/5.4.0/../../../../avr/lib/avr5/crtatmega32a.o
 .text          0x00000000        0x0 Functions.o
 .data          0x00000000        0x0 Functions.o
 .bss           0x00000000        0x0 Functions.o
 .text.vusb_transfer_keyboard
                0x00000000       0x46 Functions.o
 .text.usb_keyboard_send
                0x00000000       0x4a Functions.o
 .text.ResetMatrix
                0x00000000       0xd8 Functions.o
 .text.keyPrintEnglish
                0x00000000       0x82 Functions.o
 .text.keyPrintChar
                0x00000000      0x1e0 Functions.o
 .text.keyPrintWord
                0x00000000       0xda Functions.o
 .bss.i2        0x00000000        0x1 Functions.o
 .text          0x00000000        0x0 main.o
 .data          0x00000000        0x0 main.o
 .bss           0x00000000        0x0 main.o
 .text          0x00000000        0x0 matrix/bface60_v2_1.o
 .data          0x00000000        0x0 matrix/bface60_v2_1.o
 .bss           0x00000000        0x0 matrix/bface60_v2_1.o
 .text.Reset_LED
                0x00000000       0x46 matrix/bface60_v2_1.o
 .text.usb_macro_send
                0x00000000       0x22 matrix/bface60_v2_1.o
 .text          0x00000000        0x0 usbdevice.o
 .data          0x00000000        0x0 usbdevice.o
 .bss           0x00000000        0x0 usbdevice.o
 .text.clearTimers
                0x00000000       0x14 usbdevice.o
 .text.setUsbOn
                0x00000000        0x6 usbdevice.o
 .text.setUsbOff
                0x00000000        0x6 usbdevice.o
 .text.init_SOF
                0x00000000        0xe usbdevice.o
 .text.SOF      0x00000000        0x2 usbdevice.o
 .progmem.data.ascii_to_scan_code_table
                0x00000000       0x7f usbdevice.o
 .text          0x00000000        0x0 usbdrv/oddebug.o
 .data          0x00000000        0x0 usbdrv/oddebug.o
 .bss           0x00000000        0x0 usbdrv/oddebug.o
 .debug_info    0x00000000       0x56 usbdrv/oddebug.o
 .debug_abbrev  0x00000000       0x26 usbdrv/oddebug.o
 .debug_aranges
                0x00000000       0x18 usbdrv/oddebug.o
 .debug_line    0x00000000       0x1a usbdrv/oddebug.o
 .debug_str     0x00000000      0x166 usbdrv/oddebug.o
 .comment       0x00000000       0x31 usbdrv/oddebug.o
 .text          0x00000000        0x0 usbdrv/usbdrv.o
 .data          0x00000000        0x0 usbdrv/usbdrv.o
 .bss           0x00000000        0x0 usbdrv/usbdrv.o
 .data          0x00000000        0x0 usbdrv/usbdrvasm.o
 .bss           0x00000000        0x0 usbdrv/usbdrvasm.o
 .text          0x00000000        0x0 ws2812.o
 .data          0x00000000        0x0 ws2812.o
 .bss           0x00000000        0x0 ws2812.o
 .text.WS2812SetHSV
                0x00000000      0x182 ws2812.o
 .text.WS2812Send
                0x00000000      0x1d0 ws2812.o
 .text          0x00000000        0x0 c:/program files (x86)/atmel/studio/7.0/toolchain/avr8/avr8-gnu-toolchain/bin/../lib/gcc/avr/5.4.0/avr5\libgcc.a(_exit.o)
 .data          0x00000000        0x0 c:/program files (x86)/atmel/studio/7.0/toolchain/avr8/avr8-gnu-toolchain/bin/../lib/gcc/avr/5.4.0/avr5\libgcc.a(_exit.o)
 .bss           0x00000000        0x0 c:/program files (x86)/atmel/studio/7.0/toolchain/avr8/avr8-gnu-toolchain/bin/../lib/gcc/avr/5.4.0/avr5\libgcc.a(_exit.o)
 .text.libgcc.mul
                0x00000000        0x0 c:/program files (x86)/atmel/studio/7.0/toolchain/avr8/avr8-gnu-toolchain/bin/../lib/gcc/avr/5.4.0/avr5\libgcc.a(_exit.o)
 .text.libgcc.div
                0x00000000        0x0 c:/program files (x86)/atmel/studio/7.0/toolchain/avr8/avr8-gnu-toolchain/bin/../lib/gcc/avr/5.4.0/avr5\libgcc.a(_exit.o)
 .text.libgcc   0x00000000        0x0 c:/program files (x86)/atmel/studio/7.0/toolchain/avr8/avr8-gnu-toolchain/bin/../lib/gcc/avr/5.4.0/avr5\libgcc.a(_exit.o)
 .text.libgcc.prologue
                0x00000000        0x0 c:/program files (x86)/atmel/studio/7.0/toolchain/avr8/avr8-gnu-toolchain/bin/../lib/gcc/avr/5.4.0/avr5\libgcc.a(_exit.o)
 .text.libgcc.builtins
                0x00000000        0x0 c:/program files (x86)/atmel/studio/7.0/toolchain/avr8/avr8-gnu-toolchain/bin/../lib/gcc/avr/5.4.0/avr5\libgcc.a(_exit.o)
 .text.libgcc.fmul
                0x00000000        0x0 c:/program files (x86)/atmel/studio/7.0/toolchain/avr8/avr8-gnu-toolchain/bin/../lib/gcc/avr/5.4.0/avr5\libgcc.a(_exit.o)
 .text.libgcc.fixed
                0x00000000        0x0 c:/program files (x86)/atmel/studio/7.0/toolchain/avr8/avr8-gnu-toolchain/bin/../lib/gcc/avr/5.4.0/avr5\libgcc.a(_exit.o)
 .text          0x00000000        0x0 c:/program files (x86)/atmel/studio/7.0/toolchain/avr8/avr8-gnu-toolchain/bin/../lib/gcc/avr/5.4.0/avr5\libgcc.a(_tablejump2.o)
 .data          0x00000000        0x0 c:/program files (x86)/atmel/studio/7.0/toolchain/avr8/avr8-gnu-toolchain/bin/../lib/gcc/avr/5.4.0/avr5\libgcc.a(_tablejump2.o)
 .bss           0x00000000        0x0 c:/program files (x86)/atmel/studio/7.0/toolchain/avr8/avr8-gnu-toolchain/bin/../lib/gcc/avr/5.4.0/avr5\libgcc.a(_tablejump2.o)
 .text.libgcc.mul
                0x00000000        0x0 c:/program files (x86)/atmel/studio/7.0/toolchain/avr8/avr8-gnu-toolchain/bin/../lib/gcc/avr/5.4.0/avr5\libgcc.a(_tablejump2.o)
 .text.libgcc.div
                0x00000000        0x0 c:/program files (x86)/atmel/studio/7.0/toolchain/avr8/avr8-gnu-toolchain/bin/../lib/gcc/avr/5.4.0/avr5\libgcc.a(_tablejump2.o)
 .text.libgcc.prologue
                0x00000000        0x0 c:/program files (x86)/atmel/studio/7.0/toolchain/avr8/avr8-gnu-toolchain/bin/../lib/gcc/avr/5.4.0/avr5\libgcc.a(_tablejump2.o)
 .text.libgcc.builtins
                0x00000000        0x0 c:/program files (x86)/atmel/studio/7.0/toolchain/avr8/avr8-gnu-toolchain/bin/../lib/gcc/avr/5.4.0/avr5\libgcc.a(_tablejump2.o)
 .text.libgcc.fmul
                0x00000000        0x0 c:/program files (x86)/atmel/studio/7.0/toolchain/avr8/avr8-gnu-toolchain/bin/../lib/gcc/avr/5.4.0/avr5\libgcc.a(_tablejump2.o)
 .text.libgcc.fixed
                0x00000000        0x0 c:/program files (x86)/atmel/studio/7.0/toolchain/avr8/avr8-gnu-toolchain/bin/../lib/gcc/avr/5.4.0/avr5\libgcc.a(_tablejump2.o)
 .text          0x00000000        0x0 c:/program files (x86)/atmel/studio/7.0/toolchain/avr8/avr8-gnu-toolchain/bin/../lib/gcc/avr/5.4.0/avr5\libgcc.a(_copy_data.o)
 .data          0x00000000        0x0 c:/program files (x86)/atmel/studio/7.0/toolchain/avr8/avr8-gnu-toolchain/bin/../lib/gcc/avr/5.4.0/avr5\libgcc.a(_copy_data.o)
 .bss           0x00000000        0x0 c:/program files (x86)/atmel/studio/7.0/toolchain/avr8/avr8-gnu-toolchain/bin/../lib/gcc/avr/5.4.0/avr5\libgcc.a(_copy_data.o)
 .text.libgcc.mul
                0x00000000        0x0 c:/program files (x86)/atmel/studio/7.0/toolchain/avr8/avr8-gnu-toolchain/bin/../lib/gcc/avr/5.4.0/avr5\libgcc.a(_copy_data.o)
 .text.libgcc.div
                0x00000000        0x0 c:/program files (x86)/atmel/studio/7.0/toolchain/avr8/avr8-gnu-toolchain/bin/../lib/gcc/avr/5.4.0/avr5\libgcc.a(_copy_data.o)
 .text.libgcc   0x00000000        0x0 c:/program files (x86)/atmel/studio/7.0/toolchain/avr8/avr8-gnu-toolchain/bin/../lib/gcc/avr/5.4.0/avr5\libgcc.a(_copy_data.o)
 .text.libgcc.prologue
                0x00000000        0x0 c:/program files (x86)/atmel/studio/7.0/toolchain/avr8/avr8-gnu-toolchain/bin/../lib/gcc/avr/5.4.0/avr5\libgcc.a(_copy_data.o)
 .text.libgcc.builtins
                0x00000000        0x0 c:/program files (x86)/atmel/studio/7.0/toolchain/avr8/avr8-gnu-toolchain/bin/../lib/gcc/avr/5.4.0/avr5\libgcc.a(_copy_data.o)
 .text.libgcc.fmul
                0x00000000        0x0 c:/program files (x86)/atmel/studio/7.0/toolchain/avr8/avr8-gnu-toolchain/bin/../lib/gcc/avr/5.4.0/avr5\libgcc.a(_copy_data.o)
 .text.libgcc.fixed
                0x00000000        0x0 c:/program files (x86)/atmel/studio/7.0/toolchain/avr8/avr8-gnu-toolchain/bin/../lib/gcc/avr/5.4.0/avr5\libgcc.a(_copy_data.o)
 .text          0x00000000        0x0 c:/program files (x86)/atmel/studio/7.0/toolchain/avr8/avr8-gnu-toolchain/bin/../lib/gcc/avr/5.4.0/avr5\libgcc.a(_clear_bss.o)
 .data          0x00000000        0x0 c:/program files (x86)/atmel/studio/7.0/toolchain/avr8/avr8-gnu-toolchain/bin/../lib/gcc/avr/5.4.0/avr5\libgcc.a(_clear_bss.o)
 .bss           0x00000000        0x0 c:/program files (x86)/atmel/studio/7.0/toolchain/avr8/avr8-gnu-toolchain/bin/../lib/gcc/avr/5.4.0/avr5\libgcc.a(_clear_bss.o)
 .text.libgcc.mul
                0x00000000        0x0 c:/program files (x86)/atmel/studio/7.0/toolchain/avr8/avr8-gnu-toolchain/bin/../lib/gcc/avr/5.4.0/avr5\libgcc.a(_clear_bss.o)
 .text.libgcc.div
                0x00000000        0x0 c:/program files (x86)/atmel/studio/7.0/toolchain/avr8/avr8-gnu-toolchain/bin/../lib/gcc/avr/5.4.0/avr5\libgcc.a(_clear_bss.o)
 .text.libgcc   0x00000000        0x0 c:/program files (x86)/atmel/studio/7.0/toolchain/avr8/avr8-gnu-toolchain/bin/../lib/gcc/avr/5.4.0/avr5\libgcc.a(_clear_bss.o)
 .text.libgcc.prologue
                0x00000000        0x0 c:/program files (x86)/atmel/studio/7.0/toolchain/avr8/avr8-gnu-toolchain/bin/../lib/gcc/avr/5.4.0/avr5\libgcc.a(_clear_bss.o)
 .text.libgcc.builtins
                0x00000000        0x0 c:/program files (x86)/atmel/studio/7.0/toolchain/avr8/avr8-gnu-toolchain/bin/../lib/gcc/avr/5.4.0/avr5\libgcc.a(_clear_bss.o)
 .text.libgcc.fmul
                0x00000000        0x0 c:/program files (x86)/atmel/studio/7.0/toolchain/avr8/avr8-gnu-toolchain/bin/../lib/gcc/avr/5.4.0/avr5\libgcc.a(_clear_bss.o)
 .text.libgcc.fixed
                0x00000000        0x0 c:/program files (x86)/atmel/studio/7.0/toolchain/avr8/avr8-gnu-toolchain/bin/../lib/gcc/avr/5.4.0/avr5\libgcc.a(_clear_bss.o)
 .text          0x00000000        0x0 c:/program files (x86)/atmel/studio/7.0/toolchain/avr8/avr8-gnu-toolchain/bin/../lib/gcc/avr/5.4.0/avr5\libgcc.a(_umulhisi3.o)
 .data          0x00000000        0x0 c:/program files (x86)/atmel/studio/7.0/toolchain/avr8/avr8-gnu-toolchain/bin/../lib/gcc/avr/5.4.0/avr5\libgcc.a(_umulhisi3.o)
 .bss           0x00000000        0x0 c:/program files (x86)/atmel/studio/7.0/toolchain/avr8/avr8-gnu-toolchain/bin/../lib/gcc/avr/5.4.0/avr5\libgcc.a(_umulhisi3.o)
 .text.libgcc.div
                0x00000000        0x0 c:/program files (x86)/atmel/studio/7.0/toolchain/avr8/avr8-gnu-toolchain/bin/../lib/gcc/avr/5.4.0/avr5\libgcc.a(_umulhisi3.o)
 .text.libgcc   0x00000000        0x0 c:/program files (x86)/atmel/studio/7.0/toolchain/avr8/avr8-gnu-toolchain/bin/../lib/gcc/avr/5.4.0/avr5\libgcc.a(_umulhisi3.o)
 .text.libgcc.prologue
                0x00000000        0x0 c:/program files (x86)/atmel/studio/7.0/toolchain/avr8/avr8-gnu-toolchain/bin/../lib/gcc/avr/5.4.0/avr5\libgcc.a(_umulhisi3.o)
 .text.libgcc.builtins
                0x00000000        0x0 c:/program files (x86)/atmel/studio/7.0/toolchain/avr8/avr8-gnu-toolchain/bin/../lib/gcc/avr/5.4.0/avr5\libgcc.a(_umulhisi3.o)
 .text.libgcc.fmul
                0x00000000        0x0 c:/program files (x86)/atmel/studio/7.0/toolchain/avr8/avr8-gnu-toolchain/bin/../lib/gcc/avr/5.4.0/avr5\libgcc.a(_umulhisi3.o)
 .text.libgcc.fixed
                0x00000000        0x0 c:/program files (x86)/atmel/studio/7.0/toolchain/avr8/avr8-gnu-toolchain/bin/../lib/gcc/avr/5.4.0/avr5\libgcc.a(_umulhisi3.o)
 .text          0x00000000        0x0 c:/program files (x86)/atmel/studio/7.0/toolchain/avr8/avr8-gnu-toolchain/bin/../lib/gcc/avr/5.4.0/../../../../avr/lib/avr5\libatmega32a.a(eerd_byte.o)
 .data          0x00000000        0x0 c:/program files (x86)/atmel/studio/7.0/toolchain/avr8/avr8-gnu-toolchain/bin/../lib/gcc/avr/5.4.0/../../../../avr/lib/avr5\libatmega32a.a(eerd_byte.o)
 .bss           0x00000000        0x0 c:/program files (x86)/atmel/studio/7.0/toolchain/avr8/avr8-gnu-toolchain/bin/../lib/gcc/avr/5.4.0/../../../../avr/lib/avr5\libatmega32a.a(eerd_byte.o)
 .text          0x00000000        0x0 c:/program files (x86)/atmel/studio/7.0/toolchain/avr8/avr8-gnu-toolchain/bin/../lib/gcc/avr/5.4.0/../../../../avr/lib/avr5\libatmega32a.a(eerd_word.o)
 .data          0x00000000        0x0 c:/program files (x86)/atmel/studio/7.0/toolchain/avr8/avr8-gnu-toolchain/bin/../lib/gcc/avr/5.4.0/../../../../avr/lib/avr5\libatmega32a.a(eerd_word.o)
 .bss           0x00000000        0x0 c:/program files (x86)/atmel/studio/7.0/toolchain/avr8/avr8-gnu-toolchain/bin/../lib/gcc/avr/5.4.0/../../../../avr/lib/avr5\libatmega32a.a(eerd_word.o)
 .text          0x00000000        0x0 c:/program files (x86)/atmel/studio/7.0/toolchain/avr8/avr8-gnu-toolchain/bin/../lib/gcc/avr/5.4.0/../../../../avr/lib/avr5\libatmega32a.a(eewr_word.o)
 .data          0x00000000        0x0 c:/program files (x86)/atmel/studio/7.0/toolchain/avr8/avr8-gnu-toolchain/bin/../lib/gcc/avr/5.4.0/../../../../avr/lib/avr5\libatmega32a.a(eewr_word.o)
 .bss           0x00000000        0x0 c:/program files (x86)/atmel/studio/7.0/toolchain/avr8/avr8-gnu-toolchain/bin/../lib/gcc/avr/5.4.0/../../../../avr/lib/avr5\libatmega32a.a(eewr_word.o)
 .text          0x00000000        0x0 c:/program files (x86)/atmel/studio/7.0/toolchain/avr8/avr8-gnu-toolchain/bin/../lib/gcc/avr/5.4.0/../../../../avr/lib/avr5\libatmega32a.a(eerd_block.o)
 .data          0x00000000        0x0 c:/program files (x86)/atmel/studio/7.0/toolchain/avr8/avr8-gnu-toolchain/bin/../lib/gcc/avr/5.4.0/../../../../avr/lib/avr5\libatmega32a.a(eerd_block.o)
 .bss           0x00000000        0x0 c:/program files (x86)/atmel/studio/7.0/toolchain/avr8/avr8-gnu-toolchain/bin/../lib/gcc/avr/5.4.0/../../../../avr/lib/avr5\libatmega32a.a(eerd_block.o)
 .text          0x00000000        0x0 c:/program files (x86)/atmel/studio/7.0/toolchain/avr8/avr8-gnu-toolchain/bin/../lib/gcc/avr/5.4.0/../../../../avr/lib/avr5\libatmega32a.a(eewr_byte.o)
 .data          0x00000000        0x0 c:/program files (x86)/atmel/studio/7.0/toolchain/avr8/avr8-gnu-toolchain/bin/../lib/gcc/avr/5.4.0/../../../../avr/lib/avr5\libatmega32a.a(eewr_byte.o)
 .bss           0x00000000        0x0 c:/program files (x86)/atmel/studio/7.0/toolchain/avr8/avr8-gnu-toolchain/bin/../lib/gcc/avr/5.4.0/../../../../avr/lib/avr5\libatmega32a.a(eewr_byte.o)

Memory Configuration

Name             Origin             Length             Attributes
text             0x00000000         0x00008000         xr
data             0x00800060         0x00000800         rw !x
eeprom           0x00810000         0x00000400         rw !x
fuse             0x00820000         0x00000002         rw !x
lock             0x00830000         0x00000400         rw !x
signature        0x00840000         0x00000400         rw !x
user_signatures  0x00850000         0x00000400         rw !x
*default*        0x00000000         0xffffffff

Linker script and memory map

LOAD c:/program files (x86)/atmel/studio/7.0/toolchain/avr8/avr8-gnu-toolchain/bin/../lib/gcc/avr/5.4.0/../../../../avr/lib/avr5/crtatmega32a.o
LOAD Functions.o
LOAD main.o
LOAD matrix/bface60_v2_1.o
LOAD usbdevice.o
LOAD usbdrv/oddebug.o
LOAD usbdrv/usbdrv.o
LOAD usbdrv/usbdrvasm.o
LOAD ws2812.o
START GROUP
LOAD c:/program files (x86)/atmel/studio/7.0/toolchain/avr8/avr8-gnu-toolchain/bin/../lib/gcc/avr/5.4.0/../../../../avr/lib/avr5\libm.a
END GROUP
START GROUP
LOAD c:/program files (x86)/atmel/studio/7.0/toolchain/avr8/avr8-gnu-toolchain/bin/../lib/gcc/avr/5.4.0/avr5\libgcc.a
LOAD c:/program files (x86)/atmel/studio/7.0/toolchain/avr8/avr8-gnu-toolchain/bin/../lib/gcc/avr/5.4.0/../../../../avr/lib/avr5\libm.a
LOAD c:/program files (x86)/atmel/studio/7.0/toolchain/avr8/avr8-gnu-toolchain/bin/../lib/gcc/avr/5.4.0/../../../../avr/lib/avr5\libc.a
LOAD c:/program files (x86)/atmel/studio/7.0/toolchain/avr8/avr8-gnu-toolchain/bin/../lib/gcc/avr/5.4.0/../../../../avr/lib/avr5\libatmega32a.a
END GROUP
                [0x00000000]                __TEXT_REGION_ORIGIN__ = DEFINED (__TEXT_REGION_ORIGIN__)?__TEXT_REGION_ORIGIN__:0x0
                [0x00800060]                __DATA_REGION_ORIGIN__ = DEFINED (__DATA_REGION_ORIGIN__)?__DATA_REGION_ORIGIN__:0x800060
                [0x00008000]                __TEXT_REGION_LENGTH__ = DEFINED (__TEXT_REGION_LENGTH__)?__TEXT_REGION_LENGTH__:0x20000
                [0x00000800]                __DATA_REGION_LENGTH__ = DEFINED (__DATA_REGION_LENGTH__)?__DATA_REGION_LENGTH__:0xffa0
                [0x00000400]                __EEPROM_REGION_LENGTH__ = DEFINED (__EEPROM_REGION_LENGTH__)?__EEPROM_REGION_LENGTH__:0x10000
                [0x00000002]                __FUSE_REGION_LENGTH__ = DEFINED (__FUSE_REGION_LENGTH__)?__FUSE_REGION_LENGTH__:0x400
                0x00000400                __LOCK_REGION_LENGTH__ = DEFINED (__LOCK_REGION_LENGTH__)?__LOCK_REGION_LENGTH__:0x400
                0x00000400                __SIGNATURE_REGION_LENGTH__ = DEFINED (__SIGNATURE_REGION_LENGTH__)?__SIGNATURE_REGION_LENGTH__:0x400
                0x00000400                __USER_SIGNATURE_REGION_LENGTH__ = DEFINED (__USER_SIGNATURE_REGION_LENGTH__)?__USER_SIGNATURE_REGION_LENGTH__:0x400

.hash
 *(.hash)

.dynsym
 *(.dynsym)

.dynstr
 *(.dynstr)

.gnu.version
 *(.gnu.version)

.gnu.version_d
 *(.gnu.version_d)

.gnu.version_r
 *(.gnu.version_r)

.rel.init
 *(.rel.init)

.rela.init
 *(.rela.init)

.rel.text
 *(.rel.text)
 *(.rel.text.*)
 *(.rel.gnu.linkonce.t*)

.rela.text
 *(.rela.text)
 *(.rela.text.*)
 *(.rela.gnu.linkonce.t*)

.rel.fini
 *(.rel.fini)

.rela.fini
 *(.rela.fini)

.rel.rodata
 *(.rel.rodata)
 *(.rel.rodata.*)
 *(.rel.gnu.linkonce.r*)

.rela.rodata
 *(.rela.rodata)
 *(.rela.rodata.*)
 *(.rela.gnu.linkonce.r*)

.rel.data
 *(.rel.data)
 *(.rel.data.*)
 *(.rel.gnu.linkonce.d*)

.rela.data
 *(.rela.data)
 *(.rela.data.*)
 *(.rela.gnu.linkonce.d*)

.rel.ctors
 *(.rel.ctors)

.rela.ctors
 *(.rela.ctors)

.rel.dtors
 *(.rel.dtors)

.rela.dtors
 *(.rela.dtors)

.rel.got
 *(.rel.got)

.rela.got
 *(.rela.got)

.rel.bss
 *(.rel.bss)

.rela.bss
 *(.rela.bss)

.rel.plt
 *(.rel.plt)

.rela.plt
 *(.rela.plt)

.text           0x00000000     0x2bdc
 *(.vectors)
 .vectors       0x00000000       0x54 c:/program files (x86)/atmel/studio/7.0/toolchain/avr8/avr8-gnu-toolchain/bin/../lib/gcc/avr/5.4.0/../../../../avr/lib/avr5/crtatmega32a.o
                0x00000000                __vector_default
                0x00000000                __vectors
 *(.vectors)
 *(.progmem.gcc*)
 .progmem.gcc_sw_table.pinMode
                0x00000054       0x40 Functions.o
 .progmem.gcc_sw_table.digitalWrite
                0x00000094       0x40 Functions.o
 .progmem.gcc_sw_table.digitalRead
                0x000000d4       0x40 Functions.o
                0x00000114                . = ALIGN (0x2)
                0x00000114                __trampolines_start = .
 *(.trampolines)
 .trampolines   0x00000114        0x0 linker stubs
 *(.trampolines*)
                0x00000114                __trampolines_end = .
 *libprintf_flt.a:*(.progmem.data)
 *libc.a:*(.progmem.data)
 *(.progmem*)
 .progmem.data.usbDescriptorConfiguration
                0x00000114       0x54 usbdrv/usbdrv.o
                0x00000114                usbDescriptorConfiguration
 .progmem.data.usbDescriptorDevice
                0x00000168       0x12 usbdrv/usbdrv.o
                0x00000168                usbDescriptorDevice
 .progmem.data.usbDescriptorStringDevice
                0x0000017a       0x18 usbdrv/usbdrv.o
                0x0000017a                usbDescriptorStringDevice
 .progmem.data.usbDescriptorStringVendor
                0x00000192        0xa usbdrv/usbdrv.o
                0x00000192                usbDescriptorStringVendor
 .progmem.data.usbDescriptorString0
                0x0000019c        0x4 usbdrv/usbdrv.o
                0x0000019c                usbDescriptorString0
 .progmem.data.RawReport
                0x000001a0       0x15 usbdrv/usbdrv.o
                0x000001a0                RawReport
 .progmem.data.MouseReport
                0x000001b5       0x84 usbdrv/usbdrv.o
                0x000001b5                MouseReport
 .progmem.data.KeyboardReport
                0x00000239       0x40 usbdrv/usbdrv.o
                0x00000239                KeyboardReport
 .progmem.data.Bcolors
                0x00000279      0x200 ws2812.o
                0x00000279                Bcolors
 .progmem.data.Gcolors
                0x00000479      0x200 ws2812.o
                0x00000479                Gcolors
 .progmem.data.Rcolors
                0x00000679      0x200 ws2812.o
                0x00000679                Rcolors
                0x0000087a                . = ALIGN (0x2)
 *fill*         0x00000879        0x1 
 *(.jumptables)
 *(.jumptables*)
 *(.lowtext)
 *(.lowtext*)
                0x0000087a                __ctors_start = .
 *(.ctors)
                0x0000087a                __ctors_end = .
                0x0000087a                __dtors_start = .
 *(.dtors)
                0x0000087a                __dtors_end = .
 SORT(*)(.ctors)
 SORT(*)(.dtors)
 *(.init0)
 .init0         0x0000087a        0x0 c:/program files (x86)/atmel/studio/7.0/toolchain/avr8/avr8-gnu-toolchain/bin/../lib/gcc/avr/5.4.0/../../../../avr/lib/avr5/crtatmega32a.o
                0x0000087a                __init
 *(.init0)
 *(.init1)
 *(.init1)
 *(.init2)
 .init2         0x0000087a        0xc c:/program files (x86)/atmel/studio/7.0/toolchain/avr8/avr8-gnu-toolchain/bin/../lib/gcc/avr/5.4.0/../../../../avr/lib/avr5/crtatmega32a.o
 *(.init2)
 *(.init3)
 *(.init3)
 *(.init4)
 .init4         0x00000886       0x16 c:/program files (x86)/atmel/studio/7.0/toolchain/avr8/avr8-gnu-toolchain/bin/../lib/gcc/avr/5.4.0/avr5\libgcc.a(_copy_data.o)
                0x00000886                __do_copy_data
 .init4         0x0000089c       0x10 c:/program files (x86)/atmel/studio/7.0/toolchain/avr8/avr8-gnu-toolchain/bin/../lib/gcc/avr/5.4.0/avr5\libgcc.a(_clear_bss.o)
                0x0000089c                __do_clear_bss
 *(.init4)
 *(.init5)
 *(.init5)
 *(.init6)
 *(.init6)
 *(.init7)
 *(.init7)
 *(.init8)
 *(.init8)
 *(.init9)
 .init9         0x000008ac        0x8 c:/program files (x86)/atmel/studio/7.0/toolchain/avr8/avr8-gnu-toolchain/bin/../lib/gcc/avr/5.4.0/../../../../avr/lib/avr5/crtatmega32a.o
 *(.init9)
 *(.text)
 .text          0x000008b4        0x4 c:/program files (x86)/atmel/studio/7.0/toolchain/avr8/avr8-gnu-toolchain/bin/../lib/gcc/avr/5.4.0/../../../../avr/lib/avr5/crtatmega32a.o
                0x000008b4                __vector_12
                0x000008b4                __bad_interrupt
                0x000008b4                __vector_6
                0x000008b4                __vector_3
                0x000008b4                __vector_11
                0x000008b4                __vector_13
                0x000008b4                __vector_17
                0x000008b4                __vector_19
                0x000008b4                __vector_7
                0x000008b4                __vector_5
                0x000008b4                __vector_4
                0x000008b4                __vector_9
                0x000008b4                __vector_2
                0x000008b4                __vector_15
                0x000008b4                __vector_8
                0x000008b4                __vector_14
                0x000008b4                __vector_10
                0x000008b4                __vector_16
                0x000008b4                __vector_18
                0x000008b4                __vector_20
 .text          0x000008b8      0x290 usbdrv/usbdrvasm.o
                0x000008b8                usbCrc16
                0x000008e2                usbCrc16Append
                0x000008ea                __vector_1
                0x00000b48                . = ALIGN (0x2)
 *(.text.*)
 .text.usb_keyboard_send2
                0x00000b48       0x98 Functions.o
                0x00000b48                usb_keyboard_send2
 .text.usb_mouse_send_required
                0x00000be0       0x7c Functions.o
                0x00000be0                usb_mouse_send_required
 .text.usb_keyboard_send_required
                0x00000c5c       0x96 Functions.o
                0x00000c5c                usb_keyboard_send_required
 .text.usb_mouse_send
                0x00000cf2       0x7e Functions.o
                0x00000cf2                usb_mouse_send
 .text.usb_update
                0x00000d70       0x4a Functions.o
                0x00000d70                usb_update
 .text.IsBufferClear
                0x00000dba       0x6a Functions.o
                0x00000dba                IsBufferClear
 .text.ClearMouse
                0x00000e24       0x40 Functions.o
                0x00000e24                ClearMouse
 .text.ClearKeyboard
                0x00000e64       0x30 Functions.o
                0x00000e64                ClearKeyboard
 .text.ClearRaw
                0x00000e94       0x1e Functions.o
                0x00000e94                ClearRaw
 .text.presskey
                0x00000eb2       0x7e Functions.o
                0x00000eb2                presskey
 .text.pressModifierKeys
                0x00000f30        0xc Functions.o
                0x00000f30                pressModifierKeys
 .text.pressmousekey
                0x00000f3c        0xc Functions.o
                0x00000f3c                pressmousekey
 .text.presssystemkey
                0x00000f48        0xc Functions.o
                0x00000f48                presssystemkey
 .text.pressconsumerkey
                0x00000f54       0x4c Functions.o
                0x00000f54                pressconsumerkey
 .text.releaseAllmousekeys
                0x00000fa0       0x10 Functions.o
                0x00000fa0                releaseAllmousekeys
 .text.releaseAllkeyboardkeys
                0x00000fb0       0x14 Functions.o
                0x00000fb0                releaseAllkeyboardkeys
 .text.ResetMatrixFormEEP
                0x00000fc4      0x44e Functions.o
                0x00000fc4                ResetMatrixFormEEP
 .text.usbFunctionWriteOut
                0x00001412       0xfe Functions.o
                0x00001412                usbFunctionWriteOut
 .text.pinMode  0x00001510      0x1c8 Functions.o
                0x00001510                pinMode
 .text.digitalWrite
                0x000016d8      0x1c8 Functions.o
                0x000016d8                digitalWrite
 .text.digitalRead
                0x000018a0       0xd6 Functions.o
                0x000018a0                digitalRead
 .text.pressmacrokey
                0x00001976      0x118 Functions.o
                0x00001976                pressmacrokey
 .text.usb_macro_send_required
                0x00001a8e       0x18 Functions.o
                0x00001a8e                usb_macro_send_required
 .text.keyPrintChinese
                0x00001aa6       0xe2 Functions.o
                0x00001aa6                keyPrintChinese
 .text.keyPrintWordEEP
                0x00001b88      0x25e Functions.o
                0x00001b88                keyPrintWordEEP
 .text.startup.main
                0x00001de6        0x4 main.o
                0x00001de6                main
 .text.init_cols
                0x00001dea       0x36 matrix/bface60_v2_1.o
                0x00001dea                init_cols
 .text.init_rows
                0x00001e20       0x36 matrix/bface60_v2_1.o
                0x00001e20                init_rows
 .text.Open_LED
                0x00001e56       0x24 matrix/bface60_v2_1.o
                0x00001e56                Open_LED
 .text.Close_LED
                0x00001e7a       0x24 matrix/bface60_v2_1.o
                0x00001e7a                Close_LED
 .text.init_LED
                0x00001e9e       0x5e matrix/bface60_v2_1.o
                0x00001e9e                init_LED
 .text.LED      0x00001efc      0x190 matrix/bface60_v2_1.o
                0x00001efc                LED
 .text.BfaceMod
                0x0000208c      0x36a matrix/bface60_v2_1.o
                0x0000208c                BfaceMod
 .text.init_main
                0x000023f6       0xea matrix/bface60_v2_1.o
                0x000023f6                init_main
 .text.usb_init
                0x000024e0       0x4a usbdevice.o
                0x000024e0                usb_init
 .text.usbFunctionSetup
                0x0000252a       0x76 usbdevice.o
                0x0000252a                usbFunctionSetup
 .text.usbFunctionWrite
                0x000025a0       0x18 usbdevice.o
                0x000025a0                usbFunctionWrite
 .text.usbFunctionDescriptor
                0x000025b8       0xb6 usbdrv/usbdrv.o
                0x000025b8                usbFunctionDescriptor
 .text.usbSetInterrupt
                0x0000266e       0x4c usbdrv/usbdrv.o
                0x0000266e                usbSetInterrupt
 .text.usbSetInterrupt3
                0x000026ba       0x4c usbdrv/usbdrv.o
                0x000026ba                usbSetInterrupt3
 .text.usbPoll  0x00002706      0x3b6 usbdrv/usbdrv.o
                0x00002706                usbPoll
 .text.usbInit  0x00002abc       0x26 usbdrv/usbdrv.o
                0x00002abc                usbInit
 .text.WS2812Setup
                0x00002ae2        0x4 ws2812.o
                0x00002ae2                WS2812Setup
 .text.WS2812Clear
                0x00002ae6       0x10 ws2812.o
                0x00002ae6                WS2812Clear
 .text.WS2812SetRGB
                0x00002af6       0x18 ws2812.o
                0x00002af6                WS2812SetRGB
 .text.WS2812Send2
                0x00002b0e       0x40 ws2812.o
                0x00002b0e                WS2812Send2
 .text.libgcc   0x00002b4e        0xc c:/program files (x86)/atmel/studio/7.0/toolchain/avr8/avr8-gnu-toolchain/bin/../lib/gcc/avr/5.4.0/avr5\libgcc.a(_tablejump2.o)
                0x00002b4e                __tablejump2__
 .text.libgcc.mul
                0x00002b5a       0x1e c:/program files (x86)/atmel/studio/7.0/toolchain/avr8/avr8-gnu-toolchain/bin/../lib/gcc/avr/5.4.0/avr5\libgcc.a(_umulhisi3.o)
                0x00002b5a                __umulhisi3
 .text.avr-libc
                0x00002b78       0x10 c:/program files (x86)/atmel/studio/7.0/toolchain/avr8/avr8-gnu-toolchain/bin/../lib/gcc/avr/5.4.0/../../../../avr/lib/avr5\libatmega32a.a(eerd_byte.o)
                0x00002b78                eeprom_read_byte
 .text.avr-libc
                0x00002b88        0xc c:/program files (x86)/atmel/studio/7.0/toolchain/avr8/avr8-gnu-toolchain/bin/../lib/gcc/avr/5.4.0/../../../../avr/lib/avr5\libatmega32a.a(eerd_word.o)
                0x00002b88                eeprom_read_word
 .text.avr-libc
                0x00002b94        0xa c:/program files (x86)/atmel/studio/7.0/toolchain/avr8/avr8-gnu-toolchain/bin/../lib/gcc/avr/5.4.0/../../../../avr/lib/avr5\libatmega32a.a(eewr_word.o)
                0x00002b94                eeprom_write_word
 .text.avr-libc
                0x00002b9e       0x20 c:/program files (x86)/atmel/studio/7.0/toolchain/avr8/avr8-gnu-toolchain/bin/../lib/gcc/avr/5.4.0/../../../../avr/lib/avr5\libatmega32a.a(eerd_block.o)
                0x00002b9e                eeprom_read_block
                0x00002ba2                eeprom_read_blraw
 .text.avr-libc
                0x00002bbe       0x1a c:/program files (x86)/atmel/studio/7.0/toolchain/avr8/avr8-gnu-toolchain/bin/../lib/gcc/avr/5.4.0/../../../../avr/lib/avr5\libatmega32a.a(eewr_byte.o)
                0x00002bbe                eeprom_write_byte
                0x00002bc0                eeprom_write_r18
                0x00002bd8                . = ALIGN (0x2)
 *(.fini9)
 .fini9         0x00002bd8        0x0 c:/program files (x86)/atmel/studio/7.0/toolchain/avr8/avr8-gnu-toolchain/bin/../lib/gcc/avr/5.4.0/avr5\libgcc.a(_exit.o)
                0x00002bd8                _exit
                0x00002bd8                exit
 *(.fini9)
 *(.fini8)
 *(.fini8)
 *(.fini7)
 *(.fini7)
 *(.fini6)
 *(.fini6)
 *(.fini5)
 *(.fini5)
 *(.fini4)
 *(.fini4)
 *(.fini3)
 *(.fini3)
 *(.fini2)
 *(.fini2)
 *(.fini1)
 *(.fini1)
 *(.fini0)
 .fini0         0x00002bd8        0x4 c:/program files (x86)/atmel/studio/7.0/toolchain/avr8/avr8-gnu-toolchain/bin/../lib/gcc/avr/5.4.0/avr5\libgcc.a(_exit.o)
 *(.fini0)
                0x00002bdc                _etext = .

.data           0x00800060      0x134 load address 0x00002bdc
                0x00800060                PROVIDE (__data_start, .)
 *(.data)
 *(.data*)
 .data.cindex   0x00800060       0x28 matrix/bface60_v2_1.o
                0x00800060                cindex
 .data.ledPins  0x00800088        0x3 matrix/bface60_v2_1.o
                0x00800088                ledPins
 .data.colPins  0x0080008b        0xf matrix/bface60_v2_1.o
                0x0080008b                colPins
 .data.rowPins  0x0080009a        0x8 matrix/bface60_v2_1.o
                0x0080009a                rowPins
 .data.hexaKeys0
                0x008000a2       0x78 matrix/bface60_v2_1.o
                0x008000a2                hexaKeys0
 .data.keymask  0x0080011a       0x78 matrix/bface60_v2_1.o
                0x0080011a                keymask
 .data.usbMsgLen
                0x00800192        0x1 usbdrv/usbdrv.o
 .data.usbTxLen
                0x00800193        0x1 usbdrv/usbdrv.o
                0x00800193                usbTxLen
 *(.gnu.linkonce.d*)
 *(.rodata)
 *(.rodata*)
 *(.gnu.linkonce.r*)
                0x00800194                . = ALIGN (0x2)
                0x00800194                _edata = .
                0x00800194                PROVIDE (__data_end, .)

.bss            0x00800194      0x298
                0x00800194                PROVIDE (__bss_start, .)
 *(.bss)
 *(.bss*)
 .bss.i1        0x00800194        0x1 Functions.o
                0x00800194                i1
 .bss.kbuf_tail
                0x00800195        0x1 Functions.o
 .bss.kbuf_head
                0x00800196        0x1 Functions.o
 .bss.kbuf      0x00800197      0x100 Functions.o
 .bss.ledmacro  0x00800297        0x1 matrix/bface60_v2_1.o
                0x00800297                ledmacro
 .bss.delay_before
                0x00800298        0x1 matrix/bface60_v2_1.o
                0x00800298                delay_before
 .bss.delay_after
                0x00800299        0x1 matrix/bface60_v2_1.o
                0x00800299                delay_after
 .bss.hexaKeys1
                0x0080029a       0x78 matrix/bface60_v2_1.o
                0x0080029a                hexaKeys1
 .bss.vusb_idle_rate
                0x00800312        0x1 usbdevice.o
                0x00800312                vusb_idle_rate
 .bss.usbMsgFlags
                0x00800313        0x1 usbdrv/usbdrv.o
 *(COMMON)
 COMMON         0x00800314       0x92 Functions.o
                0x00800314                raw_report_out
                0x0080031c                keyboard_report
                0x00800324                raw_report_in
                0x0080032c                print_keyboard_report
                0x00800334                keyboard_buffer
                0x00800341                WS2812fix
                0x0080037d                mouse_report
                0x00800389                mouse_buffer
                0x00800394                print_mouse_report
                0x008003a0                macrobuffer
                0x008003a1                suspendedTimeCount
                0x008003a3                RGB_Type
                0x008003a4                macroreport
                0x008003a5                suspended
 COMMON         0x008003a6       0x42 matrix/bface60_v2_1.o
                0x008003a6                r
                0x008003a7                i
                0x008003a8                c
                0x008003a9                FN
                0x008003aa                WS2812Buffer
                0x008003e6                delayval
 COMMON         0x008003e8        0x2 usbdevice.o
                0x008003e8                rq
 COMMON         0x008003ea       0x42 usbdrv/usbdrv.o
                0x008003ea                usbTxBuf
                0x008003f5                usbTxStatus1
                0x00800401                usbDeviceAddr
                0x00800402                usbRxToken
                0x00800403                usbInputBufOffset
                0x00800404                usbMsgPtr
                0x00800406                usbRxLen
                0x00800407                usbNewDeviceAddr
                0x00800408                usbCurrentTok
                0x00800409                usbConfiguration
                0x0080040a                usbRxBuf
                0x00800420                usbTxStatus3
                0x0080042c                PROVIDE (__bss_end, .)
                0x00002bdc                __data_load_start = LOADADDR (.data)
                0x00002d10                __data_load_end = (__data_load_start + SIZEOF (.data))

.noinit         0x0080042c        0x0
                [!provide]                PROVIDE (__noinit_start, .)
 *(.noinit*)
                [!provide]                PROVIDE (__noinit_end, .)
                0x0080042c                _end = .
                [!provide]                PROVIDE (__heap_start, .)

.eeprom         0x00810000        0x0
 *(.eeprom*)
                0x00810000                __eeprom_end = .

.fuse
 *(.fuse)
 *(.lfuse)
 *(.hfuse)
 *(.efuse)

.lock
 *(.lock*)

.signature
 *(.signature*)

.user_signatures
 *(.user_signatures*)

.stab
 *(.stab)

.stabstr
 *(.stabstr)

.stab.excl
 *(.stab.excl)

.stab.exclstr
 *(.stab.exclstr)

.stab.index
 *(.stab.index)

.stab.indexstr
 *(.stab.indexstr)

.comment        0x00000000       0x30
 *(.comment)
 .comment       0x00000000       0x30 Functions.o
                                 0x31 (size before relaxing)
 .comment       0x00000030       0x31 main.o
 .comment       0x00000030       0x31 matrix/bface60_v2_1.o
 .comment       0x00000030       0x31 usbdevice.o
 .comment       0x00000030       0x31 usbdrv/usbdrv.o
 .comment       0x00000030       0x31 ws2812.o

.note.gnu.avr.deviceinfo
                0x00000000       0x3c
 .note.gnu.avr.deviceinfo
                0x00000000       0x3c c:/program files (x86)/atmel/studio/7.0/toolchain/avr8/avr8-gnu-toolchain/bin/../lib/gcc/avr/5.4.0/../../../../avr/lib/avr5/crtatmega32a.o

.note.gnu.build-id
 *(.note.gnu.build-id)

.debug
 *(.debug)

.line
 *(.line)

.debug_srcinfo
 *(.debug_srcinfo)

.debug_sfnames
 *(.debug_sfnames)

.debug_aranges  0x00000000      0x298
 *(.debug_aranges)
 .debug_aranges
                0x00000000      0x110 Functions.o
 .debug_aranges
                0x00000110       0x20 main.o
 .debug_aranges
                0x00000130       0x68 matrix/bface60_v2_1.o
 .debug_aranges
                0x00000198       0x58 usbdevice.o
 .debug_aranges
                0x000001f0       0x40 usbdrv/usbdrv.o
 .debug_aranges
                0x00000230       0x20 usbdrv/usbdrvasm.o
 .debug_aranges
                0x00000250       0x48 ws2812.o

.debug_pubnames
 *(.debug_pubnames)

.debug_info     0x00000000     0x51a0
 *(.debug_info .gnu.linkonce.wi.*)
 .debug_info    0x00000000      0x4e6 c:/program files (x86)/atmel/studio/7.0/toolchain/avr8/avr8-gnu-toolchain/bin/../lib/gcc/avr/5.4.0/../../../../avr/lib/avr5/crtatmega32a.o
 .debug_info    0x000004e6     0x1bb7 Functions.o
 .debug_info    0x0000209d      0x4bf main.o
 .debug_info    0x0000255c      0xe35 matrix/bface60_v2_1.o
 .debug_info    0x00003391      0x6fe usbdevice.o
 .debug_info    0x00003a8f      0xead usbdrv/usbdrv.o
 .debug_info    0x0000493c       0x7c usbdrv/usbdrvasm.o
 .debug_info    0x000049b8      0x7e8 ws2812.o

.debug_abbrev   0x00000000     0x14b2
 *(.debug_abbrev)
 .debug_abbrev  0x00000000      0x4a3 c:/program files (x86)/atmel/studio/7.0/toolchain/avr8/avr8-gnu-toolchain/bin/../lib/gcc/avr/5.4.0/../../../../avr/lib/avr5/crtatmega32a.o
 .debug_abbrev  0x000004a3      0x4d8 Functions.o
 .debug_abbrev  0x0000097b       0xdb main.o
 .debug_abbrev  0x00000a56      0x2c9 matrix/bface60_v2_1.o
 .debug_abbrev  0x00000d1f      0x279 usbdevice.o
 .debug_abbrev  0x00000f98      0x318 usbdrv/usbdrv.o
 .debug_abbrev  0x000012b0       0x14 usbdrv/usbdrvasm.o
 .debug_abbrev  0x000012c4      0x1ee ws2812.o

.debug_line     0x00000000     0x2ff2
 *(.debug_line .debug_line.* .debug_line_end)
 .debug_line    0x00000000       0x1a c:/program files (x86)/atmel/studio/7.0/toolchain/avr8/avr8-gnu-toolchain/bin/../lib/gcc/avr/5.4.0/../../../../avr/lib/avr5/crtatmega32a.o
 .debug_line    0x0000001a     0x138a Functions.o
 .debug_line    0x000013a4       0xbd main.o
 .debug_line    0x00001461      0x708 matrix/bface60_v2_1.o
 .debug_line    0x00001b69      0x2d0 usbdevice.o
 .debug_line    0x00001e39      0x617 usbdrv/usbdrv.o
 .debug_line    0x00002450      0x778 usbdrv/usbdrvasm.o
 .debug_line    0x00002bc8      0x42a ws2812.o

.debug_frame    0x00000000      0x644
 *(.debug_frame)
 .debug_frame   0x00000000      0x368 Functions.o
 .debug_frame   0x00000368       0x24 main.o
 .debug_frame   0x0000038c       0xe4 matrix/bface60_v2_1.o
 .debug_frame   0x00000470       0x94 usbdevice.o
 .debug_frame   0x00000504       0x80 usbdrv/usbdrv.o
 .debug_frame   0x00000584       0xc0 ws2812.o

.debug_str      0x00000000      0xdd7
 *(.debug_str)
 .debug_str     0x00000000      0x196 c:/program files (x86)/atmel/studio/7.0/toolchain/avr8/avr8-gnu-toolchain/bin/../lib/gcc/avr/5.4.0/../../../../avr/lib/avr5/crtatmega32a.o
 .debug_str     0x00000196      0x71c Functions.o
                                0x7a3 (size before relaxing)
 .debug_str     0x000008b2       0x16 main.o
                                0x3f3 (size before relaxing)
 .debug_str     0x000008c8      0x13c matrix/bface60_v2_1.o
                                0x6ce (size before relaxing)
 .debug_str     0x00000a04       0xc3 usbdevice.o
                                0x50b (size before relaxing)
 .debug_str     0x00000ac7      0x2a3 usbdrv/usbdrv.o
                                0x77d (size before relaxing)
 .debug_str     0x00000d6a       0x6d ws2812.o
                                0x4a6 (size before relaxing)

.debug_loc      0x00000000     0x34c2
 *(.debug_loc)
 .debug_loc     0x00000000     0x1b44 Functions.o
 .debug_loc     0x00001b44      0x24e matrix/bface60_v2_1.o
 .debug_loc     0x00001d92       0xb1 usbdevice.o
 .debug_loc     0x00001e43      0xfda usbdrv/usbdrv.o
 .debug_loc     0x00002e1d      0x6a5 ws2812.o

.debug_macinfo
 *(.debug_macinfo)

.debug_weaknames
 *(.debug_weaknames)

.debug_funcnames
 *(.debug_funcnames)

.debug_typenames
 *(.debug_typenames)

.debug_varnames
 *(.debug_varnames)

.debug_pubtypes
 *(.debug_pubtypes)

.debug_ranges   0x00000000      0x6a0
 *(.debug_ranges)
 .debug_ranges  0x00000000      0x2c0 Functions.o
 .debug_ranges  0x000002c0       0x10 main.o
 .debug_ranges  0x000002d0       0xa0 matrix/bface60_v2_1.o
 .debug_ranges  0x00000370       0x48 usbdevice.o
 .debug_ranges  0x000003b8      0x280 usbdrv/usbdrv.o
 .debug_ranges  0x00000638       0x68 ws2812.o

.debug_macro
 *(.debug_macro)
OUTPUT(Atmega32A_644PA.elf elf32-avr)
LOAD linker stubs
